cpu.h:11:20:cpu_sleep	0	static
ctrl.c:2358:21:pdu_len_cmp	56	static
ctrl.c:4431:13:ticker_if_done	0	static
ctrl.c:4675:13:prepare_reduced	0	static
ctrl.c:4688:13:prepare_normal	0	static
ctrl.c:5609:13:chan_sel_remap	16	static
ctrl.c:8679:20:packet_rx_acquired_count_get	0	static
ctrl.c:8692:41:packet_rx_reserve_get	8	static
ctrl.c:9102:14:conn_update_req	12	static
ctrl.c:8637:13:packet_rx_allocate	32	static
ctrl.c:526:13:common_init	8	static
ctrl.c:11037:13:tx_cmplt_get	40	static
ctrl.c:9670:27:connection_get	8	static
ctrl.c:9829:14:role_disable	48	static
ctrl.c:8456:13:rx_packet_set	24	static
ctrl.c:8487:13:tx_packet_set	24	static
ctrl.c:5089:13:sched_free_win_offset_calc	96	static
ctrl.c:5296:13:mayfly_sched_free_win_offset_calc	24	static
ctrl.c:5318:13:mayfly_sched_win_offset_select	64	static
ctrl.c:4933:13:sched_after_mstr_free_slot_get	80	static
ctrl.c:859:21:isr_adv_ci_adva_check	16	static
ctrl.c:1298:21:isr_scan_tgta_check	32	static
ctrl.c:11309:13:rx_fc_lock	0	static
ctrl.c:4436:13:ticker_success_assert	8	static
ctrl.c:4443:13:ticker_stop_adv_assert	8	static
ctrl.c:4468:13:ticker_stop_scan_assert	8	static
ctrl.c:4493:13:ticker_update_adv_assert	8	static
ctrl.c:4501:13:ticker_update_slave_assert	8	static
ctrl.c:11403:13:ticker_op_latency_cancelled	8	static
ctrl.c:4419:13:ticker_job_disable	0	static
ctrl.c:4750:28:hdr_conn_get	8	static
ctrl.c:5426:13:event_stop.part.10	8	static
ctrl.c:5426:13:event_stop	8	static
ctrl.c:4620:13:mayfly_xtal_retain.part.13	8	static
ctrl.c:4534:13:event_active	8	static
ctrl.c:4589:13:event_xtal	8	static
ctrl.c:4509:13:mayfly_radio_active	8	static
ctrl.c:4553:13:mayfly_radio_inactive	0	static
ctrl.c:5406:13:mayfly_radio_stop	8	static
ctrl.c:8899:13:pdu_node_tx_release	16	static
ctrl.c:8751:13:packet_tx_enqueue	32	static
ctrl.c:8920:13:connection_release	24	static
ctrl.c:5757:13:chan_set	8	static
ctrl.c:5919:13:adv_setup	16	static
ctrl.c:6243:13:ticker_stop_adv_stop	24	static
ctrl.c:5032:13:sched_after_mstr_free_offset_get	24	static
ctrl.c:5073:13:mayfly_sched_win_offset_use	16	static
ctrl.c:5065:13:mayfly_sched_after_mstr_free_offset_get	4	static
ctrl.c:8719:13:packet_rx_enqueue	8	static
ctrl.c:1189:14:isr_rx_scan_report	32	static
ctrl.c:6093:13:mayfly_adv_stop	8	static
ctrl.c:9025:13:terminate_ind_rx_enqueue	8	static
ctrl.c:4701:13:prepare_normal_set	48	static
ctrl.c:4725:14:preempt_calc	16	static
ctrl.c:5887:13:adv_scan_configure.constprop	24	static
ctrl.c:6350:13:event_scan	72	static
ctrl.c:5995:13:event_adv	16	static
ctrl.c:5426:13:event_stop.constprop	8	static
ctrl.c:5450:13:event_common_prepare	88	static
ctrl.c:5899:6:radio_event_adv_prepare	24	static
ctrl.c:6296:13:event_scan_prepare	32	static
ctrl.c:6272:6:event_adv_stop	16	static
ctrl.c:4775:13:mayfly_xtal_stop_calc	72	static
ctrl.c:4581:13:mayfly_xtal_start	0	static
ctrl.c:4608:13:mayfly_xtal_stop	0	static
ctrl.c:5707:13:chan_sel_2	20	static
ctrl.c:8827:13:ctrl_tx_enqueue	8	static
ctrl.c:8883:13:ctrl_tx_sec_enqueue	4	static
ctrl.c:9413:13:feature_rsp_send	24	static
ctrl.c:9313:13:start_enc_rsp_send	8	static
ctrl.c:9529:13:reject_ext_ind_send	16	static
ctrl.c:7890:13:event_connection_prepare	96	static
ctrl.c:8250:13:event_master_prepare	0	static
ctrl.c:8082:13:event_slave_prepare	0	static
ctrl.c:8072:13:connection_configure	8	static
ctrl.c:8092:13:event_slave	24	static
ctrl.c:8520:13:prepare_pdu_data_tx	24	static
ctrl.c:8260:13:event_master	32	static
ctrl.c:2419:1:isr_rx_conn_pkt_ctrl	40	static
ctrl.c:4342:13:isr	112	static
ctrl.c:356:7:radio_init	24	static
ctrl.c:477:16:radio_hf_clock_get	0	static
ctrl.c:482:6:ll_reset	16	static
ctrl.c:9645:6:ll_radio_state_abort	0	static
ctrl.c:9650:7:ll_radio_state_is_idle	0	static
ctrl.c:9655:6:radio_ticks_active_to_start_set	0	static
ctrl.c:9660:24:radio_adv_data_get	0	static
ctrl.c:9665:24:radio_scan_data_get	0	static
ctrl.c:10225:7:ll_adv_is_enabled	0	static
ctrl.c:10230:7:radio_adv_filter_pol_get	0	static
ctrl.c:10381:7:ll_scan_is_enabled	0	static
ctrl.c:10391:7:radio_scan_filter_pol_get	0	static
ctrl.c:10405:7:radio_connect_enable	56	static
ctrl.c:10570:7:ll_conn_update	24	static
ctrl.c:10652:7:ll_chm_update	24	static
ctrl.c:10687:7:ll_chm_get	24	static
ctrl.c:10778:7:ll_start_enc_req_send	16	static
ctrl.c:10828:7:ll_feature_req_send	8	static
ctrl.c:10843:7:ll_version_ind_send	8	static
ctrl.c:10858:7:ll_terminate_ind_send	8	static
ctrl.c:10874:7:ll_tx_pwr_lvl_get	8	static
ctrl.c:10908:7:ll_apto_get	8	static
ctrl.c:10922:7:ll_apto_set	8	static
ctrl.c:10939:7:ll_length_req_send	16	static
ctrl.c:10963:6:ll_length_default_get	0	static
ctrl.c:10969:7:ll_length_default_set	0	static
ctrl.c:10979:6:ll_length_max_get	8	static
ctrl.c:10990:7:ll_phy_get	16	static
ctrl.c:11006:7:ll_phy_default_set	0	static
ctrl.c:11016:7:ll_phy_req_send	32	static
ctrl.c:11091:6:ll_rx_get	32	static
ctrl.c:11236:6:ll_rx_mem_release	24	static
ctrl.c:11323:6:do_radio_rx_fc_set	8	static
ctrl.c:11353:6:radio_rx_fc_set	8	static
ctrl.c:11378:6:radio_rx_fc_get	0	static
ctrl.c:11393:7:ll_tx_mem_acquire	0	static
ctrl.c:11398:6:ll_tx_mem_release	0	static
ctrl.c:11412:7:ll_tx_mem_enqueue	56	static
ctrl.c:10708:7:ll_enc_req_send	32	static
ctrl.c:11457:32:ll_adv_scan_state_cb	0	static
ctrl.c:9936:7:radio_adv_enable	96	static
ctrl.c:10197:7:radio_adv_disable	16	static
ctrl.c:10244:7:radio_scan_enable	88	static
ctrl.c:10352:7:radio_scan_disable	16	static
ctrl.c:10557:7:ll_connect_disable	0	static
ctrl.c:11130:6:ll_rx_dequeue	24	static
