ll_filter.c:94:13:wl_find	24	static
ll_filter.c:350:13:filter_wl_update	24	static
ll_filter.c:612:12:rl_access_check.constprop	8	static
ll_filter.c:372:13:filter_rl_update	24	static
ll_filter.c:221:12:ctrl_lrpa_get	0	static
ll_filter.c:231:7:ctrl_irks_get	0	static
ll_filter.c:237:6:ctrl_rl_idx	16	static
ll_filter.c:254:6:ctrl_rl_irk_idx	16	static
ll_filter.c:266:7:ctrl_irk_whitelisted	16	static
ll_filter.c:278:19:ctrl_filter_get	0	static
ll_filter.c:291:7:ll_wl_size_get	0	static
ll_filter.c:296:7:ll_wl_clear	8	static
ll_filter.c:330:7:ll_wl_remove	16	static
ll_filter.c:385:6:ll_filters_adv_update	8	static
ll_filter.c:405:6:ll_filters_scan_update	8	static
ll_filter.c:425:6:ll_rl_find	32	static
ll_filter.c:312:7:ll_wl_add	32	static
ll_filter.c:444:7:ctrl_rl_idx_allowed	16	static
ll_filter.c:459:6:ll_rl_id_addr_get	24	static
ll_filter.c:468:7:ctrl_rl_addr_allowed	32	static
ll_filter.c:498:7:ctrl_rl_addr_resolve	12	static
ll_filter.c:513:7:ctrl_rl_enabled	0	static
ll_filter.c:624:6:ll_rl_rpa_update	72	static
ll_filter.c:677:13:rpa_timeout	8	static
ll_filter.c:702:6:ll_adv_scan_state_cb	0	static
ll_filter.c:711:7:ll_rl_size_get	0	static
ll_filter.c:716:7:ll_rl_clear	8	static
ll_filter.c:727:7:ll_rl_add	56	static
ll_filter.c:780:7:ll_rl_remove	40	static
ll_filter.c:826:6:ll_rl_crpa_set	16	static
ll_filter.c:842:7:ll_rl_crpa_get	16	static
ll_filter.c:857:7:ll_rl_lrpa_get	8	static
ll_filter.c:871:7:ll_rl_enable	8	static
ll_filter.c:891:6:ll_rl_timeout_set	0	static
ll_filter.c:896:7:ll_priv_mode_set	16	static
ll_filter.c:926:6:ll_filter_reset	8	static
