buf.c:85:14:generic_data_ref	0	static
buf.c:151:13:fixed_data_unref	0	static
buf.c:95:14:mem_pool_data_alloc	16	static
buf.c:120:13:mem_pool_data_unref	16	static
buf.c:48:22:net_buf_pool_get	0	static
buf.c:58:5:net_buf_id	0	static
buf.c:141:14:fixed_data_alloc	8	static
buf.c:77:6:net_buf_reset	0	static
buf.c:231:17:net_buf_alloc_len	32	static
buf.c:356:17:net_buf_alloc_fixed	0	static
buf.c:370:17:net_buf_alloc_with_data	16	static
buf.c:399:17:net_buf_get	16	static
buf.c:428:6:net_buf_simple_reserve	0	static
buf.c:437:6:net_buf_slist_put	8	static
buf.c:454:17:net_buf_slist_get	16	static
buf.c:487:6:net_buf_put	4	static
buf.c:504:6:net_buf_unref	24	static
buf.c:552:17:net_buf_ref	0	static
buf.c:608:17:net_buf_frag_last	0	static
buf.c:619:6:net_buf_frag_insert	8	static
buf.c:631:17:net_buf_frag_add	8	static
buf.c:649:17:net_buf_frag_del	8	static
buf.c:689:7:net_buf_simple_add	0	static
buf.c:701:7:net_buf_simple_add_mem	8	static
buf.c:562:17:net_buf_clone	40	static
buf.c:709:7:net_buf_simple_add_u8	8	static
buf.c:721:6:net_buf_simple_add_le16	24	static
buf.c:729:6:net_buf_simple_add_be16	16	static
buf.c:737:6:net_buf_simple_add_le32	24	static
buf.c:745:6:net_buf_simple_add_be32	16	static
buf.c:753:7:net_buf_simple_push	0	static
buf.c:764:6:net_buf_simple_push_le16	16	static
buf.c:772:6:net_buf_simple_push_be16	16	static
buf.c:780:6:net_buf_simple_push_u8	0	static
buf.c:787:7:net_buf_simple_pull	0	static
buf.c:797:6:net_buf_simple_pull_u8	8	static
buf.c:807:7:net_buf_simple_pull_le16	8	static
buf.c:817:7:net_buf_simple_pull_be16	8	static
buf.c:827:7:net_buf_simple_pull_le32	8	static
buf.c:837:7:net_buf_simple_pull_be32	8	static
buf.c:847:8:net_buf_simple_headroom	0	static
buf.c:852:8:net_buf_simple_tailroom	0	static
