dlist.h:477:28:sys_dlist_get	0	static
pipes.c:193:15:pipe_xfer	8	static
pipes.c:216:15:pipe_buffer_put	32	static
pipes.c:90:12:init_pipes_module	24	static
ksched.h:222:20:_ready_thread	0	static
pipes.c:67:13:pipe_async_finish	8	static
ksched.h:242:20:_sched_lock	8	static
pipes.c:311:14:pipe_xfer_prepare	32	static
pipes.c:410:13:pipe_thread_ready	8	static
pipes.c:131:6:k_pipe_init	0	static
pipes.c:145:5:_impl_k_pipe_alloc_init	16	static
pipes.c:176:6:k_pipe_cleanup	8	static
pipes.c:429:5:_k_pipe_put_internal	96	static
pipes.c:571:5:_impl_k_pipe_get	96	static
pipes.c:731:5:_impl_k_pipe_put	32	static
pipes.c:761:6:k_pipe_block_put	48	static
