dlist.h:461:20:sys_dlist_remove	0	static
timeout_q.h:121:19:_abort_timeout	8	static
spinlock.h:26:32:k_spin_lock.isra.11	0	static
sched.c:206:13:update_cache	0	static
sched.c:90:5:_is_t1_higher_prio_than_t2	0	static
sched.c:247:6:_remove_thread_from_ready_q	8	static
sched.c:305:18:_find_first_thread_to_unpend	8	static
sched.c:319:6:_unpend_thread_no_timeout	8	static
sched.c:337:18:_unpend_first_thread	8	static
sched.c:348:6:_unpend_thread	8	static
sched.c:383:5:_reschedule	0	static
sched.c:410:6:k_sched_lock	8	static
sched.c:417:6:k_sched_unlock	8	static
sched.c:473:6:_priq_dumb_add	8	static
sched.c:228:6:_add_thread_to_ready_q	16	static
ksched.h:222:20:_ready_thread	0	static
timeout_q.h:196:20:_add_timeout	16	static
sched.c:237:6:_move_thread_to_end_of_prio_q	16	static
sched.c:258:13:pend	24	static
sched.c:287:6:_pend_thread	0	static
sched.c:331:5:_pend_current_thread	8	static
sched.c:361:6:_thread_priority_set	16	static
sched.c:490:6:_priq_dumb_remove	0	static
sched.c:497:18:_priq_dumb_best	0	static
sched.c:503:5:_priq_rb_lessthan	0	static
sched.c:519:6:_priq_rb_add	48	dynamic
sched.c:542:6:_priq_rb_remove	8	static
sched.c:553:18:_priq_rb_best	0	static
sched.c:565:6:k_sched_time_slice_set	0	static
sched.c:575:5:_is_thread_time_slicing	8	static
sched.c:603:6:_update_time_slice_before_swap	0	static
sched.c:627:5:_unpend_all	16	static
sched.c:641:6:_sched_init	0	static
sched.c:654:5:_impl_k_thread_priority_get	0	static
sched.c:664:6:_impl_k_thread_priority_set	0	static
sched.c:725:6:_impl_k_yield	16	static
sched.c:750:6:_impl_k_sleep	24	static
sched.c:794:6:_impl_k_wakeup	16	static
sched.c:822:9:_impl_k_current_get	0	static
sched.c:831:5:_impl_k_is_preempt_thread	0	static
