timeout_q.h:121:19:_abort_timeout	0	static
ksched.h:222:20:_ready_thread	0	static
thread.c:233:13:schedule_new_thread.part.11	20	static
thread.c:61:6:k_thread_foreach	0	static
thread.c:64:5:k_is_in_isr	0	static
thread.c:73:6:_thread_essential_set	0	static
thread.c:83:6:_thread_essential_clear	0	static
thread.c:93:5:_is_thread_essential	0	static
thread.c:99:6:k_busy_wait	16	static
thread.c:195:6:_check_stack_sentinel	0	static
thread.c:213:6:_impl_k_thread_start	8	static
thread.c:291:6:_setup_new_thread	40	static
thread.c:346:9:_impl_k_thread_create	40	static
thread.c:447:5:_impl_k_thread_cancel	8	static
thread.c:471:6:_k_thread_single_suspend	8	static
thread.c:480:6:_impl_k_thread_suspend	16	static
thread.c:497:6:_k_thread_single_resume	0	static
thread.c:503:6:_impl_k_thread_resume	8	static
thread.c:516:6:_k_thread_single_abort	8	static
thread.c:570:6:_init_static_threads	48	static
thread.c:615:6:_init_thread_base	0	static
thread.c:632:6:k_thread_access_grant	0	static
thread.c:651:36:k_thread_user_mode_enter	8	static
