Archive member included to satisfy reference by file (symbol)

../libapp.a(main.c.obj)       (--whole-archive)
libzephyr.a(isr_tables.c.obj)
                              (--whole-archive)
libzephyr.a(mpu_regions.c.obj)
                              (--whole-archive)
libzephyr.a(power.c.obj)      (--whole-archive)
libzephyr.a(soc.c.obj)        (--whole-archive)
libzephyr.a(thread_entry.c.obj)
                              (--whole-archive)
libzephyr.a(crc16_sw.c.obj)   (--whole-archive)
libzephyr.a(crc8_sw.c.obj)    (--whole-archive)
libzephyr.a(mempool.c.obj)    (--whole-archive)
libzephyr.a(rb.c.obj)         (--whole-archive)
libzephyr.a(printk.c.obj)     (--whole-archive)
libzephyr.a(configs.c.obj)    (--whole-archive)
libzephyr.a(utils.c.obj)      (--whole-archive)
libzephyr.a(aes_decrypt.c.obj)
                              (--whole-archive)
libzephyr.a(aes_encrypt.c.obj)
                              (--whole-archive)
libzephyr.a(nrfx_glue.c.obj)  (--whole-archive)
libzephyr.a(sys_log.c.obj)    (--whole-archive)
libzephyr.a(rand32_entropy_device.c.obj)
                              (--whole-archive)
libzephyr.a(uart_console.c.obj)
                              (--whole-archive)
libzephyr.a(nrf5_power_clock.c.obj)
                              (--whole-archive)
libzephyr.a(sys_clock_init.c.obj)
                              (--whole-archive)
libzephyr.a(nrf_rtc_timer.c.obj)
                              (--whole-archive)
arch/arm/core/libarch__arm__core.a(exc_exit.S.obj)
                              (--whole-archive)
arch/arm/core/libarch__arm__core.a(irq_init.c.obj)
                              (--whole-archive)
arch/arm/core/libarch__arm__core.a(swap.c.obj)
                              (--whole-archive)
arch/arm/core/libarch__arm__core.a(swap_helper.S.obj)
                              (--whole-archive)
arch/arm/core/libarch__arm__core.a(fault.c.obj)
                              (--whole-archive)
arch/arm/core/libarch__arm__core.a(irq_manage.c.obj)
                              (--whole-archive)
arch/arm/core/libarch__arm__core.a(thread.c.obj)
                              (--whole-archive)
arch/arm/core/libarch__arm__core.a(cpu_idle.S.obj)
                              (--whole-archive)
arch/arm/core/libarch__arm__core.a(fault_s.S.obj)
                              (--whole-archive)
arch/arm/core/libarch__arm__core.a(fatal.c.obj)
                              (--whole-archive)
arch/arm/core/libarch__arm__core.a(sys_fatal_error_handler.c.obj)
                              (--whole-archive)
arch/arm/core/libarch__arm__core.a(thread_abort.c.obj)
                              (--whole-archive)
arch/arm/core/libarch__arm__core.a(isr_wrapper.S.obj)
                              (--whole-archive)
arch/arm/core/cortex_m/libarch__arm__core__cortex_m.a(vector_table.S.obj)
                              (--whole-archive)
arch/arm/core/cortex_m/libarch__arm__core__cortex_m.a(reset.S.obj)
                              (--whole-archive)
arch/arm/core/cortex_m/libarch__arm__core__cortex_m.a(nmi_on_reset.S.obj)
                              (--whole-archive)
arch/arm/core/cortex_m/libarch__arm__core__cortex_m.a(prep_c.c.obj)
                              (--whole-archive)
arch/arm/core/cortex_m/libarch__arm__core__cortex_m.a(scb.c.obj)
                              (--whole-archive)
arch/arm/core/cortex_m/libarch__arm__core__cortex_m.a(nmi.c.obj)
                              (--whole-archive)
arch/arm/core/cortex_m/libarch__arm__core__cortex_m.a(exc_manage.c.obj)
                              (--whole-archive)
arch/arm/core/cortex_m/mpu/libarch__arm__core__cortex_m__mpu.a(arm_core_mpu.c.obj)
                              (--whole-archive)
arch/arm/core/cortex_m/mpu/libarch__arm__core__cortex_m__mpu.a(arm_mpu.c.obj)
                              (--whole-archive)
lib/libc/minimal/liblib__libc__minimal.a(atoi.c.obj)
                              (--whole-archive)
lib/libc/minimal/liblib__libc__minimal.a(strtol.c.obj)
                              (--whole-archive)
lib/libc/minimal/liblib__libc__minimal.a(strtoul.c.obj)
                              (--whole-archive)
lib/libc/minimal/liblib__libc__minimal.a(strncasecmp.c.obj)
                              (--whole-archive)
lib/libc/minimal/liblib__libc__minimal.a(strstr.c.obj)
                              (--whole-archive)
lib/libc/minimal/liblib__libc__minimal.a(string.c.obj)
                              (--whole-archive)
lib/libc/minimal/liblib__libc__minimal.a(prf.c.obj)
                              (--whole-archive)
lib/libc/minimal/liblib__libc__minimal.a(stdout_console.c.obj)
                              (--whole-archive)
lib/libc/minimal/liblib__libc__minimal.a(sprintf.c.obj)
                              (--whole-archive)
lib/libc/minimal/liblib__libc__minimal.a(fprintf.c.obj)
                              (--whole-archive)
subsys/bluetooth/common/libsubsys__bluetooth__common.a(dummy.c.obj)
                              (--whole-archive)
[...]
Memory Configuration

Name             Origin             Length             Attributes
FLASH            0x0000000000000000 0x0000000000080000 xr
SRAM             0x0000000020000000 0x0000000000010000 xw
IDT_LIST         0x0000000020010000 0x0000000000000800 xw
*default*        0x0000000000000000 0xffffffffffffffff

Linker script and memory map

LOAD CMakeFiles/kernel_elf.dir/misc/empty_file.c.obj
LOAD CMakeFiles/kernel_elf.dir/isr_tables.c.obj
START GROUP
LOAD ../libapp.a
LOAD libzephyr.a
LOAD arch/arm/core/libarch__arm__core.a
LOAD arch/arm/core/cortex_m/libarch__arm__core__cortex_m.a
LOAD arch/arm/core/cortex_m/mpu/libarch__arm__core__cortex_m__mpu.a
LOAD lib/libc/minimal/liblib__libc__minimal.a
LOAD subsys/bluetooth/common/libsubsys__bluetooth__common.a
LOAD subsys/bluetooth/host/libsubsys__bluetooth__host.a
LOAD subsys/bluetooth/controller/libsubsys__bluetooth__controller.a
LOAD subsys/net/libsubsys__net.a
LOAD drivers/gpio/libdrivers__gpio.a
LOAD drivers/serial/libdrivers__serial.a
LOAD drivers/entropy/libdrivers__entropy.a
LOAD kernel/libkernel.a
LOAD CMakeFiles/offsets.dir/arch/arm/core/offsets/offsets.c.obj
END GROUP
LOAD /opt/zephyr-sdk/sysroots/armv5-zephyr-eabi/usr/lib/arm-zephyr-eabi/6.2.0/armv7e-m/libgcc.a
                0x0000000000000000                _image_rom_start = 0x0

text            0x0000000000000000    0x1499e
                0x0000000000000000                . = 0x0
                0x0000000000000000                _vector_start = .
 *(.exc_vector_table)
 *(.exc_vector_table.*)
 .exc_vector_table._vector_table_section
                0x0000000000000000       0x40 arch/arm/core/cortex_m/libarch__arm__core__cortex_m.a(vector_table.S.obj)
                0x0000000000000000                _vector_table
 *(.gnu.linkonce.irq_vector_table)
 .gnu.linkonce.irq_vector_table
                0x0000000000000040       0x9c CMakeFiles/kernel_elf.dir/isr_tables.c.obj
                0x0000000000000040                _irq_vector_table
 *(.openocd_dbg)
 *(.openocd_dbg.*)
 *(.kinetis_flash_config)
 *(.kinetis_flash_config.*)
 *(.gnu.linkonce.sw_isr_table)
 .gnu.linkonce.sw_isr_table
                0x00000000000000dc      0x138 CMakeFiles/kernel_elf.dir/isr_tables.c.obj
                0x00000000000000dc                _sw_isr_table
                0x0000000000000214                _vector_end = .
                0x0000000000000214                _image_text_start = .
 *(.text)
 .text          0x0000000000000214       0x30 /opt/zephyr-sdk/sysroots/armv5-zephyr-eabi/usr/lib/arm-zephyr-eabi/6.2.0/armv7e-m/libgcc.a(_aeabi_uldivmod.o)
                0x0000000000000214                __aeabi_uldivmod
 .text          0x0000000000000244       0x28 /opt/zephyr-sdk/sysroots/armv5-zephyr-eabi/usr/lib/arm-zephyr-eabi/6.2.0/armv7e-m/libgcc.a(_popcountsi2.o)
                0x0000000000000244                __popcountsi2
 .text          0x000000000000026c      0x2dc /opt/zephyr-sdk/sysroots/armv5-zephyr-eabi/usr/lib/arm-zephyr-eabi/6.2.0/armv7e-m/libgcc.a(_udivmoddi4.o)
                0x000000000000026c                __udivmoddi4
 .text          0x0000000000000548        0x4 /opt/zephyr-sdk/sysroots/armv5-zephyr-eabi/usr/lib/arm-zephyr-eabi/6.2.0/armv7e-m/libgcc.a(_dvmd_tls.o)
                0x0000000000000548                __aeabi_ldiv0
                0x0000000000000548                __aeabi_idiv0
 *(.text.*)
 .text.bt_addr_le_to_str.constprop.2
                0x000000000000054c       0x78 ../libapp.a(main.c.obj)
 .text.connected
                0x00000000000005c4       0x48 ../libapp.a(main.c.obj)
 .text.disconnected
                0x000000000000060c       0x64 ../libapp.a(main.c.obj)
 .text.device_found
                0x0000000000000670       0x50 ../libapp.a(main.c.obj)
 .text.main     0x00000000000006c0       0x64 ../libapp.a(main.c.obj)
                0x00000000000006c0                main
 .text.ftpan_36
                0x0000000000000724       0x40 libzephyr.a(soc.c.obj)
 .text.nordicsemi_nrf52_init
                0x0000000000000764      0x134 libzephyr.a(soc.c.obj)
 .text._thread_entry
                0x0000000000000898       0x14 libzephyr.a(thread_entry.c.obj)
                0x0000000000000898                _thread_entry
 .text.get_bit_ptr
                0x00000000000008ac       0x28 libzephyr.a(mempool.c.obj)
 .text.set_free_bit
                0x00000000000008d4       0x1c libzephyr.a(mempool.c.obj)
 .text.clear_free_bit
                0x00000000000008f0       0x1e libzephyr.a(mempool.c.obj)
 .text._sys_mem_pool_base_init
                0x000000000000090e       0x96 libzephyr.a(mempool.c.obj)
                0x000000000000090e                _sys_mem_pool_base_init
 .text._sys_mem_pool_block_alloc
                0x00000000000009a4      0x164 libzephyr.a(mempool.c.obj)
                0x00000000000009a4                _sys_mem_pool_block_alloc
 .text._sys_mem_pool_block_free
                0x0000000000000b08      0x116 libzephyr.a(mempool.c.obj)
                0x0000000000000b08                _sys_mem_pool_block_free
 .text._nop_char_out
                0x0000000000000c1e        0x4 libzephyr.a(printk.c.obj)
 *fill*         0x0000000000000c22        0x2 
 .text.char_out
                0x0000000000000c24       0x10 libzephyr.a(printk.c.obj)
 .text._printk_dec_ulong
                0x0000000000000c34       0xa0 libzephyr.a(printk.c.obj)
 .text.str_out  0x0000000000000cd4       0x2a libzephyr.a(printk.c.obj)
 *fill*         0x0000000000000cfe        0x2 
 .text.__printk_hook_install
                0x0000000000000d00        0xc libzephyr.a(printk.c.obj)
                0x0000000000000d00                __printk_hook_install
 .text._vprintk
                0x0000000000000d0c      0x25e libzephyr.a(printk.c.obj)
                0x0000000000000d0c                _vprintk
 *fill*         0x0000000000000f6a        0x2 
 .text.vprintk  0x0000000000000f6c       0x20 libzephyr.a(printk.c.obj)
                0x0000000000000f6c                vprintk
 .text.printk   0x0000000000000f8c       0x1a libzephyr.a(printk.c.obj)
                0x0000000000000f8c                printk
 *fill*         0x0000000000000fa6        0x2 
 .text.snprintk
                0x0000000000000fa8       0x38 libzephyr.a(printk.c.obj)
                0x0000000000000fa8                snprintk
 .text._ConfigAbsSyms
                0x0000000000000fe0        0x2 libzephyr.a(configs.c.obj)
                0x0000000000000fe0                _ConfigAbsSyms
 .text.syslog_hook_default
                0x0000000000000fe2        0x6 libzephyr.a(sys_log.c.obj)
                0x0000000000000fe2                syslog_hook_default
 .text.sys_rand32_get
                0x0000000000000fe8       0x50 libzephyr.a(rand32_entropy_device.c.obj)
                0x0000000000000fe8                sys_rand32_get
 .text.console_out
                0x0000000000001038       0x28 libzephyr.a(uart_console.c.obj)
 .text.uart_console_hook_install
                0x0000000000001060        0xc libzephyr.a(uart_console.c.obj)
                0x0000000000001060                uart_console_hook_install
 .text.uart_console_init
                0x000000000000106c       0x1c libzephyr.a(uart_console.c.obj)
 .text._m16src_stop
                0x0000000000001088       0x5c libzephyr.a(nrf5_power_clock.c.obj)
 .text._clock_control_init
                0x00000000000010e4       0x16 libzephyr.a(nrf5_power_clock.c.obj)
 *fill*         0x00000000000010fa        0x2 
 .text._m16src_start
                0x00000000000010fc       0xb0 libzephyr.a(nrf5_power_clock.c.obj)
 .text._k32src_start
                0x00000000000011ac       0xcc libzephyr.a(nrf5_power_clock.c.obj)
 .text._power_clock_isr
                0x0000000000001278       0x9c libzephyr.a(nrf5_power_clock.c.obj)
 .text.rtc_compare_set
                0x0000000000001314       0x30 libzephyr.a(nrf_rtc_timer.c.obj)
 .text.rtc_announce_set_next
                0x0000000000001344       0x5c libzephyr.a(nrf_rtc_timer.c.obj)
 .text.rtc1_nrf5_isr
                0x00000000000013a0       0x10 libzephyr.a(nrf_rtc_timer.c.obj)
                0x00000000000013a0                rtc1_nrf5_isr
 .text._timer_idle_enter
                0x00000000000013b0       0x3c libzephyr.a(nrf_rtc_timer.c.obj)
                0x00000000000013b0                _timer_idle_enter
 .text._timer_idle_exit
                0x00000000000013ec       0x2c libzephyr.a(nrf_rtc_timer.c.obj)
                0x00000000000013ec                _timer_idle_exit
 .text._sys_clock_driver_init
                0x0000000000001418       0x7c libzephyr.a(nrf_rtc_timer.c.obj)
                0x0000000000001418                _sys_clock_driver_init
 .text._timer_cycle_get_32
                0x0000000000001494       0x38 libzephyr.a(nrf_rtc_timer.c.obj)
                0x0000000000001494                _timer_cycle_get_32
 .text._HandlerModeExit
                0x00000000000014cc       0x30 arch/arm/core/libarch__arm__core.a(exc_exit.S.obj)
                0x00000000000014cc                _ExcExit
                0x00000000000014cc                _IntExit
 .text._IntLibInit
                0x00000000000014fc       0x18 arch/arm/core/libarch__arm__core.a(irq_init.c.obj)
                0x00000000000014fc                _IntLibInit
 .text.__swap   0x0000000000001514       0x30 arch/arm/core/libarch__arm__core.a(swap.c.obj)
                0x0000000000001514                __swap
 .text.__pendsv
                0x0000000000001544       0x44 arch/arm/core/libarch__arm__core.a(swap_helper.S.obj)
                0x0000000000001544                __pendsv
 .text.__svc    0x0000000000001588       0x24 arch/arm/core/libarch__arm__core.a(swap_helper.S.obj)
                0x0000000000001588                __svc
 .text._FaultThreadShow.isra.2
                0x00000000000015ac       0x1c arch/arm/core/libarch__arm__core.a(fault.c.obj)
 .text._MpuFault
                0x00000000000015c8       0x90 arch/arm/core/libarch__arm__core.a(fault.c.obj)
 .text._UsageFault
                0x0000000000001658       0x90 arch/arm/core/libarch__arm__core.a(fault.c.obj)
 .text._BusFault
                0x00000000000016e8       0xa0 arch/arm/core/libarch__arm__core.a(fault.c.obj)
 .text._Fault   0x0000000000001788       0xcc arch/arm/core/libarch__arm__core.a(fault.c.obj)
                0x0000000000001788                _Fault
 .text._FaultInit
                0x0000000000001854       0x10 arch/arm/core/libarch__arm__core.a(fault.c.obj)
                0x0000000000001854                _FaultInit
 .text._arch_irq_enable
                0x0000000000001864       0x20 arch/arm/core/libarch__arm__core.a(irq_manage.c.obj)
                0x0000000000001864                _arch_irq_enable
 .text._arch_irq_disable
                0x0000000000001884       0x28 arch/arm/core/libarch__arm__core.a(irq_manage.c.obj)
                0x0000000000001884                _arch_irq_disable
 .text._arch_irq_is_enabled
                0x00000000000018ac       0x1c arch/arm/core/libarch__arm__core.a(irq_manage.c.obj)
                0x00000000000018ac                _arch_irq_is_enabled
 .text._irq_priority_set
                0x00000000000018c8       0x30 arch/arm/core/libarch__arm__core.a(irq_manage.c.obj)
                0x00000000000018c8                _irq_priority_set
 .text._irq_spurious
                0x00000000000018f8        0x4 arch/arm/core/libarch__arm__core.a(irq_manage.c.obj)
                0x00000000000018f8                _irq_spurious
 .text._arch_isr_direct_pm
                0x00000000000018fc       0x1c arch/arm/core/libarch__arm__core.a(irq_manage.c.obj)
                0x00000000000018fc                _arch_isr_direct_pm
 .text._new_thread
                0x0000000000001918       0x54 arch/arm/core/libarch__arm__core.a(thread.c.obj)
                0x0000000000001918                _new_thread
 .text._CpuIdleInit
                0x000000000000196c        0xc arch/arm/core/libarch__arm__core.a(cpu_idle.S.obj)
                0x000000000000196c                _CpuIdleInit
 .text.k_cpu_idle
                0x0000000000001978        0xc arch/arm/core/libarch__arm__core.a(cpu_idle.S.obj)
                0x0000000000001978                k_cpu_idle
 .text.__fault  0x0000000000001984       0x28 arch/arm/core/libarch__arm__core.a(fault_s.S.obj)
                0x0000000000001984                __usage_fault
                0x0000000000001984                __reserved
                0x0000000000001984                __bus_fault
                0x0000000000001984                __debug_monitor
                0x0000000000001984                __mpu_fault
                0x0000000000001984                __hard_fault
 .text._NanoFatalErrorHandler
                0x00000000000019ac       0x64 arch/arm/core/libarch__arm__core.a(fatal.c.obj)
                0x00000000000019ac                _NanoFatalErrorHandler
 .text._do_kernel_oops
                0x0000000000001a10        0x8 arch/arm/core/libarch__arm__core.a(fatal.c.obj)
                0x0000000000001a10                _do_kernel_oops
 .text._SysFatalErrorHandler
                0x0000000000001a18       0x5c arch/arm/core/libarch__arm__core.a(sys_fatal_error_handler.c.obj)
                0x0000000000001a18                _SysFatalErrorHandler
 .text._impl_k_thread_abort
                0x0000000000001a74       0x50 arch/arm/core/libarch__arm__core.a(thread_abort.c.obj)
                0x0000000000001a74                _impl_k_thread_abort
 .text._isr_wrapper
                0x0000000000001ac4       0x3c arch/arm/core/libarch__arm__core.a(isr_wrapper.S.obj)
                0x0000000000001ac4                _isr_wrapper
 .text._reset_section
                0x0000000000001b00       0x24 arch/arm/core/cortex_m/libarch__arm__core__cortex_m.a(reset.S.obj)
                0x0000000000001b00                __reset
                0x0000000000001b00                __start
 .text._SysNmiOnReset
                0x0000000000001b24        0x8 arch/arm/core/cortex_m/libarch__arm__core__cortex_m.a(nmi_on_reset.S.obj)
                0x0000000000001b24                _SysNmiOnReset
 .text._PrepC   0x0000000000001b2c       0x28 arch/arm/core/cortex_m/libarch__arm__core__cortex_m.a(prep_c.c.obj)
                0x0000000000001b2c                _PrepC
 .text.__nmi    0x0000000000001b54        0xe arch/arm/core/cortex_m/libarch__arm__core__cortex_m.a(nmi.c.obj)
                0x0000000000001b54                __nmi
 *fill*         0x0000000000001b62        0x2 
 .text.arm_mpu_init
                0x0000000000001b64       0x54 arch/arm/core/cortex_m/mpu/libarch__arm__core__cortex_m__mpu.a(arm_mpu.c.obj)
 .text.strcpy   0x0000000000001bb8       0x14 lib/libc/minimal/liblib__libc__minimal.a(string.c.obj)
                0x0000000000001bb8                strcpy
 .text.strlen   0x0000000000001bcc       0x10 lib/libc/minimal/liblib__libc__minimal.a(string.c.obj)
                0x0000000000001bcc                strlen
 .text.strcmp   0x0000000000001bdc       0x1a lib/libc/minimal/liblib__libc__minimal.a(string.c.obj)
                0x0000000000001bdc                strcmp
 .text.memcmp   0x0000000000001bf6       0x2a lib/libc/minimal/liblib__libc__minimal.a(string.c.obj)
                0x0000000000001bf6                memcmp
 .text.memcpy   0x0000000000001c20       0x58 lib/libc/minimal/liblib__libc__minimal.a(string.c.obj)
                0x0000000000001c20                memcpy
 .text.memset   0x0000000000001c78       0x46 lib/libc/minimal/liblib__libc__minimal.a(string.c.obj)
                0x0000000000001c78                memset
 *fill*         0x0000000000001cbe        0x2 
 .text.bt_hex   0x0000000000001cc0       0x6c subsys/bluetooth/common/libsubsys__bluetooth__common.a(log.c.obj)
                0x0000000000001cc0                bt_hex
 .text.bt_addr_str
                0x0000000000001d2c       0x4c subsys/bluetooth/common/libsubsys__bluetooth__common.a(log.c.obj)
                0x0000000000001d2c                bt_addr_str
 .text.bt_addr_le_str
                0x0000000000001d78       0x98 subsys/bluetooth/common/libsubsys__bluetooth__common.a(log.c.obj)
                0x0000000000001d78                bt_addr_le_str
 .text.ah       0x0000000000001e10       0x3a subsys/bluetooth/common/libsubsys__bluetooth__common.a(rpa.c.obj)
 .text.bt_rpa_irk_matches
                0x0000000000001e4a       0x26 subsys/bluetooth/common/libsubsys__bluetooth__common.a(rpa.c.obj)
                0x0000000000001e4a                bt_rpa_irk_matches
 .text.bt_rpa_create
                0x0000000000001e70       0x2e subsys/bluetooth/common/libsubsys__bluetooth__common.a(rpa.c.obj)
                0x0000000000001e70                bt_rpa_create
 *fill*         0x0000000000001e9e        0x2 
 .text.uuid_to_uuid128
                0x0000000000001ea0       0x7c subsys/bluetooth/host/libsubsys__bluetooth__host.a(uuid.c.obj)
 .text.bt_uuid_cmp
                0x0000000000001f1c       0x54 subsys/bluetooth/host/libsubsys__bluetooth__host.a(uuid.c.obj)
                0x0000000000001f1c                bt_uuid_cmp
 .text.hci_stack_dump
                0x0000000000001f70        0x2 subsys/bluetooth/host/libsubsys__bluetooth__host.a(hci_core.c.obj)
 *fill*         0x0000000000001f72        0x2 
 .text.ver_str  0x0000000000001f74       0x38 subsys/bluetooth/host/libsubsys__bluetooth__host.a(hci_core.c.obj)
 .text.bt_addr_le_copy
                0x0000000000001fac        0x6 subsys/bluetooth/host/libsubsys__bluetooth__host.a(hci_core.c.obj)
 .text.atomic_or
                0x0000000000001fb2       0x22 subsys/bluetooth/host/libsubsys__bluetooth__host.a(hci_core.c.obj)
 .text.atomic_and
                0x0000000000001fd4       0x22 subsys/bluetooth/host/libsubsys__bluetooth__host.a(hci_core.c.obj)
 *fill*         0x0000000000001ff6        0x2 
 .text.update_conn_param
                0x0000000000001ff8       0x1c subsys/bluetooth/host/libsubsys__bluetooth__host.a(hci_core.c.obj)
 .text.hci_cmd_done
                0x0000000000002014       0xd0 subsys/bluetooth/host/libsubsys__bluetooth__host.a(hci_core.c.obj)
 .text.atomic_test_bit
                0x00000000000020e4       0x1a subsys/bluetooth/host/libsubsys__bluetooth__host.a(hci_core.c.obj)
 *fill*         0x00000000000020fe        0x2 
 .text.bt_hci_cmd_create
                0x0000000000002100       0x60 subsys/bluetooth/host/libsubsys__bluetooth__host.a(hci_core.c.obj)
                0x0000000000002100                bt_hci_cmd_create
 .text.bt_hci_cmd_send_sync
                0x0000000000002160       0x7c subsys/bluetooth/host/libsubsys__bluetooth__host.a(hci_core.c.obj)
                0x0000000000002160                bt_hci_cmd_send_sync
 .text.set_le_scan_enable
                0x00000000000021dc       0x6c subsys/bluetooth/host/libsubsys__bluetooth__host.a(hci_core.c.obj)
 .text.set_random_address
                0x0000000000002248       0x5c subsys/bluetooth/host/libsubsys__bluetooth__host.a(hci_core.c.obj)
 .text.le_set_private_addr
                0x00000000000022a4       0x24 subsys/bluetooth/host/libsubsys__bluetooth__host.a(hci_core.c.obj)
 .text.set_advertise_enable
                0x00000000000022c8       0x54 subsys/bluetooth/host/libsubsys__bluetooth__host.a(hci_core.c.obj)
 .text.bt_le_conn_params_valid
                0x000000000000231c       0x40 subsys/bluetooth/host/libsubsys__bluetooth__host.a(hci_core.c.obj)
                0x000000000000231c                bt_le_conn_params_valid
 .text.bt_addr_le_create_static
                0x000000000000235c       0x1c subsys/bluetooth/host/libsubsys__bluetooth__host.a(hci_core.c.obj)
                0x000000000000235c                bt_addr_le_create_static
 .text.bt_set_static_addr
                0x0000000000002378       0x68 subsys/bluetooth/host/libsubsys__bluetooth__host.a(hci_core.c.obj)
                0x0000000000002378                bt_set_static_addr
 .text.bt_dev_show_info
                0x00000000000023e0       0xac subsys/bluetooth/host/libsubsys__bluetooth__host.a(hci_core.c.obj)
                0x00000000000023e0                bt_dev_show_info
 .text.bt_send  0x000000000000248c       0x10 subsys/bluetooth/host/libsubsys__bluetooth__host.a(hci_core.c.obj)
                0x000000000000248c                bt_send
 .text.bt_hci_cmd_send
                0x000000000000249c       0x74 subsys/bluetooth/host/libsubsys__bluetooth__host.a(hci_core.c.obj)
                0x000000000000249c                bt_hci_cmd_send
 .text.start_le_scan
                0x0000000000002510       0xa0 subsys/bluetooth/host/libsubsys__bluetooth__host.a(hci_core.c.obj)
 .text.bt_le_scan_update
                0x00000000000025b0       0x64 subsys/bluetooth/host/libsubsys__bluetooth__host.a(hci_core.c.obj)
                0x00000000000025b0                bt_le_scan_update
 .text.bt_init  0x0000000000002614      0x660 subsys/bluetooth/host/libsubsys__bluetooth__host.a(hci_core.c.obj)
 .text.init_work
                0x0000000000002c74       0x18 subsys/bluetooth/host/libsubsys__bluetooth__host.a(hci_core.c.obj)
 .text.hci_le_set_phy.isra.28
                0x0000000000002c8c       0x40 subsys/bluetooth/host/libsubsys__bluetooth__host.a(hci_core.c.obj)
 .text.hci_le_set_data_len.isra.29
                0x0000000000002ccc       0x54 subsys/bluetooth/host/libsubsys__bluetooth__host.a(hci_core.c.obj)
 .text.le_enh_conn_complete
                0x0000000000002d20      0x1bc subsys/bluetooth/host/libsubsys__bluetooth__host.a(hci_core.c.obj)
 .text.le_conn_param_neg_reply
                0x0000000000002edc       0x34 subsys/bluetooth/host/libsubsys__bluetooth__host.a(hci_core.c.obj)
 .text.hci_tx_thread
                0x0000000000002f10      0x1a4 subsys/bluetooth/host/libsubsys__bluetooth__host.a(hci_core.c.obj)
 .text.bt_recv  0x00000000000030b4      0x73c subsys/bluetooth/host/libsubsys__bluetooth__host.a(hci_core.c.obj)
                0x00000000000030b4                bt_recv
 .text.bt_recv_prio
                0x00000000000037f0      0x1f0 subsys/bluetooth/host/libsubsys__bluetooth__host.a(hci_core.c.obj)
                0x00000000000037f0                bt_recv_prio
 .text.bt_hci_driver_register
                0x00000000000039e0       0x28 subsys/bluetooth/host/libsubsys__bluetooth__host.a(hci_core.c.obj)
                0x00000000000039e0                bt_hci_driver_register
 .text.bt_enable
                0x0000000000003a08       0xe4 subsys/bluetooth/host/libsubsys__bluetooth__host.a(hci_core.c.obj)
                0x0000000000003a08                bt_enable
 .text.bt_addr_le_is_bonded
                0x0000000000003aec        0x4 subsys/bluetooth/host/libsubsys__bluetooth__host.a(hci_core.c.obj)
                0x0000000000003aec                bt_addr_le_is_bonded
 .text.bt_le_scan_start
                0x0000000000003af0       0xa4 subsys/bluetooth/host/libsubsys__bluetooth__host.a(hci_core.c.obj)
                0x0000000000003af0                bt_le_scan_start
 .text.bt_le_scan_stop
                0x0000000000003b94       0x2c subsys/bluetooth/host/libsubsys__bluetooth__host.a(hci_core.c.obj)
                0x0000000000003b94                bt_le_scan_stop
 .text.bt_buf_get_rx
                0x0000000000003bc0       0x20 subsys/bluetooth/host/libsubsys__bluetooth__host.a(hci_core.c.obj)
                0x0000000000003bc0                bt_buf_get_rx
 .text.bt_buf_get_cmd_complete
                0x0000000000003be0       0x44 subsys/bluetooth/host/libsubsys__bluetooth__host.a(hci_core.c.obj)
                0x0000000000003be0                bt_buf_get_cmd_complete
 .text.notify_connected
                0x0000000000003c24       0x20 subsys/bluetooth/host/libsubsys__bluetooth__host.a(conn.c.obj)
 .text.atomic_get
                0x0000000000003c44        0xc subsys/bluetooth/host/libsubsys__bluetooth__host.a(conn.c.obj)
 .text.bt_conn_reset_rx_state
                0x0000000000003c50       0x16 subsys/bluetooth/host/libsubsys__bluetooth__host.a(conn.c.obj)
 *fill*         0x0000000000003c66        0x2 
 .text.bt_conn_get_pkts
                0x0000000000003c68        0x8 subsys/bluetooth/host/libsubsys__bluetooth__host.a(conn.c.obj)
                0x0000000000003c68                bt_conn_get_pkts
 .text.notify_le_param_updated
                0x0000000000003c70       0x28 subsys/bluetooth/host/libsubsys__bluetooth__host.a(conn.c.obj)
                0x0000000000003c70                notify_le_param_updated
 .text.le_param_req
                0x0000000000003c98       0x40 subsys/bluetooth/host/libsubsys__bluetooth__host.a(conn.c.obj)
                0x0000000000003c98                le_param_req
 .text.bt_conn_cb_register
                0x0000000000003cd8       0x10 subsys/bluetooth/host/libsubsys__bluetooth__host.a(conn.c.obj)
                0x0000000000003cd8                bt_conn_cb_register
 .text.bt_conn_recv
                0x0000000000003ce8      0x214 subsys/bluetooth/host/libsubsys__bluetooth__host.a(conn.c.obj)
                0x0000000000003ce8                bt_conn_recv
 .text.bt_conn_send_cb
                0x0000000000003efc       0x8c subsys/bluetooth/host/libsubsys__bluetooth__host.a(conn.c.obj)
                0x0000000000003efc                bt_conn_send_cb
 .text.bt_conn_notify_tx
                0x0000000000003f88       0x78 subsys/bluetooth/host/libsubsys__bluetooth__host.a(conn.c.obj)
                0x0000000000003f88                bt_conn_notify_tx
 .text.send_frag
                0x0000000000004000      0x1a4 subsys/bluetooth/host/libsubsys__bluetooth__host.a(conn.c.obj)
 .text.bt_conn_add_le
                0x00000000000041a4       0x68 subsys/bluetooth/host/libsubsys__bluetooth__host.a(conn.c.obj)
                0x00000000000041a4                bt_conn_add_le
 .text.bt_conn_addr_le_cmp
                0x000000000000420c       0x30 subsys/bluetooth/host/libsubsys__bluetooth__host.a(conn.c.obj)
                0x000000000000420c                bt_conn_addr_le_cmp
 .text.bt_conn_ref
                0x000000000000423c       0x68 subsys/bluetooth/host/libsubsys__bluetooth__host.a(conn.c.obj)
                0x000000000000423c                bt_conn_ref
 .text.bt_conn_lookup_handle
                0x00000000000042a4       0x30 subsys/bluetooth/host/libsubsys__bluetooth__host.a(conn.c.obj)
                0x00000000000042a4                bt_conn_lookup_handle
 .text.bt_conn_lookup_addr_le
                0x00000000000042d4       0x30 subsys/bluetooth/host/libsubsys__bluetooth__host.a(conn.c.obj)
                0x00000000000042d4                bt_conn_lookup_addr_le
 .text.bt_conn_lookup_state_le
                0x0000000000004304       0x3c subsys/bluetooth/host/libsubsys__bluetooth__host.a(conn.c.obj)
                0x0000000000004304                bt_conn_lookup_state_le
 .text.bt_conn_unref
                0x0000000000004340       0x64 subsys/bluetooth/host/libsubsys__bluetooth__host.a(conn.c.obj)
                0x0000000000004340                bt_conn_unref
 .text.conn_cleanup
                0x00000000000043a4       0x2e subsys/bluetooth/host/libsubsys__bluetooth__host.a(conn.c.obj)
 *fill*         0x00000000000043d2        0x2 
 .text.bt_conn_prepare_events
                0x00000000000043d4       0xec subsys/bluetooth/host/libsubsys__bluetooth__host.a(conn.c.obj)
                0x00000000000043d4                bt_conn_prepare_events
 .text.bt_conn_set_state
                0x00000000000044c0      0x214 subsys/bluetooth/host/libsubsys__bluetooth__host.a(conn.c.obj)
                0x00000000000044c0                bt_conn_set_state
 .text.bt_conn_get_dst
                0x00000000000046d4        0x4 subsys/bluetooth/host/libsubsys__bluetooth__host.a(conn.c.obj)
                0x00000000000046d4                bt_conn_get_dst
 .text.bt_conn_create_le
                0x00000000000046d8       0x8c subsys/bluetooth/host/libsubsys__bluetooth__host.a(conn.c.obj)
                0x00000000000046d8                bt_conn_create_le
 .text.bt_le_set_auto_conn
                0x0000000000004764       0xd0 subsys/bluetooth/host/libsubsys__bluetooth__host.a(conn.c.obj)
                0x0000000000004764                bt_le_set_auto_conn
 .text.bt_conn_disconnect
                0x0000000000004834       0x8e subsys/bluetooth/host/libsubsys__bluetooth__host.a(conn.c.obj)
                0x0000000000004834                bt_conn_disconnect
 .text.bt_conn_le_conn_update
                0x00000000000048c2       0x4e subsys/bluetooth/host/libsubsys__bluetooth__host.a(conn.c.obj)
                0x00000000000048c2                bt_conn_le_conn_update
 .text.bt_conn_le_param_update
                0x0000000000004910       0xbc subsys/bluetooth/host/libsubsys__bluetooth__host.a(conn.c.obj)
                0x0000000000004910                bt_conn_le_param_update
 .text.le_conn_update
                0x00000000000049cc       0x44 subsys/bluetooth/host/libsubsys__bluetooth__host.a(conn.c.obj)
 .text.bt_conn_create_pdu
                0x0000000000004a10       0x28 subsys/bluetooth/host/libsubsys__bluetooth__host.a(conn.c.obj)
                0x0000000000004a10                bt_conn_create_pdu
 .text.create_frag.isra.8
                0x0000000000004a38       0x6c subsys/bluetooth/host/libsubsys__bluetooth__host.a(conn.c.obj)
 .text.bt_conn_process_tx
                0x0000000000004aa4      0x15c subsys/bluetooth/host/libsubsys__bluetooth__host.a(conn.c.obj)
                0x0000000000004aa4                bt_conn_process_tx
 .text.bt_conn_get_id
                0x0000000000004c00       0x18 subsys/bluetooth/host/libsubsys__bluetooth__host.a(conn.c.obj)
                0x0000000000004c00                bt_conn_get_id
 .text.bt_conn_init
                0x0000000000004c18       0x64 subsys/bluetooth/host/libsubsys__bluetooth__host.a(conn.c.obj)
                0x0000000000004c18                bt_conn_init
 .text.l2cap_disconnected
                0x0000000000004c7c        0x2 subsys/bluetooth/host/libsubsys__bluetooth__host.a(l2cap.c.obj)
 *fill*         0x0000000000004c7e        0x2 
 .text.l2cap_accept
                0x0000000000004c80       0x50 subsys/bluetooth/host/libsubsys__bluetooth__host.a(l2cap.c.obj)
 .text.l2cap_create_le_sig_pdu.isra.5
                0x0000000000004cd0       0x24 subsys/bluetooth/host/libsubsys__bluetooth__host.a(l2cap.c.obj)
 .text.l2cap_connected
                0x0000000000004cf4        0x2 subsys/bluetooth/host/libsubsys__bluetooth__host.a(l2cap.c.obj)
 *fill*         0x0000000000004cf6        0x2 
 .text.bt_l2cap_le_fixed_chan_register
                0x0000000000004cf8       0x20 subsys/bluetooth/host/libsubsys__bluetooth__host.a(l2cap.c.obj)
                0x0000000000004cf8                bt_l2cap_le_fixed_chan_register
 .text.bt_l2cap_chan_remove
                0x0000000000004d18       0x46 subsys/bluetooth/host/libsubsys__bluetooth__host.a(l2cap.c.obj)
                0x0000000000004d18                bt_l2cap_chan_remove
 .text.bt_l2cap_chan_del
                0x0000000000004d5e       0x22 subsys/bluetooth/host/libsubsys__bluetooth__host.a(l2cap.c.obj)
                0x0000000000004d5e                bt_l2cap_chan_del
 .text.l2cap_rtx_timeout
                0x0000000000004d80       0x4c subsys/bluetooth/host/libsubsys__bluetooth__host.a(l2cap.c.obj)
 .text.bt_l2cap_connected
                0x0000000000004dcc       0x74 subsys/bluetooth/host/libsubsys__bluetooth__host.a(l2cap.c.obj)
                0x0000000000004dcc                bt_l2cap_connected
 .text.bt_l2cap_disconnected
                0x0000000000004e40       0x32 subsys/bluetooth/host/libsubsys__bluetooth__host.a(l2cap.c.obj)
                0x0000000000004e40                bt_l2cap_disconnected
 .text.bt_l2cap_create_pdu
                0x0000000000004e72        0x6 subsys/bluetooth/host/libsubsys__bluetooth__host.a(l2cap.c.obj)
                0x0000000000004e72                bt_l2cap_create_pdu
 .text.bt_l2cap_send_cb
                0x0000000000004e78       0x2a subsys/bluetooth/host/libsubsys__bluetooth__host.a(l2cap.c.obj)
                0x0000000000004e78                bt_l2cap_send_cb
 *fill*         0x0000000000004ea2        0x2 
 .text.l2cap_recv
                0x0000000000004ea4      0x1c0 subsys/bluetooth/host/libsubsys__bluetooth__host.a(l2cap.c.obj)
 .text.bt_l2cap_le_lookup_tx_cid
                0x0000000000005064       0x20 subsys/bluetooth/host/libsubsys__bluetooth__host.a(l2cap.c.obj)
                0x0000000000005064                bt_l2cap_le_lookup_tx_cid
 .text.bt_l2cap_le_lookup_rx_cid
                0x0000000000005084       0x1e subsys/bluetooth/host/libsubsys__bluetooth__host.a(l2cap.c.obj)
                0x0000000000005084                bt_l2cap_le_lookup_rx_cid
 *fill*         0x00000000000050a2        0x2 
 .text.bt_l2cap_recv
                0x00000000000050a4       0x88 subsys/bluetooth/host/libsubsys__bluetooth__host.a(l2cap.c.obj)
                0x00000000000050a4                bt_l2cap_recv
 .text.bt_l2cap_update_conn_param
                0x000000000000512c       0x50 subsys/bluetooth/host/libsubsys__bluetooth__host.a(l2cap.c.obj)
                0x000000000000512c                bt_l2cap_update_conn_param
 .text.bt_l2cap_init
                0x000000000000517c        0xc subsys/bluetooth/host/libsubsys__bluetooth__host.a(l2cap.c.obj)
                0x000000000000517c                bt_l2cap_init
 .text.att_exec_write_req
                0x0000000000005188        0x4 subsys/bluetooth/host/libsubsys__bluetooth__host.a(att.c.obj)
 .text.att_op_get_type
                0x000000000000518c       0x30 subsys/bluetooth/host/libsubsys__bluetooth__host.a(att.c.obj)
 .text.bt_att_accept
                0x00000000000051bc       0x68 subsys/bluetooth/host/libsubsys__bluetooth__host.a(att.c.obj)
 .text.att_req_destroy
                0x0000000000005224       0x22 subsys/bluetooth/host/libsubsys__bluetooth__host.a(att.c.obj)
 .text.att_notify
                0x0000000000005246        0xe subsys/bluetooth/host/libsubsys__bluetooth__host.a(att.c.obj)
 .text.read_group_cb
                0x0000000000005254       0xce subsys/bluetooth/host/libsubsys__bluetooth__host.a(att.c.obj)
 .text.find_info_cb
                0x0000000000005322       0x9a subsys/bluetooth/host/libsubsys__bluetooth__host.a(att.c.obj)
 .text.find_type_cb
                0x00000000000053bc       0xa6 subsys/bluetooth/host/libsubsys__bluetooth__host.a(att.c.obj)
 *fill*         0x0000000000005462        0x2 
 .text.bt_att_connected
                0x0000000000005464       0x2c subsys/bluetooth/host/libsubsys__bluetooth__host.a(att.c.obj)
 .text.check_perm.isra.5
                0x0000000000005490       0x40 subsys/bluetooth/host/libsubsys__bluetooth__host.a(att.c.obj)
 .text.read_type_cb
                0x00000000000054d0       0xbc subsys/bluetooth/host/libsubsys__bluetooth__host.a(att.c.obj)
 .text.uuid_create
                0x000000000000558c       0x32 subsys/bluetooth/host/libsubsys__bluetooth__host.a(att.c.obj)
 *fill*         0x00000000000055be        0x2 
 .text.att_req_sent
                0x00000000000055c0       0x30 subsys/bluetooth/host/libsubsys__bluetooth__host.a(att.c.obj)
 .text.att_is_connected
                0x00000000000055f0       0x22 subsys/bluetooth/host/libsubsys__bluetooth__host.a(att.c.obj)
 .text.att_prepare_write_req
                0x0000000000005612        0x4 subsys/bluetooth/host/libsubsys__bluetooth__host.a(att.c.obj)
 .text.att_pdu_sent
                0x0000000000005616       0x12 subsys/bluetooth/host/libsubsys__bluetooth__host.a(att.c.obj)
 .text.att_rsp_sent
                0x0000000000005628       0x2e subsys/bluetooth/host/libsubsys__bluetooth__host.a(att.c.obj)
 .text.att_cfm_sent
                0x0000000000005656       0x2e subsys/bluetooth/host/libsubsys__bluetooth__host.a(att.c.obj)
 .text.att_chan_get
                0x0000000000005684       0x8c subsys/bluetooth/host/libsubsys__bluetooth__host.a(att.c.obj)
 .text.write_cb
                0x0000000000005710       0x56 subsys/bluetooth/host/libsubsys__bluetooth__host.a(att.c.obj)
 *fill*         0x0000000000005766        0x2 
 .text.att_send_req
                0x0000000000005768       0xa4 subsys/bluetooth/host/libsubsys__bluetooth__host.a(att.c.obj)
 .text.att_handle_rsp
                0x000000000000580c       0xa4 subsys/bluetooth/host/libsubsys__bluetooth__host.a(att.c.obj)
 .text.att_confirm
                0x00000000000058b0        0xa subsys/bluetooth/host/libsubsys__bluetooth__host.a(att.c.obj)
 .text.att_handle_exec_write_rsp
                0x00000000000058ba        0x4 subsys/bluetooth/host/libsubsys__bluetooth__host.a(att.c.obj)
 .text.att_handle_prepare_write_rsp
                0x00000000000058be        0x4 subsys/bluetooth/host/libsubsys__bluetooth__host.a(att.c.obj)
 .text.att_handle_write_rsp
                0x00000000000058c2        0x4 subsys/bluetooth/host/libsubsys__bluetooth__host.a(att.c.obj)
 .text.att_handle_read_mult_rsp
                0x00000000000058c6        0x4 subsys/bluetooth/host/libsubsys__bluetooth__host.a(att.c.obj)
 .text.att_handle_read_blob_rsp
                0x00000000000058ca        0x4 subsys/bluetooth/host/libsubsys__bluetooth__host.a(att.c.obj)
 .text.att_handle_read_rsp
                0x00000000000058ce        0x4 subsys/bluetooth/host/libsubsys__bluetooth__host.a(att.c.obj)
 .text.att_handle_read_type_rsp
                0x00000000000058d2        0x4 subsys/bluetooth/host/libsubsys__bluetooth__host.a(att.c.obj)
 .text.att_handle_find_type_rsp
                0x00000000000058d6        0x4 subsys/bluetooth/host/libsubsys__bluetooth__host.a(att.c.obj)
 .text.att_handle_find_info_rsp
                0x00000000000058da        0x4 subsys/bluetooth/host/libsubsys__bluetooth__host.a(att.c.obj)
 .text.att_mtu_rsp
                0x00000000000058de       0x2e subsys/bluetooth/host/libsubsys__bluetooth__host.a(att.c.obj)
 .text.att_error_rsp
                0x000000000000590c       0x2a subsys/bluetooth/host/libsubsys__bluetooth__host.a(att.c.obj)
 .text.att_reset
                0x0000000000005936       0x7c subsys/bluetooth/host/libsubsys__bluetooth__host.a(att.c.obj)
 .text.bt_att_disconnected
                0x00000000000059b2       0x12 subsys/bluetooth/host/libsubsys__bluetooth__host.a(att.c.obj)
 .text.att_timeout
                0x00000000000059c4       0x4c subsys/bluetooth/host/libsubsys__bluetooth__host.a(att.c.obj)
 .text.read_cb  0x0000000000005a10       0x76 subsys/bluetooth/host/libsubsys__bluetooth__host.a(att.c.obj)
 *fill*         0x0000000000005a86        0x2 
 .text.bt_att_create_pdu
                0x0000000000005a88       0x6c subsys/bluetooth/host/libsubsys__bluetooth__host.a(att.c.obj)
                0x0000000000005a88                bt_att_create_pdu
 .text.att_indicate
                0x0000000000005af4       0x2c subsys/bluetooth/host/libsubsys__bluetooth__host.a(att.c.obj)
 .text.att_mtu_req
                0x0000000000005b20       0x58 subsys/bluetooth/host/libsubsys__bluetooth__host.a(att.c.obj)
 .text.send_err_rsp.part.11
                0x0000000000005b78       0x44 subsys/bluetooth/host/libsubsys__bluetooth__host.a(att.c.obj)
 .text.bt_att_recv
                0x0000000000005bbc      0x17c subsys/bluetooth/host/libsubsys__bluetooth__host.a(att.c.obj)
 .text.att_read_group_req
                0x0000000000005d38      0x108 subsys/bluetooth/host/libsubsys__bluetooth__host.a(att.c.obj)
 .text.att_read_mult_req
                0x0000000000005e40       0x8c subsys/bluetooth/host/libsubsys__bluetooth__host.a(att.c.obj)
 .text.att_read_rsp
                0x0000000000005ecc       0x8c subsys/bluetooth/host/libsubsys__bluetooth__host.a(att.c.obj)
 .text.att_read_blob_req
                0x0000000000005f58       0x18 subsys/bluetooth/host/libsubsys__bluetooth__host.a(att.c.obj)
 .text.att_read_req
                0x0000000000005f70       0x18 subsys/bluetooth/host/libsubsys__bluetooth__host.a(att.c.obj)
 .text.att_read_type_req
                0x0000000000005f88       0xd4 subsys/bluetooth/host/libsubsys__bluetooth__host.a(att.c.obj)
 .text.att_find_type_req
                0x000000000000605c       0xe4 subsys/bluetooth/host/libsubsys__bluetooth__host.a(att.c.obj)
 .text.att_find_info_req
                0x0000000000006140       0x78 subsys/bluetooth/host/libsubsys__bluetooth__host.a(att.c.obj)
 .text.att_write_rsp.part.12.constprop.17
                0x00000000000061b8       0xac subsys/bluetooth/host/libsubsys__bluetooth__host.a(att.c.obj)
 .text.att_signed_write_cmd
                0x0000000000006264       0x90 subsys/bluetooth/host/libsubsys__bluetooth__host.a(att.c.obj)
 .text.att_write_cmd
                0x00000000000062f4       0x2c subsys/bluetooth/host/libsubsys__bluetooth__host.a(att.c.obj)
 .text.att_write_req
                0x0000000000006320       0x2c subsys/bluetooth/host/libsubsys__bluetooth__host.a(att.c.obj)
 .text.bt_att_init
                0x000000000000634c       0x14 subsys/bluetooth/host/libsubsys__bluetooth__host.a(att.c.obj)
                0x000000000000634c                bt_att_init
 .text.bt_att_req_send
                0x0000000000006360       0x4a subsys/bluetooth/host/libsubsys__bluetooth__host.a(att.c.obj)
                0x0000000000006360                bt_att_req_send
 .text.sc_ccc_cfg_changed
                0x00000000000063aa        0x2 subsys/bluetooth/host/libsubsys__bluetooth__host.a(gatt.c.obj)
 .text.find_next
                0x00000000000063ac        0x6 subsys/bluetooth/host/libsubsys__bluetooth__host.a(gatt.c.obj)
 .text.gatt_ccc_changed
                0x00000000000063b2       0x32 subsys/bluetooth/host/libsubsys__bluetooth__host.a(gatt.c.obj)
 .text.gatt_indicate_rsp
                0x00000000000063e4       0x10 subsys/bluetooth/host/libsubsys__bluetooth__host.a(gatt.c.obj)
 .text.gatt_register
                0x00000000000063f4       0x9c subsys/bluetooth/host/libsubsys__bluetooth__host.a(gatt.c.obj)
 .text.gatt_notify
                0x0000000000006490       0x84 subsys/bluetooth/host/libsubsys__bluetooth__host.a(gatt.c.obj)
 .text.gatt_indicate
                0x0000000000006514       0xec subsys/bluetooth/host/libsubsys__bluetooth__host.a(gatt.c.obj)
 .text.sc_indicate.constprop.19
                0x0000000000006600       0x6c subsys/bluetooth/host/libsubsys__bluetooth__host.a(gatt.c.obj)
 .text.connected_cb
                0x000000000000666c       0x70 subsys/bluetooth/host/libsubsys__bluetooth__host.a(gatt.c.obj)
 .text.sc_indicate_rsp
                0x00000000000066dc       0x40 subsys/bluetooth/host/libsubsys__bluetooth__host.a(gatt.c.obj)
 .text.read_appearance
                0x000000000000671c       0x36 subsys/bluetooth/host/libsubsys__bluetooth__host.a(gatt.c.obj)
 *fill*         0x0000000000006752        0x2 
 .text.disconnected_cb
                0x0000000000006754       0xa4 subsys/bluetooth/host/libsubsys__bluetooth__host.a(gatt.c.obj)
 .text.read_name
                0x00000000000067f8       0x40 subsys/bluetooth/host/libsubsys__bluetooth__host.a(gatt.c.obj)
 .text.bt_gatt_attr_read_ccc
                0x0000000000006838       0x6c subsys/bluetooth/host/libsubsys__bluetooth__host.a(gatt.c.obj)
                0x0000000000006838                bt_gatt_attr_read_ccc
 .text.bt_gatt_attr_read_service
                0x00000000000068a4       0x52 subsys/bluetooth/host/libsubsys__bluetooth__host.a(gatt.c.obj)
                0x00000000000068a4                bt_gatt_attr_read_service
 *fill*         0x00000000000068f6        0x2 
 .text.bt_gatt_attr_write_ccc
                0x00000000000068f8       0xfc subsys/bluetooth/host/libsubsys__bluetooth__host.a(gatt.c.obj)
                0x00000000000068f8                bt_gatt_attr_write_ccc
 .text.notify_cb
                0x00000000000069f4       0xf8 subsys/bluetooth/host/libsubsys__bluetooth__host.a(gatt.c.obj)
 .text.bt_gatt_init
                0x0000000000006aec       0x2c subsys/bluetooth/host/libsubsys__bluetooth__host.a(gatt.c.obj)
                0x0000000000006aec                bt_gatt_init
 .text.bt_gatt_foreach_attr
                0x0000000000006b18       0x54 subsys/bluetooth/host/libsubsys__bluetooth__host.a(gatt.c.obj)
                0x0000000000006b18                bt_gatt_foreach_attr
 .text.bt_gatt_indicate.part.10
                0x0000000000006b6c       0x2c subsys/bluetooth/host/libsubsys__bluetooth__host.a(gatt.c.obj)
 .text.sc_process
                0x0000000000006b98       0x80 subsys/bluetooth/host/libsubsys__bluetooth__host.a(gatt.c.obj)
 .text.bt_gatt_attr_next
                0x0000000000006c18       0x24 subsys/bluetooth/host/libsubsys__bluetooth__host.a(gatt.c.obj)
                0x0000000000006c18                bt_gatt_attr_next
 .text.bt_gatt_attr_read_chrc
                0x0000000000006c3c       0xb4 subsys/bluetooth/host/libsubsys__bluetooth__host.a(gatt.c.obj)
                0x0000000000006c3c                bt_gatt_attr_read_chrc
 .text.bt_gatt_connected
                0x0000000000006cf0       0x14 subsys/bluetooth/host/libsubsys__bluetooth__host.a(gatt.c.obj)
                0x0000000000006cf0                bt_gatt_connected
 .text.bt_gatt_disconnected
                0x0000000000006d04       0x14 subsys/bluetooth/host/libsubsys__bluetooth__host.a(gatt.c.obj)
                0x0000000000006d04                bt_gatt_disconnected
 .text.bt_smp_accept
                0x0000000000006d18       0x50 subsys/bluetooth/host/libsubsys__bluetooth__host.a(smp_null.c.obj)
 .text.bt_smp_recv
                0x0000000000006d68       0x3a subsys/bluetooth/host/libsubsys__bluetooth__host.a(smp_null.c.obj)
 .text.bt_smp_sign_verify
                0x0000000000006da2        0x6 subsys/bluetooth/host/libsubsys__bluetooth__host.a(smp_null.c.obj)
                0x0000000000006da2                bt_smp_sign_verify
 .text.bt_smp_init
                0x0000000000006da8       0x10 subsys/bluetooth/host/libsubsys__bluetooth__host.a(smp_null.c.obj)
                0x0000000000006da8                bt_smp_init
 .text.mem_init
                0x0000000000006db8       0x4e subsys/bluetooth/controller/libsubsys__bluetooth__controller.a(mem.c.obj)
                0x0000000000006db8                mem_init
 .text.mem_acquire
                0x0000000000006e06       0x34 subsys/bluetooth/controller/libsubsys__bluetooth__controller.a(mem.c.obj)
                0x0000000000006e06                mem_acquire
 .text.mem_release
                0x0000000000006e3a       0x2a subsys/bluetooth/controller/libsubsys__bluetooth__controller.a(mem.c.obj)
                0x0000000000006e3a                mem_release
 .text.mem_free_count_get
                0x0000000000006e64        0xc subsys/bluetooth/controller/libsubsys__bluetooth__controller.a(mem.c.obj)
                0x0000000000006e64                mem_free_count_get
 .text.mem_get  0x0000000000006e70        0x6 subsys/bluetooth/controller/libsubsys__bluetooth__controller.a(mem.c.obj)
                0x0000000000006e70                mem_get
 .text.mem_index_get
                0x0000000000006e76        0xa subsys/bluetooth/controller/libsubsys__bluetooth__controller.a(mem.c.obj)
                0x0000000000006e76                mem_index_get
 .text.mem_rcopy
                0x0000000000006e80       0x1e subsys/bluetooth/controller/libsubsys__bluetooth__controller.a(mem.c.obj)
                0x0000000000006e80                mem_rcopy
 .text.mem_nz   0x0000000000006e9e       0x16 subsys/bluetooth/controller/libsubsys__bluetooth__controller.a(mem.c.obj)
                0x0000000000006e9e                mem_nz
 .text.memq_init
                0x0000000000006eb4        0x6 subsys/bluetooth/controller/libsubsys__bluetooth__controller.a(memq.c.obj)
                0x0000000000006eb4                memq_init
 .text.memq_enqueue
                0x0000000000006eba        0xe subsys/bluetooth/controller/libsubsys__bluetooth__controller.a(memq.c.obj)
                0x0000000000006eba                memq_enqueue
 .text.memq_peek
                0x0000000000006ec8       0x10 subsys/bluetooth/controller/libsubsys__bluetooth__controller.a(memq.c.obj)
                0x0000000000006ec8                memq_peek
 .text.memq_dequeue
                0x0000000000006ed8       0x1e subsys/bluetooth/controller/libsubsys__bluetooth__controller.a(memq.c.obj)
                0x0000000000006ed8                memq_dequeue
 *fill*         0x0000000000006ef6        0x2 
 .text.mayfly_init
                0x0000000000006ef8       0x54 subsys/bluetooth/controller/libsubsys__bluetooth__controller.a(mayfly.c.obj)
                0x0000000000006ef8                mayfly_init
 .text.mayfly_enable
                0x0000000000006f4c       0x50 subsys/bluetooth/controller/libsubsys__bluetooth__controller.a(mayfly.c.obj)
                0x0000000000006f4c                mayfly_enable
 .text.mayfly_enqueue
                0x0000000000006f9c       0x9c subsys/bluetooth/controller/libsubsys__bluetooth__controller.a(mayfly.c.obj)
                0x0000000000006f9c                mayfly_enqueue
 .text.mayfly_run
                0x0000000000007038      0x124 subsys/bluetooth/controller/libsubsys__bluetooth__controller.a(mayfly.c.obj)
                0x0000000000007038                mayfly_run
 .text.util_ones_count_get
                0x000000000000715c       0x22 subsys/bluetooth/controller/libsubsys__bluetooth__controller.a(util.c.obj)
                0x000000000000715c                util_ones_count_get
 .text.ticker_dequeue
                0x000000000000717e       0x58 subsys/bluetooth/controller/libsubsys__bluetooth__controller.a(ticker.c.obj)
 .text.ticks_to_expire_prep
                0x00000000000071d6       0x3c subsys/bluetooth/controller/libsubsys__bluetooth__controller.a(ticker.c.obj)
 .text.ticker_job_op_cb
                0x0000000000007212       0x14 subsys/bluetooth/controller/libsubsys__bluetooth__controller.a(ticker.c.obj)
 .text.ticker_worker
                0x0000000000007226       0xae subsys/bluetooth/controller/libsubsys__bluetooth__controller.a(ticker.c.obj)
                0x0000000000007226                ticker_worker
 .text.ticker_job
                0x00000000000072d4      0x7b4 subsys/bluetooth/controller/libsubsys__bluetooth__controller.a(ticker.c.obj)
                0x00000000000072d4                ticker_job
 .text.ticker_init
                0x0000000000007a88       0x70 subsys/bluetooth/controller/libsubsys__bluetooth__controller.a(ticker.c.obj)
                0x0000000000007a88                ticker_init
 .text.ticker_trigger
                0x0000000000007af8       0x24 subsys/bluetooth/controller/libsubsys__bluetooth__controller.a(ticker.c.obj)
                0x0000000000007af8                ticker_trigger
 .text.ticker_start
                0x0000000000007b1c       0xa0 subsys/bluetooth/controller/libsubsys__bluetooth__controller.a(ticker.c.obj)
                0x0000000000007b1c                ticker_start
 .text.ticker_update
                0x0000000000007bbc       0x9c subsys/bluetooth/controller/libsubsys__bluetooth__controller.a(ticker.c.obj)
                0x0000000000007bbc                ticker_update
 .text.ticker_stop
                0x0000000000007c58       0x78 subsys/bluetooth/controller/libsubsys__bluetooth__controller.a(ticker.c.obj)
                0x0000000000007c58                ticker_stop
 .text.ticker_next_slot_get
                0x0000000000007cd0       0x84 subsys/bluetooth/controller/libsubsys__bluetooth__controller.a(ticker.c.obj)
                0x0000000000007cd0                ticker_next_slot_get
 .text.ticker_job_idle_get
                0x0000000000007d54       0x78 subsys/bluetooth/controller/libsubsys__bluetooth__controller.a(ticker.c.obj)
                0x0000000000007d54                ticker_job_idle_get
 .text.ticker_job_sched
                0x0000000000007dcc       0x2c subsys/bluetooth/controller/libsubsys__bluetooth__controller.a(ticker.c.obj)
                0x0000000000007dcc                ticker_job_sched
 .text.ticker_ticks_now_get
                0x0000000000007df8        0x4 subsys/bluetooth/controller/libsubsys__bluetooth__controller.a(ticker.c.obj)
                0x0000000000007df8                ticker_ticks_now_get
 .text.ticker_ticks_diff_get
                0x0000000000007dfc        0x8 subsys/bluetooth/controller/libsubsys__bluetooth__controller.a(ticker.c.obj)
                0x0000000000007dfc                ticker_ticks_diff_get
 .text.ll_addr_get
                0x0000000000007e04       0x34 subsys/bluetooth/controller/libsubsys__bluetooth__controller.a(ll_addr.c.obj)
                0x0000000000007e04                ll_addr_get
 .text.ll_addr_set
                0x0000000000007e38       0x38 subsys/bluetooth/controller/libsubsys__bluetooth__controller.a(ll_addr.c.obj)
                0x0000000000007e38                ll_addr_set
 .text.ll_tx_pwr_get
                0x0000000000007e70        0x8 subsys/bluetooth/controller/libsubsys__bluetooth__controller.a(ll_tx_pwr.c.obj)
                0x0000000000007e70                ll_tx_pwr_get
 .text.bt_rand  0x0000000000007e78       0x38 subsys/bluetooth/controller/libsubsys__bluetooth__controller.a(crypto.c.obj)
                0x0000000000007e78                bt_rand
 .text.bt_encrypt_le
                0x0000000000007eb0        0xc subsys/bluetooth/controller/libsubsys__bluetooth__controller.a(crypto.c.obj)
                0x0000000000007eb0                bt_encrypt_le
 .text._hci_driver_init
                0x0000000000007ebc       0x10 subsys/bluetooth/controller/libsubsys__bluetooth__controller.a(hci_driver.c.obj)
 .text.recv_thread
                0x0000000000007ecc       0xc4 subsys/bluetooth/controller/libsubsys__bluetooth__controller.a(hci_driver.c.obj)
 .text.hci_driver_send
                0x0000000000007f90       0xac subsys/bluetooth/controller/libsubsys__bluetooth__controller.a(hci_driver.c.obj)
 .text.prio_recv_thread
                0x000000000000803c       0x5c subsys/bluetooth/controller/libsubsys__bluetooth__controller.a(hci_driver.c.obj)
 .text.hci_driver_open
                0x0000000000008098       0xa0 subsys/bluetooth/controller/libsubsys__bluetooth__controller.a(hci_driver.c.obj)
 .text.sys_put_le32
                0x0000000000008138       0x12 subsys/bluetooth/controller/libsubsys__bluetooth__controller.a(hci.c.obj)
 .text.evt_create
                0x000000000000814a       0x14 subsys/bluetooth/controller/libsubsys__bluetooth__controller.a(hci.c.obj)
 *fill*         0x000000000000815e        0x2 
 .text.cmd_status
                0x0000000000008160       0x34 subsys/bluetooth/controller/libsubsys__bluetooth__controller.a(hci.c.obj)
 .text.meta_evt
                0x0000000000008194       0x2a subsys/bluetooth/controller/libsubsys__bluetooth__controller.a(hci.c.obj)
 *fill*         0x00000000000081be        0x2 
 .text.cmd_complete
                0x00000000000081c0       0x44 subsys/bluetooth/controller/libsubsys__bluetooth__controller.a(hci.c.obj)
 .text.encrypt_change
                0x0000000000008204       0x40 subsys/bluetooth/controller/libsubsys__bluetooth__controller.a(hci.c.obj)
 .text.le_remote_feat_complete
                0x0000000000008244       0x5c subsys/bluetooth/controller/libsubsys__bluetooth__controller.a(hci.c.obj)
 .text.le_conn_complete.part.39
                0x00000000000082a0      0x12c subsys/bluetooth/controller/libsubsys__bluetooth__controller.a(hci.c.obj)
 .text.bt_addr_le_to_str.constprop.70
                0x00000000000083cc       0x78 subsys/bluetooth/controller/libsubsys__bluetooth__controller.a(hci.c.obj)
 .text.le_adv_ext_report.isra.66
                0x0000000000008444       0xfc subsys/bluetooth/controller/libsubsys__bluetooth__controller.a(hci.c.obj)
 .text.sys_get_le64
                0x0000000000008540        0x8 subsys/bluetooth/controller/libsubsys__bluetooth__controller.a(hci.c.obj)
 .text.hci_cmd_handle
                0x0000000000008548      0xad8 subsys/bluetooth/controller/libsubsys__bluetooth__controller.a(hci.c.obj)
                0x0000000000008548                hci_cmd_handle
 .text.hci_acl_handle
                0x0000000000009020      0x130 subsys/bluetooth/controller/libsubsys__bluetooth__controller.a(hci.c.obj)
                0x0000000000009020                hci_acl_handle
 .text.hci_acl_encode
                0x0000000000009150       0x84 subsys/bluetooth/controller/libsubsys__bluetooth__controller.a(hci.c.obj)
                0x0000000000009150                hci_acl_encode
 .text.hci_evt_encode
                0x00000000000091d4      0x770 subsys/bluetooth/controller/libsubsys__bluetooth__controller.a(hci.c.obj)
                0x00000000000091d4                hci_evt_encode
 .text.hci_num_cmplt_encode
                0x0000000000009944       0x28 subsys/bluetooth/controller/libsubsys__bluetooth__controller.a(hci.c.obj)
                0x0000000000009944                hci_num_cmplt_encode
 .text.hci_get_class
                0x000000000000996c       0x30 subsys/bluetooth/controller/libsubsys__bluetooth__controller.a(hci.c.obj)
                0x000000000000996c                hci_get_class
 .text.hci_init
                0x000000000000999c       0x3c subsys/bluetooth/controller/libsubsys__bluetooth__controller.a(hci.c.obj)
                0x000000000000999c                hci_init
 .text.cpu_sleep
                0x00000000000099d8        0x8 subsys/bluetooth/controller/libsubsys__bluetooth__controller.a(ctrl.c.obj)
 .text.pdu_len_cmp
                0x00000000000099e0       0x3c subsys/bluetooth/controller/libsubsys__bluetooth__controller.a(ctrl.c.obj)
 .text.ticker_if_done
                0x0000000000009a1c        0x4 subsys/bluetooth/controller/libsubsys__bluetooth__controller.a(ctrl.c.obj)
 .text.prepare_reduced
                0x0000000000009a20        0xc subsys/bluetooth/controller/libsubsys__bluetooth__controller.a(ctrl.c.obj)
 .text.prepare_normal
                0x0000000000009a2c        0xc subsys/bluetooth/controller/libsubsys__bluetooth__controller.a(ctrl.c.obj)
 .text.chan_sel_remap
                0x0000000000009a38       0x36 subsys/bluetooth/controller/libsubsys__bluetooth__controller.a(ctrl.c.obj)
 *fill*         0x0000000000009a6e        0x2 
 .text.packet_rx_acquired_count_get
                0x0000000000009a70       0x2c subsys/bluetooth/controller/libsubsys__bluetooth__controller.a(ctrl.c.obj)
 .text.packet_rx_reserve_get
                0x0000000000009a9c       0x24 subsys/bluetooth/controller/libsubsys__bluetooth__controller.a(ctrl.c.obj)
 .text.conn_update_req
                0x0000000000009ac0       0xcc subsys/bluetooth/controller/libsubsys__bluetooth__controller.a(ctrl.c.obj)
 .text.packet_rx_allocate
                0x0000000000009b8c       0x98 subsys/bluetooth/controller/libsubsys__bluetooth__controller.a(ctrl.c.obj)
 .text.common_init
                0x0000000000009c24      0x11c subsys/bluetooth/controller/libsubsys__bluetooth__controller.a(ctrl.c.obj)
 .text.tx_cmplt_get
                0x0000000000009d40       0x94 subsys/bluetooth/controller/libsubsys__bluetooth__controller.a(ctrl.c.obj)
 .text.connection_get
                0x0000000000009dd4       0x2c subsys/bluetooth/controller/libsubsys__bluetooth__controller.a(ctrl.c.obj)
 .text.role_disable
                0x0000000000009e00      0x2f8 subsys/bluetooth/controller/libsubsys__bluetooth__controller.a(ctrl.c.obj)
 .text.mayfly_xtal_retain
                0x000000000000a0f8       0xb4 subsys/bluetooth/controller/libsubsys__bluetooth__controller.a(ctrl.c.obj)
 .text.rx_packet_set
                0x000000000000a1ac       0x58 subsys/bluetooth/controller/libsubsys__bluetooth__controller.a(ctrl.c.obj)
 .text.tx_packet_set
                0x000000000000a204       0x56 subsys/bluetooth/controller/libsubsys__bluetooth__controller.a(ctrl.c.obj)
 *fill*         0x000000000000a25a        0x6 
 .text.sched_free_win_offset_calc
                0x000000000000a260      0x280 subsys/bluetooth/controller/libsubsys__bluetooth__controller.a(ctrl.c.obj)
 .text.mayfly_sched_free_win_offset_calc
                0x000000000000a4e0       0x3c subsys/bluetooth/controller/libsubsys__bluetooth__controller.a(ctrl.c.obj)
 *fill*         0x000000000000a51c        0x4 
 .text.mayfly_sched_win_offset_select
                0x000000000000a520      0x118 subsys/bluetooth/controller/libsubsys__bluetooth__controller.a(ctrl.c.obj)
 .text.sched_after_mstr_free_slot_get
                0x000000000000a638      0x154 subsys/bluetooth/controller/libsubsys__bluetooth__controller.a(ctrl.c.obj)
 .text.isr_adv_ci_adva_check
                0x000000000000a78c       0x48 subsys/bluetooth/controller/libsubsys__bluetooth__controller.a(ctrl.c.obj)
 .text.packet_rx_enqueue
                0x000000000000a7d4       0xa4 subsys/bluetooth/controller/libsubsys__bluetooth__controller.a(ctrl.c.obj)
 .text.isr_scan_tgta_check
                0x000000000000a878       0x98 subsys/bluetooth/controller/libsubsys__bluetooth__controller.a(ctrl.c.obj)
 .text.isr_rx_scan_report
                0x000000000000a910       0xb8 subsys/bluetooth/controller/libsubsys__bluetooth__controller.a(ctrl.c.obj)
 .text.rx_fc_lock
                0x000000000000a9c8       0x34 subsys/bluetooth/controller/libsubsys__bluetooth__controller.a(ctrl.c.obj)
 .text.ticker_success_assert
                0x000000000000a9fc       0x40 subsys/bluetooth/controller/libsubsys__bluetooth__controller.a(ctrl.c.obj)
 .text.ticker_stop_adv_assert
                0x000000000000aa3c       0x70 subsys/bluetooth/controller/libsubsys__bluetooth__controller.a(ctrl.c.obj)
 .text.ticker_stop_scan_assert
                0x000000000000aaac       0x70 subsys/bluetooth/controller/libsubsys__bluetooth__controller.a(ctrl.c.obj)
 .text.ticker_update_adv_assert
                0x000000000000ab1c       0x4c subsys/bluetooth/controller/libsubsys__bluetooth__controller.a(ctrl.c.obj)
 .text.ticker_update_slave_assert
                0x000000000000ab68       0x50 subsys/bluetooth/controller/libsubsys__bluetooth__controller.a(ctrl.c.obj)
 .text.ticker_op_latency_cancelled
                0x000000000000abb8       0x4c subsys/bluetooth/controller/libsubsys__bluetooth__controller.a(ctrl.c.obj)
 .text.ticker_job_disable
                0x000000000000ac04       0x18 subsys/bluetooth/controller/libsubsys__bluetooth__controller.a(ctrl.c.obj)
 .text.hdr_conn_get
                0x000000000000ac1c       0x3c subsys/bluetooth/controller/libsubsys__bluetooth__controller.a(ctrl.c.obj)
 .text.event_stop.part.10
                0x000000000000ac58       0x3c subsys/bluetooth/controller/libsubsys__bluetooth__controller.a(ctrl.c.obj)
 .text.event_stop
                0x000000000000ac94       0x20 subsys/bluetooth/controller/libsubsys__bluetooth__controller.a(ctrl.c.obj)
 .text.event_active
                0x000000000000acb4       0x50 subsys/bluetooth/controller/libsubsys__bluetooth__controller.a(ctrl.c.obj)
 .text.event_xtal
                0x000000000000ad04       0x50 subsys/bluetooth/controller/libsubsys__bluetooth__controller.a(ctrl.c.obj)
 .text.mayfly_radio_active
                0x000000000000ad54       0x68 subsys/bluetooth/controller/libsubsys__bluetooth__controller.a(ctrl.c.obj)
 .text.mayfly_radio_inactive
                0x000000000000adbc        0x6 subsys/bluetooth/controller/libsubsys__bluetooth__controller.a(ctrl.c.obj)
 *fill*         0x000000000000adc2        0x2 
 .text.mayfly_radio_stop
                0x000000000000adc4       0x6c subsys/bluetooth/controller/libsubsys__bluetooth__controller.a(ctrl.c.obj)
 .text.pdu_node_tx_release
                0x000000000000ae30       0x80 subsys/bluetooth/controller/libsubsys__bluetooth__controller.a(ctrl.c.obj)
 .text.packet_tx_enqueue
                0x000000000000aeb0       0x9c subsys/bluetooth/controller/libsubsys__bluetooth__controller.a(ctrl.c.obj)
 .text.connection_release
                0x000000000000af4c      0x140 subsys/bluetooth/controller/libsubsys__bluetooth__controller.a(ctrl.c.obj)
 .text.chan_set
                0x000000000000b08c       0x74 subsys/bluetooth/controller/libsubsys__bluetooth__controller.a(ctrl.c.obj)
 .text.adv_setup
                0x000000000000b100       0xcc subsys/bluetooth/controller/libsubsys__bluetooth__controller.a(ctrl.c.obj)
 *fill*         0x000000000000b1cc        0x4 
 .text.sched_after_mstr_free_offset_get
                0x000000000000b1d0       0xac subsys/bluetooth/controller/libsubsys__bluetooth__controller.a(ctrl.c.obj)
 .text.mayfly_sched_win_offset_use
                0x000000000000b27c       0x34 subsys/bluetooth/controller/libsubsys__bluetooth__controller.a(ctrl.c.obj)
 .text.mayfly_sched_after_mstr_free_offset_get
                0x000000000000b2b0       0x1c subsys/bluetooth/controller/libsubsys__bluetooth__controller.a(ctrl.c.obj)
 .text.terminate_ind_rx_enqueue
                0x000000000000b2cc       0x94 subsys/bluetooth/controller/libsubsys__bluetooth__controller.a(ctrl.c.obj)
 .text.prepare_normal_set
                0x000000000000b360       0x7c subsys/bluetooth/controller/libsubsys__bluetooth__controller.a(ctrl.c.obj)
 *fill*         0x000000000000b3dc        0x4 
 .text.mayfly_xtal_stop_calc
                0x000000000000b3e0      0x24c subsys/bluetooth/controller/libsubsys__bluetooth__controller.a(ctrl.c.obj)
 .text.preempt_calc
                0x000000000000b62c       0x3c subsys/bluetooth/controller/libsubsys__bluetooth__controller.a(ctrl.c.obj)
 .text.adv_scan_configure.constprop.30
                0x000000000000b668       0x54 subsys/bluetooth/controller/libsubsys__bluetooth__controller.a(ctrl.c.obj)
 .text.event_scan
                0x000000000000b6bc      0x1c8 subsys/bluetooth/controller/libsubsys__bluetooth__controller.a(ctrl.c.obj)
 .text.event_stop.constprop.31
                0x000000000000b884       0x1c subsys/bluetooth/controller/libsubsys__bluetooth__controller.a(ctrl.c.obj)
 .text.event_common_prepare
                0x000000000000b8a0      0x1b4 subsys/bluetooth/controller/libsubsys__bluetooth__controller.a(ctrl.c.obj)
 .text.event_scan_prepare
                0x000000000000ba54       0xc8 subsys/bluetooth/controller/libsubsys__bluetooth__controller.a(ctrl.c.obj)
 .text.mayfly_xtal_start
                0x000000000000bb1c       0x10 subsys/bluetooth/controller/libsubsys__bluetooth__controller.a(ctrl.c.obj)
 .text.mayfly_xtal_stop
                0x000000000000bb2c       0x10 subsys/bluetooth/controller/libsubsys__bluetooth__controller.a(ctrl.c.obj)
 .text.chan_sel_2
                0x000000000000bb3c       0x88 subsys/bluetooth/controller/libsubsys__bluetooth__controller.a(ctrl.c.obj)
 .text.ctrl_tx_enqueue
                0x000000000000bbc4       0x5c subsys/bluetooth/controller/libsubsys__bluetooth__controller.a(ctrl.c.obj)
 .text.ctrl_tx_sec_enqueue
                0x000000000000bc20       0x32 subsys/bluetooth/controller/libsubsys__bluetooth__controller.a(ctrl.c.obj)
 *fill*         0x000000000000bc52        0x2 
 .text.feature_rsp_send
                0x000000000000bc54       0x8c subsys/bluetooth/controller/libsubsys__bluetooth__controller.a(ctrl.c.obj)
 .text.start_enc_rsp_send
                0x000000000000bce0       0x48 subsys/bluetooth/controller/libsubsys__bluetooth__controller.a(ctrl.c.obj)
 .text.reject_ext_ind_send
                0x000000000000bd28       0x38 subsys/bluetooth/controller/libsubsys__bluetooth__controller.a(ctrl.c.obj)
 .text.event_connection_prepare
                0x000000000000bd60     0x1230 subsys/bluetooth/controller/libsubsys__bluetooth__controller.a(ctrl.c.obj)
 .text.event_master_prepare
                0x000000000000cf90        0x4 subsys/bluetooth/controller/libsubsys__bluetooth__controller.a(ctrl.c.obj)
 .text.event_slave_prepare
                0x000000000000cf94        0x4 subsys/bluetooth/controller/libsubsys__bluetooth__controller.a(ctrl.c.obj)
 .text.connection_configure
                0x000000000000cf98       0x3c subsys/bluetooth/controller/libsubsys__bluetooth__controller.a(ctrl.c.obj)
 .text.event_slave
                0x000000000000cfd4      0x200 subsys/bluetooth/controller/libsubsys__bluetooth__controller.a(ctrl.c.obj)
 .text.prepare_pdu_data_tx
                0x000000000000d1d4       0xf8 subsys/bluetooth/controller/libsubsys__bluetooth__controller.a(ctrl.c.obj)
 .text.event_master
                0x000000000000d2cc      0x194 subsys/bluetooth/controller/libsubsys__bluetooth__controller.a(ctrl.c.obj)
 .text.isr_rx_conn_pkt_ctrl
                0x000000000000d460     0x127c subsys/bluetooth/controller/libsubsys__bluetooth__controller.a(ctrl.c.obj)
 *fill*         0x000000000000e6dc        0x4 
 .text.isr      0x000000000000e6e0     0x19d8 subsys/bluetooth/controller/libsubsys__bluetooth__controller.a(ctrl.c.obj)
 .text.radio_init
                0x00000000000100b8      0x100 subsys/bluetooth/controller/libsubsys__bluetooth__controller.a(ctrl.c.obj)
                0x00000000000100b8                radio_init
 .text.ll_reset
                0x00000000000101b8       0xa0 subsys/bluetooth/controller/libsubsys__bluetooth__controller.a(ctrl.c.obj)
                0x00000000000101b8                ll_reset
 .text.ll_adv_is_enabled
                0x0000000000010258       0x10 subsys/bluetooth/controller/libsubsys__bluetooth__controller.a(ctrl.c.obj)
                0x0000000000010258                ll_adv_is_enabled
 .text.radio_adv_filter_pol_get
                0x0000000000010268       0x18 subsys/bluetooth/controller/libsubsys__bluetooth__controller.a(ctrl.c.obj)
                0x0000000000010268                radio_adv_filter_pol_get
 .text.ll_scan_is_enabled
                0x0000000000010280       0x2c subsys/bluetooth/controller/libsubsys__bluetooth__controller.a(ctrl.c.obj)
                0x0000000000010280                ll_scan_is_enabled
 .text.radio_scan_filter_pol_get
                0x00000000000102ac       0x1c subsys/bluetooth/controller/libsubsys__bluetooth__controller.a(ctrl.c.obj)
                0x00000000000102ac                radio_scan_filter_pol_get
 .text.radio_connect_enable
                0x00000000000102c8      0x398 subsys/bluetooth/controller/libsubsys__bluetooth__controller.a(ctrl.c.obj)
                0x00000000000102c8                radio_connect_enable
 .text.ll_conn_update
                0x0000000000010660       0xf0 subsys/bluetooth/controller/libsubsys__bluetooth__controller.a(ctrl.c.obj)
                0x0000000000010660                ll_conn_update
 .text.ll_chm_update
                0x0000000000010750       0x84 subsys/bluetooth/controller/libsubsys__bluetooth__controller.a(ctrl.c.obj)
                0x0000000000010750                ll_chm_update
 .text.ll_chm_get
                0x00000000000107d4       0x2a subsys/bluetooth/controller/libsubsys__bluetooth__controller.a(ctrl.c.obj)
                0x00000000000107d4                ll_chm_get
 .text.ll_feature_req_send
                0x00000000000107fe       0x28 subsys/bluetooth/controller/libsubsys__bluetooth__controller.a(ctrl.c.obj)
                0x00000000000107fe                ll_feature_req_send
 .text.ll_version_ind_send
                0x0000000000010826       0x28 subsys/bluetooth/controller/libsubsys__bluetooth__controller.a(ctrl.c.obj)
                0x0000000000010826                ll_version_ind_send
 .text.ll_terminate_ind_send
                0x000000000001084e       0x28 subsys/bluetooth/controller/libsubsys__bluetooth__controller.a(ctrl.c.obj)
                0x000000000001084e                ll_terminate_ind_send
 .text.ll_tx_pwr_lvl_get
                0x0000000000010876       0x14 subsys/bluetooth/controller/libsubsys__bluetooth__controller.a(ctrl.c.obj)
                0x0000000000010876                ll_tx_pwr_lvl_get
 .text.ll_apto_get
                0x000000000001088a       0x28 subsys/bluetooth/controller/libsubsys__bluetooth__controller.a(ctrl.c.obj)
                0x000000000001088a                ll_apto_get
 .text.ll_apto_set
                0x00000000000108b2       0x2c subsys/bluetooth/controller/libsubsys__bluetooth__controller.a(ctrl.c.obj)
                0x00000000000108b2                ll_apto_set
 .text.ll_length_req_send
                0x00000000000108de       0x46 subsys/bluetooth/controller/libsubsys__bluetooth__controller.a(ctrl.c.obj)
                0x00000000000108de                ll_length_req_send
 .text.ll_length_default_get
                0x0000000000010924       0x14 subsys/bluetooth/controller/libsubsys__bluetooth__controller.a(ctrl.c.obj)
                0x0000000000010924                ll_length_default_get
 .text.ll_length_default_set
                0x0000000000010938       0x14 subsys/bluetooth/controller/libsubsys__bluetooth__controller.a(ctrl.c.obj)
                0x0000000000010938                ll_length_default_set
 .text.ll_length_max_get
                0x000000000001094c       0x12 subsys/bluetooth/controller/libsubsys__bluetooth__controller.a(ctrl.c.obj)
                0x000000000001094c                ll_length_max_get
 .text.ll_phy_get
                0x000000000001095e       0x28 subsys/bluetooth/controller/libsubsys__bluetooth__controller.a(ctrl.c.obj)
                0x000000000001095e                ll_phy_get
 *fill*         0x0000000000010986        0x2 
 .text.ll_phy_default_set
                0x0000000000010988       0x14 subsys/bluetooth/controller/libsubsys__bluetooth__controller.a(ctrl.c.obj)
                0x0000000000010988                ll_phy_default_set
 .text.ll_phy_req_send
                0x000000000001099c       0x60 subsys/bluetooth/controller/libsubsys__bluetooth__controller.a(ctrl.c.obj)
                0x000000000001099c                ll_phy_req_send
 .text.ll_rx_get
                0x00000000000109fc       0x70 subsys/bluetooth/controller/libsubsys__bluetooth__controller.a(ctrl.c.obj)
                0x00000000000109fc                ll_rx_get
 .text.ll_rx_mem_release
                0x0000000000010a6c       0x94 subsys/bluetooth/controller/libsubsys__bluetooth__controller.a(ctrl.c.obj)
                0x0000000000010a6c                ll_rx_mem_release
 .text.do_radio_rx_fc_set
                0x0000000000010b00       0x5c subsys/bluetooth/controller/libsubsys__bluetooth__controller.a(ctrl.c.obj)
                0x0000000000010b00                do_radio_rx_fc_set
 .text.radio_rx_fc_set
                0x0000000000010b5c       0x58 subsys/bluetooth/controller/libsubsys__bluetooth__controller.a(ctrl.c.obj)
                0x0000000000010b5c                radio_rx_fc_set
 .text.ll_tx_mem_acquire
                0x0000000000010bb4        0xc subsys/bluetooth/controller/libsubsys__bluetooth__controller.a(ctrl.c.obj)
                0x0000000000010bb4                ll_tx_mem_acquire
 .text.ll_tx_mem_release
                0x0000000000010bc0        0xc subsys/bluetooth/controller/libsubsys__bluetooth__controller.a(ctrl.c.obj)
                0x0000000000010bc0                ll_tx_mem_release
 .text.ll_tx_mem_enqueue
                0x0000000000010bcc       0xf8 subsys/bluetooth/controller/libsubsys__bluetooth__controller.a(ctrl.c.obj)
                0x0000000000010bcc                ll_tx_mem_enqueue
 .text.ll_enc_req_send
                0x0000000000010cc4       0xd6 subsys/bluetooth/controller/libsubsys__bluetooth__controller.a(ctrl.c.obj)
                0x0000000000010cc4                ll_enc_req_send
 *fill*         0x0000000000010d9a        0x6 
 .text.radio_scan_enable
                0x0000000000010da0      0x1bc subsys/bluetooth/controller/libsubsys__bluetooth__controller.a(ctrl.c.obj)
                0x0000000000010da0                radio_scan_enable
 .text.radio_scan_disable
                0x0000000000010f5c       0x5c subsys/bluetooth/controller/libsubsys__bluetooth__controller.a(ctrl.c.obj)
                0x0000000000010f5c                radio_scan_disable
 .text.ll_connect_disable
                0x0000000000010fb8       0x14 subsys/bluetooth/controller/libsubsys__bluetooth__controller.a(ctrl.c.obj)
                0x0000000000010fb8                ll_connect_disable
 .text.ll_rx_dequeue
                0x0000000000010fcc      0x16c subsys/bluetooth/controller/libsubsys__bluetooth__controller.a(ctrl.c.obj)
                0x0000000000010fcc                ll_rx_dequeue
 .text.rtc0_nrf5_isr
                0x0000000000011138       0x34 subsys/bluetooth/controller/libsubsys__bluetooth__controller.a(ll.c.obj)
 .text.swi4_nrf5_isr
                0x000000000001116c        0x6 subsys/bluetooth/controller/libsubsys__bluetooth__controller.a(ll.c.obj)
 .text.radio_nrf5_isr
                0x0000000000011172       0x1e subsys/bluetooth/controller/libsubsys__bluetooth__controller.a(ll.c.obj)
                0x0000000000011172                radio_nrf5_isr
 .text.radio_active_callback
                0x0000000000011190        0x2 subsys/bluetooth/controller/libsubsys__bluetooth__controller.a(ll.c.obj)
                0x0000000000011190                radio_active_callback
 *fill*         0x0000000000011192        0x2 
 .text.radio_event_callback
                0x0000000000011194        0xc subsys/bluetooth/controller/libsubsys__bluetooth__controller.a(ll.c.obj)
                0x0000000000011194                radio_event_callback
 .text.ll_init  0x00000000000111a0      0x154 subsys/bluetooth/controller/libsubsys__bluetooth__controller.a(ll.c.obj)
                0x00000000000111a0                ll_init
 .text.ll_scan_params_set
                0x00000000000112f4       0x40 subsys/bluetooth/controller/libsubsys__bluetooth__controller.a(ll_scan.c.obj)
                0x00000000000112f4                ll_scan_params_set
 .text.ll_scan_enable
                0x0000000000011334       0x74 subsys/bluetooth/controller/libsubsys__bluetooth__controller.a(ll_scan.c.obj)
                0x0000000000011334                ll_scan_enable
 .text.ll_create_connection
                0x00000000000113a8       0x9c subsys/bluetooth/controller/libsubsys__bluetooth__controller.a(ll_master.c.obj)
                0x00000000000113a8                ll_create_connection
 .text.wl_find  0x0000000000011444       0x64 subsys/bluetooth/controller/libsubsys__bluetooth__controller.a(ll_filter.c.obj)
 .text.filter_wl_update
                0x00000000000114a8       0x80 subsys/bluetooth/controller/libsubsys__bluetooth__controller.a(ll_filter.c.obj)
 .text.rl_access_check.constprop.1
                0x0000000000011528       0x18 subsys/bluetooth/controller/libsubsys__bluetooth__controller.a(ll_filter.c.obj)
 .text.filter_rl_update
                0x0000000000011540       0x4c subsys/bluetooth/controller/libsubsys__bluetooth__controller.a(ll_filter.c.obj)
 .text.ctrl_lrpa_get
                0x000000000001158c       0x28 subsys/bluetooth/controller/libsubsys__bluetooth__controller.a(ll_filter.c.obj)
                0x000000000001158c                ctrl_lrpa_get
 .text.ctrl_irks_get
                0x00000000000115b4       0x14 subsys/bluetooth/controller/libsubsys__bluetooth__controller.a(ll_filter.c.obj)
                0x00000000000115b4                ctrl_irks_get
 .text.ctrl_rl_idx
                0x00000000000115c8       0xb8 subsys/bluetooth/controller/libsubsys__bluetooth__controller.a(ll_filter.c.obj)
                0x00000000000115c8                ctrl_rl_idx
 .text.ctrl_rl_irk_idx
                0x0000000000011680       0x98 subsys/bluetooth/controller/libsubsys__bluetooth__controller.a(ll_filter.c.obj)
                0x0000000000011680                ctrl_rl_irk_idx
 .text.ctrl_irk_whitelisted
                0x0000000000011718       0x5c subsys/bluetooth/controller/libsubsys__bluetooth__controller.a(ll_filter.c.obj)
                0x0000000000011718                ctrl_irk_whitelisted
 .text.ctrl_filter_get
                0x0000000000011774       0x18 subsys/bluetooth/controller/libsubsys__bluetooth__controller.a(ll_filter.c.obj)
                0x0000000000011774                ctrl_filter_get
 .text.ll_wl_size_get
                0x000000000001178c        0x4 subsys/bluetooth/controller/libsubsys__bluetooth__controller.a(ll_filter.c.obj)
                0x000000000001178c                ll_wl_size_get
 .text.ll_wl_clear
                0x0000000000011790       0x40 subsys/bluetooth/controller/libsubsys__bluetooth__controller.a(ll_filter.c.obj)
                0x0000000000011790                ll_wl_clear
 .text.ll_wl_remove
                0x00000000000117d0       0x6c subsys/bluetooth/controller/libsubsys__bluetooth__controller.a(ll_filter.c.obj)
                0x00000000000117d0                ll_wl_remove
 .text.ll_filters_scan_update
                0x000000000001183c       0x44 subsys/bluetooth/controller/libsubsys__bluetooth__controller.a(ll_filter.c.obj)
                0x000000000001183c                ll_filters_scan_update
 .text.ll_rl_find
                0x0000000000011880       0x68 subsys/bluetooth/controller/libsubsys__bluetooth__controller.a(ll_filter.c.obj)
                0x0000000000011880                ll_rl_find
 .text.ll_wl_add
                0x00000000000118e8       0xb0 subsys/bluetooth/controller/libsubsys__bluetooth__controller.a(ll_filter.c.obj)
                0x00000000000118e8                ll_wl_add
 .text.ctrl_rl_idx_allowed
                0x0000000000011998       0x6c subsys/bluetooth/controller/libsubsys__bluetooth__controller.a(ll_filter.c.obj)
                0x0000000000011998                ctrl_rl_idx_allowed
 .text.ll_rl_id_addr_get
                0x0000000000011a04       0x88 subsys/bluetooth/controller/libsubsys__bluetooth__controller.a(ll_filter.c.obj)
                0x0000000000011a04                ll_rl_id_addr_get
 .text.ctrl_rl_addr_allowed
                0x0000000000011a8c       0x78 subsys/bluetooth/controller/libsubsys__bluetooth__controller.a(ll_filter.c.obj)
                0x0000000000011a8c                ctrl_rl_addr_allowed
 .text.ctrl_rl_addr_resolve
                0x0000000000011b04       0x40 subsys/bluetooth/controller/libsubsys__bluetooth__controller.a(ll_filter.c.obj)
                0x0000000000011b04                ctrl_rl_addr_resolve
 .text.ctrl_rl_enabled
                0x0000000000011b44       0x10 subsys/bluetooth/controller/libsubsys__bluetooth__controller.a(ll_filter.c.obj)
                0x0000000000011b44                ctrl_rl_enabled
 .text.ll_rl_rpa_update
                0x0000000000011b54      0x134 subsys/bluetooth/controller/libsubsys__bluetooth__controller.a(ll_filter.c.obj)
                0x0000000000011b54                ll_rl_rpa_update
 .text.rpa_timeout
                0x0000000000011c88       0x24 subsys/bluetooth/controller/libsubsys__bluetooth__controller.a(ll_filter.c.obj)
 .text.ll_adv_scan_state_cb
                0x0000000000011cac       0x30 subsys/bluetooth/controller/libsubsys__bluetooth__controller.a(ll_filter.c.obj)
                0x0000000000011cac                ll_adv_scan_state_cb
 .text.ll_rl_size_get
                0x0000000000011cdc        0x4 subsys/bluetooth/controller/libsubsys__bluetooth__controller.a(ll_filter.c.obj)
                0x0000000000011cdc                ll_rl_size_get
 .text.ll_rl_clear
                0x0000000000011ce0       0x34 subsys/bluetooth/controller/libsubsys__bluetooth__controller.a(ll_filter.c.obj)
                0x0000000000011ce0                ll_rl_clear
 .text.ll_rl_add
                0x0000000000011d14      0x144 subsys/bluetooth/controller/libsubsys__bluetooth__controller.a(ll_filter.c.obj)
                0x0000000000011d14                ll_rl_add
 .text.ll_rl_remove
                0x0000000000011e58       0xd8 subsys/bluetooth/controller/libsubsys__bluetooth__controller.a(ll_filter.c.obj)
                0x0000000000011e58                ll_rl_remove
 .text.ll_rl_crpa_set
                0x0000000000011f30       0x44 subsys/bluetooth/controller/libsubsys__bluetooth__controller.a(ll_filter.c.obj)
                0x0000000000011f30                ll_rl_crpa_set
 .text.ll_rl_crpa_get
                0x0000000000011f74       0x40 subsys/bluetooth/controller/libsubsys__bluetooth__controller.a(ll_filter.c.obj)
                0x0000000000011f74                ll_rl_crpa_get
 .text.ll_rl_lrpa_get
                0x0000000000011fb4       0x30 subsys/bluetooth/controller/libsubsys__bluetooth__controller.a(ll_filter.c.obj)
                0x0000000000011fb4                ll_rl_lrpa_get
 .text.ll_rl_enable
                0x0000000000011fe4       0x24 subsys/bluetooth/controller/libsubsys__bluetooth__controller.a(ll_filter.c.obj)
                0x0000000000011fe4                ll_rl_enable
 .text.ll_rl_timeout_set
                0x0000000000012008       0x10 subsys/bluetooth/controller/libsubsys__bluetooth__controller.a(ll_filter.c.obj)
                0x0000000000012008                ll_rl_timeout_set
 .text.ll_priv_mode_set
                0x0000000000012018       0x50 subsys/bluetooth/controller/libsubsys__bluetooth__controller.a(ll_filter.c.obj)
                0x0000000000012018                ll_priv_mode_set
 .text.ll_filter_reset
                0x0000000000012068       0x90 subsys/bluetooth/controller/libsubsys__bluetooth__controller.a(ll_filter.c.obj)
                0x0000000000012068                ll_filter_reset
 .text.cntr_init
                0x00000000000120f8       0x1c subsys/bluetooth/controller/libsubsys__bluetooth__controller.a(cntr.c.obj)
                0x00000000000120f8                cntr_init
 .text.cntr_start
                0x0000000000012114       0x1c subsys/bluetooth/controller/libsubsys__bluetooth__controller.a(cntr.c.obj)
                0x0000000000012114                cntr_start
 .text.cntr_stop
                0x0000000000012130       0x60 subsys/bluetooth/controller/libsubsys__bluetooth__controller.a(cntr.c.obj)
                0x0000000000012130                cntr_stop
 .text.cntr_cnt_get
                0x0000000000012190        0xc subsys/bluetooth/controller/libsubsys__bluetooth__controller.a(cntr.c.obj)
                0x0000000000012190                cntr_cnt_get
 .text.cntr_cmp_set
                0x000000000001219c       0x10 subsys/bluetooth/controller/libsubsys__bluetooth__controller.a(cntr.c.obj)
                0x000000000001219c                cntr_cmp_set
 .text.do_ecb   0x00000000000121ac       0x4c subsys/bluetooth/controller/libsubsys__bluetooth__controller.a(ecb.c.obj)
 .text.ecb_encrypt
                0x00000000000121f8       0x42 subsys/bluetooth/controller/libsubsys__bluetooth__controller.a(ecb.c.obj)
                0x00000000000121f8                ecb_encrypt
 *fill*         0x000000000001223a        0x2 
 .text.hal_radio_enable_on_tick_ppi_config_and_enable
                0x000000000001223c       0x30 subsys/bluetooth/controller/libsubsys__bluetooth__controller.a(radio.c.obj)
 .text.sw_switch.isra.9
                0x000000000001226c       0xc8 subsys/bluetooth/controller/libsubsys__bluetooth__controller.a(radio.c.obj)
 .text.isr_radio
                0x0000000000012334       0x10 subsys/bluetooth/controller/libsubsys__bluetooth__controller.a(radio.c.obj)
                0x0000000000012334                isr_radio
 .text.radio_isr_set
                0x0000000000012344       0x28 subsys/bluetooth/controller/libsubsys__bluetooth__controller.a(radio.c.obj)
                0x0000000000012344                radio_isr_set
 .text.radio_setup
                0x000000000001236c       0x44 subsys/bluetooth/controller/libsubsys__bluetooth__controller.a(radio.c.obj)
                0x000000000001236c                radio_setup
 .text.radio_reset
                0x00000000000123b0       0x34 subsys/bluetooth/controller/libsubsys__bluetooth__controller.a(radio.c.obj)
                0x00000000000123b0                radio_reset
 .text.radio_phy_set
                0x00000000000123e4       0x20 subsys/bluetooth/controller/libsubsys__bluetooth__controller.a(radio.c.obj)
                0x00000000000123e4                radio_phy_set
 .text.radio_tx_power_set
                0x0000000000012404        0xc subsys/bluetooth/controller/libsubsys__bluetooth__controller.a(radio.c.obj)
                0x0000000000012404                radio_tx_power_set
 .text.radio_freq_chan_set
                0x0000000000012410        0xc subsys/bluetooth/controller/libsubsys__bluetooth__controller.a(radio.c.obj)
                0x0000000000012410                radio_freq_chan_set
 .text.radio_whiten_iv_set
                0x000000000001241c       0x24 subsys/bluetooth/controller/libsubsys__bluetooth__controller.a(radio.c.obj)
                0x000000000001241c                radio_whiten_iv_set
 .text.radio_aa_set
                0x0000000000012440       0x30 subsys/bluetooth/controller/libsubsys__bluetooth__controller.a(radio.c.obj)
                0x0000000000012440                radio_aa_set
 .text.radio_pkt_configure
                0x0000000000012470       0x5c subsys/bluetooth/controller/libsubsys__bluetooth__controller.a(radio.c.obj)
                0x0000000000012470                radio_pkt_configure
 .text.radio_pkt_rx_set
                0x00000000000124cc        0xc subsys/bluetooth/controller/libsubsys__bluetooth__controller.a(radio.c.obj)
                0x00000000000124cc                radio_pkt_rx_set
 .text.radio_pkt_tx_set
                0x00000000000124d8        0xc subsys/bluetooth/controller/libsubsys__bluetooth__controller.a(radio.c.obj)
                0x00000000000124d8                radio_pkt_tx_set
 .text.radio_tx_ready_delay_get
                0x00000000000124e4        0xa subsys/bluetooth/controller/libsubsys__bluetooth__controller.a(radio.c.obj)
                0x00000000000124e4                radio_tx_ready_delay_get
 .text.radio_tx_chain_delay_get
                0x00000000000124ee        0x4 subsys/bluetooth/controller/libsubsys__bluetooth__controller.a(radio.c.obj)
                0x00000000000124ee                radio_tx_chain_delay_get
 .text.radio_rx_ready_delay_get
                0x00000000000124f2        0x4 subsys/bluetooth/controller/libsubsys__bluetooth__controller.a(radio.c.obj)
                0x00000000000124f2                radio_rx_ready_delay_get
 .text.radio_rx_chain_delay_get
                0x00000000000124f6        0xa subsys/bluetooth/controller/libsubsys__bluetooth__controller.a(radio.c.obj)
                0x00000000000124f6                radio_rx_chain_delay_get
 .text.radio_rx_enable
                0x0000000000012500        0xc subsys/bluetooth/controller/libsubsys__bluetooth__controller.a(radio.c.obj)
                0x0000000000012500                radio_rx_enable
 .text.radio_tx_enable
                0x000000000001250c        0xc subsys/bluetooth/controller/libsubsys__bluetooth__controller.a(radio.c.obj)
                0x000000000001250c                radio_tx_enable
 .text.radio_disable
                0x0000000000012518       0x24 subsys/bluetooth/controller/libsubsys__bluetooth__controller.a(radio.c.obj)
                0x0000000000012518                radio_disable
 .text.radio_status_reset
                0x000000000001253c       0x18 subsys/bluetooth/controller/libsubsys__bluetooth__controller.a(radio.c.obj)
                0x000000000001253c                radio_status_reset
 .text.radio_is_ready
                0x0000000000012554       0x14 subsys/bluetooth/controller/libsubsys__bluetooth__controller.a(radio.c.obj)
                0x0000000000012554                radio_is_ready
 .text.radio_is_done
                0x0000000000012568       0x14 subsys/bluetooth/controller/libsubsys__bluetooth__controller.a(radio.c.obj)
                0x0000000000012568                radio_is_done
 .text.radio_is_idle
                0x000000000001257c       0x14 subsys/bluetooth/controller/libsubsys__bluetooth__controller.a(radio.c.obj)
                0x000000000001257c                radio_is_idle
 .text.radio_crc_configure
                0x0000000000012590       0x18 subsys/bluetooth/controller/libsubsys__bluetooth__controller.a(radio.c.obj)
                0x0000000000012590                radio_crc_configure
 .text.radio_crc_is_valid
                0x00000000000125a8       0x14 subsys/bluetooth/controller/libsubsys__bluetooth__controller.a(radio.c.obj)
                0x00000000000125a8                radio_crc_is_valid
 .text.radio_pkt_empty_get
                0x00000000000125bc        0x8 subsys/bluetooth/controller/libsubsys__bluetooth__controller.a(radio.c.obj)
                0x00000000000125bc                radio_pkt_empty_get
 .text.radio_pkt_scratch_get
                0x00000000000125c4        0x8 subsys/bluetooth/controller/libsubsys__bluetooth__controller.a(radio.c.obj)
                0x00000000000125c4                radio_pkt_scratch_get
 .text.radio_switch_complete_and_rx
                0x00000000000125cc       0x18 subsys/bluetooth/controller/libsubsys__bluetooth__controller.a(radio.c.obj)
                0x00000000000125cc                radio_switch_complete_and_rx
 .text.radio_switch_complete_and_tx
                0x00000000000125e4       0x14 subsys/bluetooth/controller/libsubsys__bluetooth__controller.a(radio.c.obj)
                0x00000000000125e4                radio_switch_complete_and_tx
 .text.radio_switch_complete_and_disable
                0x00000000000125f8       0x1c subsys/bluetooth/controller/libsubsys__bluetooth__controller.a(radio.c.obj)
                0x00000000000125f8                radio_switch_complete_and_disable
 .text.radio_rssi_measure
                0x0000000000012614       0x14 subsys/bluetooth/controller/libsubsys__bluetooth__controller.a(radio.c.obj)
                0x0000000000012614                radio_rssi_measure
 .text.radio_rssi_get
                0x0000000000012628        0xc subsys/bluetooth/controller/libsubsys__bluetooth__controller.a(radio.c.obj)
                0x0000000000012628                radio_rssi_get
 .text.radio_rssi_status_reset
                0x0000000000012634       0x10 subsys/bluetooth/controller/libsubsys__bluetooth__controller.a(radio.c.obj)
                0x0000000000012634                radio_rssi_status_reset
 .text.radio_rssi_is_ready
                0x0000000000012644       0x14 subsys/bluetooth/controller/libsubsys__bluetooth__controller.a(radio.c.obj)
                0x0000000000012644                radio_rssi_is_ready
 .text.radio_filter_configure
                0x0000000000012658       0x34 subsys/bluetooth/controller/libsubsys__bluetooth__controller.a(radio.c.obj)
                0x0000000000012658                radio_filter_configure
 .text.radio_filter_disable
                0x000000000001268c       0x14 subsys/bluetooth/controller/libsubsys__bluetooth__controller.a(radio.c.obj)
                0x000000000001268c                radio_filter_disable
 .text.radio_filter_status_reset
                0x00000000000126a0       0x10 subsys/bluetooth/controller/libsubsys__bluetooth__controller.a(radio.c.obj)
                0x00000000000126a0                radio_filter_status_reset
 .text.radio_filter_has_match