Archive member included to satisfy reference by file (symbol)

../libapp.a(main.c.obj)       (--whole-archive)
libzephyr.a(isr_tables.c.obj)
                              (--whole-archive)
libzephyr.a(mpu_regions.c.obj)
                              (--whole-archive)
libzephyr.a(power.c.obj)      (--whole-archive)
libzephyr.a(soc.c.obj)        (--whole-archive)
libzephyr.a(thread_entry.c.obj)
                              (--whole-archive)
libzephyr.a(crc16_sw.c.obj)   (--whole-archive)
libzephyr.a(crc8_sw.c.obj)    (--whole-archive)
libzephyr.a(mempool.c.obj)    (--whole-archive)
libzephyr.a(rb.c.obj)         (--whole-archive)
libzephyr.a(printk.c.obj)     (--whole-archive)
libzephyr.a(configs.c.obj)    (--whole-archive)
libzephyr.a(utils.c.obj)      (--whole-archive)
libzephyr.a(aes_decrypt.c.obj)
                              (--whole-archive)
libzephyr.a(aes_encrypt.c.obj)
                              (--whole-archive)
libzephyr.a(nrfx_glue.c.obj)  (--whole-archive)
libzephyr.a(sys_log.c.obj)    (--whole-archive)
libzephyr.a(rand32_entropy_device.c.obj)
                              (--whole-archive)
libzephyr.a(uart_console.c.obj)
                              (--whole-archive)
libzephyr.a(nrf5_power_clock.c.obj)
                              (--whole-archive)
libzephyr.a(sys_clock_init.c.obj)
                              (--whole-archive)
libzephyr.a(nrf_rtc_timer.c.obj)
                              (--whole-archive)
arch/arm/core/libarch__arm__core.a(exc_exit.S.obj)
                              (--whole-archive)
arch/arm/core/libarch__arm__core.a(irq_init.c.obj)
                              (--whole-archive)
arch/arm/core/libarch__arm__core.a(swap.c.obj)
                              (--whole-archive)
arch/arm/core/libarch__arm__core.a(swap_helper.S.obj)
                              (--whole-archive)
arch/arm/core/libarch__arm__core.a(fault.c.obj)
                              (--whole-archive)
arch/arm/core/libarch__arm__core.a(irq_manage.c.obj)
                              (--whole-archive)
arch/arm/core/libarch__arm__core.a(thread.c.obj)
                              (--whole-archive)
arch/arm/core/libarch__arm__core.a(cpu_idle.S.obj)
                              (--whole-archive)
arch/arm/core/libarch__arm__core.a(fault_s.S.obj)
                              (--whole-archive)
arch/arm/core/libarch__arm__core.a(fatal.c.obj)
                              (--whole-archive)
arch/arm/core/libarch__arm__core.a(sys_fatal_error_handler.c.obj)
                              (--whole-archive)
arch/arm/core/libarch__arm__core.a(thread_abort.c.obj)
                              (--whole-archive)
arch/arm/core/libarch__arm__core.a(isr_wrapper.S.obj)
                              (--whole-archive)
arch/arm/core/cortex_m/libarch__arm__core__cortex_m.a(vector_table.S.obj)
                              (--whole-archive)
arch/arm/core/cortex_m/libarch__arm__core__cortex_m.a(reset.S.obj)
                              (--whole-archive)
arch/arm/core/cortex_m/libarch__arm__core__cortex_m.a(nmi_on_reset.S.obj)
                              (--whole-archive)
arch/arm/core/cortex_m/libarch__arm__core__cortex_m.a(prep_c.c.obj)
                              (--whole-archive)
arch/arm/core/cortex_m/libarch__arm__core__cortex_m.a(scb.c.obj)
                              (--whole-archive)
arch/arm/core/cortex_m/libarch__arm__core__cortex_m.a(nmi.c.obj)
                              (--whole-archive)
arch/arm/core/cortex_m/libarch__arm__core__cortex_m.a(exc_manage.c.obj)
                              (--whole-archive)
arch/arm/core/cortex_m/mpu/libarch__arm__core__cortex_m__mpu.a(arm_core_mpu.c.obj)
                              (--whole-archive)
arch/arm/core/cortex_m/mpu/libarch__arm__core__cortex_m__mpu.a(arm_mpu.c.obj)
                              (--whole-archive)
lib/libc/minimal/liblib__libc__minimal.a(atoi.c.obj)
                              (--whole-archive)
lib/libc/minimal/liblib__libc__minimal.a(strtol.c.obj)
                              (--whole-archive)
lib/libc/minimal/liblib__libc__minimal.a(strtoul.c.obj)
                              (--whole-archive)
lib/libc/minimal/liblib__libc__minimal.a(strncasecmp.c.obj)
                              (--whole-archive)
lib/libc/minimal/liblib__libc__minimal.a(strstr.c.obj)
                              (--whole-archive)
lib/libc/minimal/liblib__libc__minimal.a(string.c.obj)
                              (--whole-archive)
lib/libc/minimal/liblib__libc__minimal.a(prf.c.obj)
                              (--whole-archive)
lib/libc/minimal/liblib__libc__minimal.a(stdout_console.c.obj)
                              (--whole-archive)
lib/libc/minimal/liblib__libc__minimal.a(sprintf.c.obj)
                              (--whole-archive)
lib/libc/minimal/liblib__libc__minimal.a(fprintf.c.obj)
                              (--whole-archive)
subsys/bluetooth/common/libsubsys__bluetooth__common.a(dummy.c.obj)
                              (--whole-archive)
[...]
Memory Configuration

Name             Origin             Length             Attributes
FLASH            0x0000000000000000 0x0000000000080000 xr
SRAM             0x0000000020000000 0x0000000000010000 xw
IDT_LIST         0x0000000020010000 0x0000000000000800 xw
*default*        0x0000000000000000 0xffffffffffffffff

Linker script and memory map

LOAD CMakeFiles/kernel_elf.dir/misc/empty_file.c.obj
LOAD CMakeFiles/kernel_elf.dir/isr_tables.c.obj
START GROUP
LOAD ../libapp.a
LOAD libzephyr.a
LOAD arch/arm/core/libarch__arm__core.a
LOAD arch/arm/core/cortex_m/libarch__arm__core__cortex_m.a
LOAD arch/arm/core/cortex_m/mpu/libarch__arm__core__cortex_m__mpu.a
LOAD lib/libc/minimal/liblib__libc__minimal.a
LOAD subsys/bluetooth/common/libsubsys__bluetooth__common.a
LOAD subsys/bluetooth/host/libsubsys__bluetooth__host.a
LOAD subsys/bluetooth/controller/libsubsys__bluetooth__controller.a
LOAD subsys/net/libsubsys__net.a
LOAD drivers/gpio/libdrivers__gpio.a
LOAD drivers/serial/libdrivers__serial.a
LOAD drivers/entropy/libdrivers__entropy.a
LOAD kernel/libkernel.a
LOAD CMakeFiles/offsets.dir/arch/arm/core/offsets/offsets.c.obj
END GROUP
LOAD /opt/zephyr-sdk/sysroots/armv5-zephyr-eabi/usr/lib/arm-zephyr-eabi/6.2.0/armv7e-m/libgcc.a
                0x0000000000000000                _image_rom_start = 0x0

text            0x0000000000000000    0x12bbe
                0x0000000000000000                . = 0x0
                0x0000000000000000                _vector_start = .
 *(.exc_vector_table)
 *(.exc_vector_table.*)
 .exc_vector_table._vector_table_section
                0x0000000000000000       0x40 arch/arm/core/cortex_m/libarch__arm__core__cortex_m.a(vector_table.S.obj)
                0x0000000000000000                _vector_table
 *(.gnu.linkonce.irq_vector_table)
 .gnu.linkonce.irq_vector_table
                0x0000000000000040       0x9c CMakeFiles/kernel_elf.dir/isr_tables.c.obj
                0x0000000000000040                _irq_vector_table
 *(.openocd_dbg)
 *(.openocd_dbg.*)
 *(.kinetis_flash_config)
 *(.kinetis_flash_config.*)
 *(.gnu.linkonce.sw_isr_table)
 .gnu.linkonce.sw_isr_table
                0x00000000000000dc      0x138 CMakeFiles/kernel_elf.dir/isr_tables.c.obj
                0x00000000000000dc                _sw_isr_table
                0x0000000000000214                _vector_end = .
                0x0000000000000214                _image_text_start = .
 *(.text)
 .text          0x0000000000000214       0x30 /opt/zephyr-sdk/sysroots/armv5-zephyr-eabi/usr/lib/arm-zephyr-eabi/6.2.0/armv7e-m/libgcc.a(_aeabi_uldivmod.o)
                0x0000000000000214                __aeabi_uldivmod
 .text          0x0000000000000244       0x28 /opt/zephyr-sdk/sysroots/armv5-zephyr-eabi/usr/lib/arm-zephyr-eabi/6.2.0/armv7e-m/libgcc.a(_popcountsi2.o)
                0x0000000000000244                __popcountsi2
 .text          0x000000000000026c      0x2dc /opt/zephyr-sdk/sysroots/armv5-zephyr-eabi/usr/lib/arm-zephyr-eabi/6.2.0/armv7e-m/libgcc.a(_udivmoddi4.o)
                0x000000000000026c                __udivmoddi4
 .text          0x0000000000000548        0x4 /opt/zephyr-sdk/sysroots/armv5-zephyr-eabi/usr/lib/arm-zephyr-eabi/6.2.0/armv7e-m/libgcc.a(_dvmd_tls.o)
                0x0000000000000548                __aeabi_ldiv0
                0x0000000000000548                __aeabi_idiv0
 *(.text.*)
 .text.bt_addr_le_to_str.constprop.2
                0x000000000000054c       0x78 ../libapp.a(main.c.obj)
 .text.connected
                0x00000000000005c4       0x48 ../libapp.a(main.c.obj)
 .text.disconnected
                0x000000000000060c       0x64 ../libapp.a(main.c.obj)
 .text.device_found
                0x0000000000000670       0x50 ../libapp.a(main.c.obj)
 .text.main     0x00000000000006c0       0x64 ../libapp.a(main.c.obj)
                0x00000000000006c0                main
 .text.ftpan_36
                0x0000000000000724       0x40 libzephyr.a(soc.c.obj)
 .text.nordicsemi_nrf52_init
                0x0000000000000764      0x134 libzephyr.a(soc.c.obj)
 .text._thread_entry
                0x0000000000000898       0x14 libzephyr.a(thread_entry.c.obj)
                0x0000000000000898                _thread_entry
 .text.get_bit_ptr
                0x00000000000008ac       0x28 libzephyr.a(mempool.c.obj)
 .text.set_free_bit
                0x00000000000008d4       0x1c libzephyr.a(mempool.c.obj)
 .text.clear_free_bit
                0x00000000000008f0       0x1e libzephyr.a(mempool.c.obj)
 .text._sys_mem_pool_base_init
                0x000000000000090e       0x96 libzephyr.a(mempool.c.obj)
                0x000000000000090e                _sys_mem_pool_base_init
 .text._sys_mem_pool_block_alloc
                0x00000000000009a4      0x164 libzephyr.a(mempool.c.obj)
                0x00000000000009a4                _sys_mem_pool_block_alloc
 .text._sys_mem_pool_block_free
                0x0000000000000b08      0x116 libzephyr.a(mempool.c.obj)
                0x0000000000000b08                _sys_mem_pool_block_free
 .text._nop_char_out
                0x0000000000000c1e        0x4 libzephyr.a(printk.c.obj)
 *fill*         0x0000000000000c22        0x2 
 .text.char_out
                0x0000000000000c24       0x10 libzephyr.a(printk.c.obj)
 .text._printk_dec_ulong
                0x0000000000000c34       0xa0 libzephyr.a(printk.c.obj)
 .text.str_out  0x0000000000000cd4       0x2a libzephyr.a(printk.c.obj)
 *fill*         0x0000000000000cfe        0x2 
 .text.__printk_hook_install
                0x0000000000000d00        0xc libzephyr.a(printk.c.obj)
                0x0000000000000d00                __printk_hook_install
 .text._vprintk
                0x0000000000000d0c      0x25e libzephyr.a(printk.c.obj)
                0x0000000000000d0c                _vprintk
 *fill*         0x0000000000000f6a        0x2 
 .text.vprintk  0x0000000000000f6c       0x20 libzephyr.a(printk.c.obj)
                0x0000000000000f6c                vprintk
 .text.printk   0x0000000000000f8c       0x1a libzephyr.a(printk.c.obj)
                0x0000000000000f8c                printk
 *fill*         0x0000000000000fa6        0x2 
 .text.snprintk
                0x0000000000000fa8       0x38 libzephyr.a(printk.c.obj)
                0x0000000000000fa8                snprintk
 .text._ConfigAbsSyms
                0x0000000000000fe0        0x2 libzephyr.a(configs.c.obj)
                0x0000000000000fe0                _ConfigAbsSyms
 *fill*         0x0000000000000fe2        0x2 
 .text.sys_rand32_get
                0x0000000000000fe4       0x98 libzephyr.a(rand32_entropy_device.c.obj)
                0x0000000000000fe4                sys_rand32_get
 .text.console_out
                0x000000000000107c       0x28 libzephyr.a(uart_console.c.obj)
 .text.uart_console_hook_install
                0x00000000000010a4        0xc libzephyr.a(uart_console.c.obj)
                0x00000000000010a4                uart_console_hook_install
 .text.uart_console_init
                0x00000000000010b0       0x1c libzephyr.a(uart_console.c.obj)
 .text._m16src_stop
                0x00000000000010cc       0x5c libzephyr.a(nrf5_power_clock.c.obj)
 .text._clock_control_init
                0x0000000000001128       0x16 libzephyr.a(nrf5_power_clock.c.obj)
 *fill*         0x000000000000113e        0x2 
 .text._m16src_start
                0x0000000000001140       0xe4 libzephyr.a(nrf5_power_clock.c.obj)
 .text._power_clock_isr
                0x0000000000001224      0x12c libzephyr.a(nrf5_power_clock.c.obj)
 .text._k32src_start
                0x0000000000001350       0xf4 libzephyr.a(nrf5_power_clock.c.obj)
 .text.rtc_compare_set
                0x0000000000001444       0x30 libzephyr.a(nrf_rtc_timer.c.obj)
 .text.rtc_announce_set_next
                0x0000000000001474       0x5c libzephyr.a(nrf_rtc_timer.c.obj)
 .text.rtc1_nrf5_isr
                0x00000000000014d0       0x10 libzephyr.a(nrf_rtc_timer.c.obj)
                0x00000000000014d0                rtc1_nrf5_isr
 .text._timer_idle_enter
                0x00000000000014e0       0x3c libzephyr.a(nrf_rtc_timer.c.obj)
                0x00000000000014e0                _timer_idle_enter
 .text._timer_idle_exit
                0x000000000000151c       0x2c libzephyr.a(nrf_rtc_timer.c.obj)
                0x000000000000151c                _timer_idle_exit
 .text._sys_clock_driver_init
                0x0000000000001548       0x7c libzephyr.a(nrf_rtc_timer.c.obj)
                0x0000000000001548                _sys_clock_driver_init
 .text._timer_cycle_get_32
                0x00000000000015c4       0x38 libzephyr.a(nrf_rtc_timer.c.obj)
                0x00000000000015c4                _timer_cycle_get_32
 .text._HandlerModeExit
                0x00000000000015fc       0x28 arch/arm/core/libarch__arm__core.a(exc_exit.S.obj)
                0x00000000000015fc                _ExcExit
                0x00000000000015fc                _IntExit
 .text._IntLibInit
                0x0000000000001624       0x18 arch/arm/core/libarch__arm__core.a(irq_init.c.obj)
                0x0000000000001624                _IntLibInit
 .text.__swap   0x000000000000163c       0x30 arch/arm/core/libarch__arm__core.a(swap.c.obj)
                0x000000000000163c                __swap
 .text.__pendsv
                0x000000000000166c       0x44 arch/arm/core/libarch__arm__core.a(swap_helper.S.obj)
                0x000000000000166c                __pendsv
 .text.__svc    0x00000000000016b0       0x24 arch/arm/core/libarch__arm__core.a(swap_helper.S.obj)
                0x00000000000016b0                __svc
 .text._FaultThreadShow.isra.2
                0x00000000000016d4       0x1c arch/arm/core/libarch__arm__core.a(fault.c.obj)
 .text._MpuFault
                0x00000000000016f0       0x90 arch/arm/core/libarch__arm__core.a(fault.c.obj)
 .text._UsageFault
                0x0000000000001780       0x90 arch/arm/core/libarch__arm__core.a(fault.c.obj)
 .text._BusFault
                0x0000000000001810       0xa0 arch/arm/core/libarch__arm__core.a(fault.c.obj)
 .text._Fault   0x00000000000018b0       0xcc arch/arm/core/libarch__arm__core.a(fault.c.obj)
                0x00000000000018b0                _Fault
 .text._FaultInit
                0x000000000000197c       0x10 arch/arm/core/libarch__arm__core.a(fault.c.obj)
                0x000000000000197c                _FaultInit
 .text._arch_irq_enable
                0x000000000000198c       0x20 arch/arm/core/libarch__arm__core.a(irq_manage.c.obj)
                0x000000000000198c                _arch_irq_enable
 .text._arch_irq_disable
                0x00000000000019ac       0x28 arch/arm/core/libarch__arm__core.a(irq_manage.c.obj)
                0x00000000000019ac                _arch_irq_disable
 .text._arch_irq_is_enabled
                0x00000000000019d4       0x1c arch/arm/core/libarch__arm__core.a(irq_manage.c.obj)
                0x00000000000019d4                _arch_irq_is_enabled
 .text._irq_priority_set
                0x00000000000019f0       0x5c arch/arm/core/libarch__arm__core.a(irq_manage.c.obj)
                0x00000000000019f0                _irq_priority_set
 .text._irq_spurious
                0x0000000000001a4c        0x4 arch/arm/core/libarch__arm__core.a(irq_manage.c.obj)
                0x0000000000001a4c                _irq_spurious
 .text._arch_isr_direct_pm
                0x0000000000001a50       0x1c arch/arm/core/libarch__arm__core.a(irq_manage.c.obj)
                0x0000000000001a50                _arch_isr_direct_pm
 .text._new_thread
                0x0000000000001a6c       0x9c arch/arm/core/libarch__arm__core.a(thread.c.obj)
                0x0000000000001a6c                _new_thread
 .text._CpuIdleInit
                0x0000000000001b08        0xc arch/arm/core/libarch__arm__core.a(cpu_idle.S.obj)
                0x0000000000001b08                _CpuIdleInit
 .text.k_cpu_idle
                0x0000000000001b14        0xc arch/arm/core/libarch__arm__core.a(cpu_idle.S.obj)
                0x0000000000001b14                k_cpu_idle
 .text.__fault  0x0000000000001b20       0x28 arch/arm/core/libarch__arm__core.a(fault_s.S.obj)
                0x0000000000001b20                __usage_fault
                0x0000000000001b20                __reserved
                0x0000000000001b20                __bus_fault
                0x0000000000001b20                __debug_monitor
                0x0000000000001b20                __mpu_fault
                0x0000000000001b20                __hard_fault
 .text._NanoFatalErrorHandler
                0x0000000000001b48       0x58 arch/arm/core/libarch__arm__core.a(fatal.c.obj)
                0x0000000000001b48                _NanoFatalErrorHandler
 .text._do_kernel_oops
                0x0000000000001ba0        0x8 arch/arm/core/libarch__arm__core.a(fatal.c.obj)
                0x0000000000001ba0                _do_kernel_oops
 .text._SysFatalErrorHandler
                0x0000000000001ba8       0x58 arch/arm/core/libarch__arm__core.a(sys_fatal_error_handler.c.obj)
                0x0000000000001ba8                _SysFatalErrorHandler
 .text._impl_k_thread_abort
                0x0000000000001c00       0x74 arch/arm/core/libarch__arm__core.a(thread_abort.c.obj)
                0x0000000000001c00                _impl_k_thread_abort
 .text._isr_wrapper
                0x0000000000001c74       0x3c arch/arm/core/libarch__arm__core.a(isr_wrapper.S.obj)
                0x0000000000001c74                _isr_wrapper
 .text._reset_section
                0x0000000000001cb0       0x24 arch/arm/core/cortex_m/libarch__arm__core__cortex_m.a(reset.S.obj)
                0x0000000000001cb0                __reset
                0x0000000000001cb0                __start
 .text._SysNmiOnReset
                0x0000000000001cd4        0x8 arch/arm/core/cortex_m/libarch__arm__core__cortex_m.a(nmi_on_reset.S.obj)
                0x0000000000001cd4                _SysNmiOnReset
 .text._PrepC   0x0000000000001cdc       0x28 arch/arm/core/cortex_m/libarch__arm__core__cortex_m.a(prep_c.c.obj)
                0x0000000000001cdc                _PrepC
 .text.__nmi    0x0000000000001d04        0xe arch/arm/core/cortex_m/libarch__arm__core__cortex_m.a(nmi.c.obj)
                0x0000000000001d04                __nmi
 *fill*         0x0000000000001d12        0x2 
 .text.arm_mpu_init
                0x0000000000001d14       0xa4 arch/arm/core/cortex_m/mpu/libarch__arm__core__cortex_m__mpu.a(arm_mpu.c.obj)
 .text.strcpy   0x0000000000001db8       0x14 lib/libc/minimal/liblib__libc__minimal.a(string.c.obj)
                0x0000000000001db8                strcpy
 .text.strlen   0x0000000000001dcc       0x10 lib/libc/minimal/liblib__libc__minimal.a(string.c.obj)
                0x0000000000001dcc                strlen
 .text.strcmp   0x0000000000001ddc       0x1a lib/libc/minimal/liblib__libc__minimal.a(string.c.obj)
                0x0000000000001ddc                strcmp
 .text.memcmp   0x0000000000001df6       0x2a lib/libc/minimal/liblib__libc__minimal.a(string.c.obj)
                0x0000000000001df6                memcmp
 .text.memcpy   0x0000000000001e20       0x58 lib/libc/minimal/liblib__libc__minimal.a(string.c.obj)
                0x0000000000001e20                memcpy
 .text.memset   0x0000000000001e78       0x46 lib/libc/minimal/liblib__libc__minimal.a(string.c.obj)
                0x0000000000001e78                memset
 .text.ah       0x0000000000001ebe       0x3a subsys/bluetooth/common/libsubsys__bluetooth__common.a(rpa.c.obj)
 .text.bt_rpa_irk_matches
                0x0000000000001ef8       0x26 subsys/bluetooth/common/libsubsys__bluetooth__common.a(rpa.c.obj)
                0x0000000000001ef8                bt_rpa_irk_matches
 .text.bt_rpa_create
                0x0000000000001f1e       0x2e subsys/bluetooth/common/libsubsys__bluetooth__common.a(rpa.c.obj)
                0x0000000000001f1e                bt_rpa_create
 .text.uuid_to_uuid128
                0x0000000000001f4c       0x7c subsys/bluetooth/host/libsubsys__bluetooth__host.a(uuid.c.obj)
 .text.bt_uuid_cmp
                0x0000000000001fc8       0x54 subsys/bluetooth/host/libsubsys__bluetooth__host.a(uuid.c.obj)
                0x0000000000001fc8                bt_uuid_cmp
 .text.hci_stack_dump
                0x000000000000201c        0x2 subsys/bluetooth/host/libsubsys__bluetooth__host.a(hci_core.c.obj)
 .text.bt_addr_le_copy
                0x000000000000201e        0x6 subsys/bluetooth/host/libsubsys__bluetooth__host.a(hci_core.c.obj)
 .text.atomic_or
                0x0000000000002024       0x22 subsys/bluetooth/host/libsubsys__bluetooth__host.a(hci_core.c.obj)
 .text.atomic_and
                0x0000000000002046       0x22 subsys/bluetooth/host/libsubsys__bluetooth__host.a(hci_core.c.obj)
 .text.update_conn_param
                0x0000000000002068       0x1c subsys/bluetooth/host/libsubsys__bluetooth__host.a(hci_core.c.obj)
 .text.hci_cmd_done.isra.18
                0x0000000000002084       0x50 subsys/bluetooth/host/libsubsys__bluetooth__host.a(hci_core.c.obj)
 .text.atomic_test_bit
                0x00000000000020d4       0x1a subsys/bluetooth/host/libsubsys__bluetooth__host.a(hci_core.c.obj)
 *fill*         0x00000000000020ee        0x2 
 .text.bt_hci_cmd_create
                0x00000000000020f0       0x84 subsys/bluetooth/host/libsubsys__bluetooth__host.a(hci_core.c.obj)
                0x00000000000020f0                bt_hci_cmd_create
 .text.bt_hci_cmd_send_sync
                0x0000000000002174       0xac subsys/bluetooth/host/libsubsys__bluetooth__host.a(hci_core.c.obj)
                0x0000000000002174                bt_hci_cmd_send_sync
 .text.set_le_scan_enable
                0x0000000000002220       0x6c subsys/bluetooth/host/libsubsys__bluetooth__host.a(hci_core.c.obj)
 .text.set_random_address
                0x000000000000228c       0x5c subsys/bluetooth/host/libsubsys__bluetooth__host.a(hci_core.c.obj)
 .text.le_set_private_addr
                0x00000000000022e8       0x24 subsys/bluetooth/host/libsubsys__bluetooth__host.a(hci_core.c.obj)
 .text.set_advertise_enable
                0x000000000000230c       0x54 subsys/bluetooth/host/libsubsys__bluetooth__host.a(hci_core.c.obj)
 .text.bt_le_conn_params_valid
                0x0000000000002360       0x40 subsys/bluetooth/host/libsubsys__bluetooth__host.a(hci_core.c.obj)
                0x0000000000002360                bt_le_conn_params_valid
 .text.bt_addr_le_create_static
                0x00000000000023a0       0x1c subsys/bluetooth/host/libsubsys__bluetooth__host.a(hci_core.c.obj)
                0x00000000000023a0                bt_addr_le_create_static
 .text.bt_set_static_addr
                0x00000000000023bc       0x38 subsys/bluetooth/host/libsubsys__bluetooth__host.a(hci_core.c.obj)
                0x00000000000023bc                bt_set_static_addr
 .text.bt_send  0x00000000000023f4       0x10 subsys/bluetooth/host/libsubsys__bluetooth__host.a(hci_core.c.obj)
                0x00000000000023f4                bt_send
 .text.bt_hci_cmd_send
                0x0000000000002404       0x44 subsys/bluetooth/host/libsubsys__bluetooth__host.a(hci_core.c.obj)
                0x0000000000002404                bt_hci_cmd_send
 .text.start_le_scan
                0x0000000000002448       0xa0 subsys/bluetooth/host/libsubsys__bluetooth__host.a(hci_core.c.obj)
 .text.bt_le_scan_update
                0x00000000000024e8       0x64 subsys/bluetooth/host/libsubsys__bluetooth__host.a(hci_core.c.obj)
                0x00000000000024e8                bt_le_scan_update
 .text.bt_init  0x000000000000254c      0x4a8 subsys/bluetooth/host/libsubsys__bluetooth__host.a(hci_core.c.obj)
 .text.init_work
                0x00000000000029f4       0x18 subsys/bluetooth/host/libsubsys__bluetooth__host.a(hci_core.c.obj)
 .text.hci_le_set_phy.isra.30
                0x0000000000002a0c       0x40 subsys/bluetooth/host/libsubsys__bluetooth__host.a(hci_core.c.obj)
 .text.hci_le_set_data_len.isra.31
                0x0000000000002a4c       0x54 subsys/bluetooth/host/libsubsys__bluetooth__host.a(hci_core.c.obj)
 .text.le_enh_conn_complete
                0x0000000000002aa0      0x18c subsys/bluetooth/host/libsubsys__bluetooth__host.a(hci_core.c.obj)
 .text.le_conn_param_neg_reply
                0x0000000000002c2c       0x34 subsys/bluetooth/host/libsubsys__bluetooth__host.a(hci_core.c.obj)
 .text.hci_tx_thread
                0x0000000000002c60       0xf0 subsys/bluetooth/host/libsubsys__bluetooth__host.a(hci_core.c.obj)
 .text.bt_recv  0x0000000000002d50      0x5b0 subsys/bluetooth/host/libsubsys__bluetooth__host.a(hci_core.c.obj)
                0x0000000000002d50                bt_recv
 .text.bt_recv_prio
                0x0000000000003300      0x118 subsys/bluetooth/host/libsubsys__bluetooth__host.a(hci_core.c.obj)
                0x0000000000003300                bt_recv_prio
 .text.bt_hci_driver_register
                0x0000000000003418       0x28 subsys/bluetooth/host/libsubsys__bluetooth__host.a(hci_core.c.obj)
                0x0000000000003418                bt_hci_driver_register
 .text.bt_enable
                0x0000000000003440       0x9c subsys/bluetooth/host/libsubsys__bluetooth__host.a(hci_core.c.obj)
                0x0000000000003440                bt_enable
 .text.bt_addr_le_is_bonded
                0x00000000000034dc        0x4 subsys/bluetooth/host/libsubsys__bluetooth__host.a(hci_core.c.obj)
                0x00000000000034dc                bt_addr_le_is_bonded
 .text.bt_le_scan_start
                0x00000000000034e0       0xa4 subsys/bluetooth/host/libsubsys__bluetooth__host.a(hci_core.c.obj)
                0x00000000000034e0                bt_le_scan_start
 .text.bt_le_scan_stop
                0x0000000000003584       0x2c subsys/bluetooth/host/libsubsys__bluetooth__host.a(hci_core.c.obj)
                0x0000000000003584                bt_le_scan_stop
 .text.bt_buf_get_rx
                0x00000000000035b0       0x50 subsys/bluetooth/host/libsubsys__bluetooth__host.a(hci_core.c.obj)
                0x00000000000035b0                bt_buf_get_rx
 .text.bt_buf_get_cmd_complete
                0x0000000000003600       0x44 subsys/bluetooth/host/libsubsys__bluetooth__host.a(hci_core.c.obj)
                0x0000000000003600                bt_buf_get_cmd_complete
 .text.notify_connected
                0x0000000000003644       0x20 subsys/bluetooth/host/libsubsys__bluetooth__host.a(conn.c.obj)
 .text.atomic_get
                0x0000000000003664        0xc subsys/bluetooth/host/libsubsys__bluetooth__host.a(conn.c.obj)
 .text.bt_conn_reset_rx_state
                0x0000000000003670       0x16 subsys/bluetooth/host/libsubsys__bluetooth__host.a(conn.c.obj)
 .text.atomic_dec
                0x0000000000003686       0x1a subsys/bluetooth/host/libsubsys__bluetooth__host.a(conn.c.obj)
 .text.atomic_inc
                0x00000000000036a0       0x1a subsys/bluetooth/host/libsubsys__bluetooth__host.a(conn.c.obj)
 *fill*         0x00000000000036ba        0x2 
 .text.bt_conn_get_pkts
                0x00000000000036bc        0x8 subsys/bluetooth/host/libsubsys__bluetooth__host.a(conn.c.obj)
                0x00000000000036bc                bt_conn_get_pkts
 .text.notify_le_param_updated
                0x00000000000036c4       0x28 subsys/bluetooth/host/libsubsys__bluetooth__host.a(conn.c.obj)
                0x00000000000036c4                notify_le_param_updated
 .text.le_param_req
                0x00000000000036ec       0x40 subsys/bluetooth/host/libsubsys__bluetooth__host.a(conn.c.obj)
                0x00000000000036ec                le_param_req
 .text.bt_conn_cb_register
                0x000000000000372c       0x10 subsys/bluetooth/host/libsubsys__bluetooth__host.a(conn.c.obj)
                0x000000000000372c                bt_conn_cb_register
 .text.bt_conn_recv
                0x000000000000373c       0x8e subsys/bluetooth/host/libsubsys__bluetooth__host.a(conn.c.obj)
                0x000000000000373c                bt_conn_recv
 .text.bt_conn_send_cb
                0x00000000000037ca       0x20 subsys/bluetooth/host/libsubsys__bluetooth__host.a(conn.c.obj)
                0x00000000000037ca                bt_conn_send_cb
 *fill*         0x00000000000037ea        0x2 
 .text.bt_conn_notify_tx
                0x00000000000037ec       0x40 subsys/bluetooth/host/libsubsys__bluetooth__host.a(conn.c.obj)
                0x00000000000037ec                bt_conn_notify_tx
 .text.send_frag
                0x000000000000382c      0x138 subsys/bluetooth/host/libsubsys__bluetooth__host.a(conn.c.obj)
 .text.conn_cleanup
                0x0000000000003964       0x5c subsys/bluetooth/host/libsubsys__bluetooth__host.a(conn.c.obj)
 .text.bt_conn_prepare_events
                0x00000000000039c0       0x90 subsys/bluetooth/host/libsubsys__bluetooth__host.a(conn.c.obj)
                0x00000000000039c0                bt_conn_prepare_events
 .text.bt_conn_add_le
                0x0000000000003a50       0x68 subsys/bluetooth/host/libsubsys__bluetooth__host.a(conn.c.obj)
                0x0000000000003a50                bt_conn_add_le
 .text.bt_conn_set_state
                0x0000000000003ab8      0x154 subsys/bluetooth/host/libsubsys__bluetooth__host.a(conn.c.obj)
                0x0000000000003ab8                bt_conn_set_state
 .text.bt_conn_lookup_handle
                0x0000000000003c0c       0x34 subsys/bluetooth/host/libsubsys__bluetooth__host.a(conn.c.obj)
                0x0000000000003c0c                bt_conn_lookup_handle
 .text.bt_conn_addr_le_cmp
                0x0000000000003c40       0x30 subsys/bluetooth/host/libsubsys__bluetooth__host.a(conn.c.obj)
                0x0000000000003c40                bt_conn_addr_le_cmp
 .text.bt_conn_lookup_addr_le
                0x0000000000003c70       0x34 subsys/bluetooth/host/libsubsys__bluetooth__host.a(conn.c.obj)
                0x0000000000003c70                bt_conn_lookup_addr_le
 .text.bt_conn_lookup_state_le
                0x0000000000003ca4       0x44 subsys/bluetooth/host/libsubsys__bluetooth__host.a(conn.c.obj)
                0x0000000000003ca4                bt_conn_lookup_state_le
 .text.bt_conn_unref
                0x0000000000003ce8        0x6 subsys/bluetooth/host/libsubsys__bluetooth__host.a(conn.c.obj)
                0x0000000000003ce8                bt_conn_unref
 .text.bt_conn_get_dst
                0x0000000000003cee        0x4 subsys/bluetooth/host/libsubsys__bluetooth__host.a(conn.c.obj)
                0x0000000000003cee                bt_conn_get_dst
 *fill*         0x0000000000003cf2        0x2 
 .text.bt_conn_create_le
                0x0000000000003cf4       0x90 subsys/bluetooth/host/libsubsys__bluetooth__host.a(conn.c.obj)
                0x0000000000003cf4                bt_conn_create_le
 .text.bt_le_set_auto_conn
                0x0000000000003d84       0xd4 subsys/bluetooth/host/libsubsys__bluetooth__host.a(conn.c.obj)
                0x0000000000003d84                bt_le_set_auto_conn
 .text.bt_conn_disconnect
                0x0000000000003e58       0x8e subsys/bluetooth/host/libsubsys__bluetooth__host.a(conn.c.obj)
                0x0000000000003e58                bt_conn_disconnect
 .text.bt_conn_le_conn_update
                0x0000000000003ee6       0x4e subsys/bluetooth/host/libsubsys__bluetooth__host.a(conn.c.obj)
                0x0000000000003ee6                bt_conn_le_conn_update
 .text.bt_conn_le_param_update
                0x0000000000003f34       0x6c subsys/bluetooth/host/libsubsys__bluetooth__host.a(conn.c.obj)
                0x0000000000003f34                bt_conn_le_param_update
 .text.le_conn_update
                0x0000000000003fa0       0x44 subsys/bluetooth/host/libsubsys__bluetooth__host.a(conn.c.obj)
 .text.bt_conn_create_pdu
                0x0000000000003fe4       0x50 subsys/bluetooth/host/libsubsys__bluetooth__host.a(conn.c.obj)
                0x0000000000003fe4                bt_conn_create_pdu
 .text.create_frag.isra.9
                0x0000000000004034       0x6c subsys/bluetooth/host/libsubsys__bluetooth__host.a(conn.c.obj)
 .text.bt_conn_process_tx
                0x00000000000040a0       0xb4 subsys/bluetooth/host/libsubsys__bluetooth__host.a(conn.c.obj)
                0x00000000000040a0                bt_conn_process_tx
 .text.bt_conn_get_id
                0x0000000000004154       0x18 subsys/bluetooth/host/libsubsys__bluetooth__host.a(conn.c.obj)
                0x0000000000004154                bt_conn_get_id
 .text.bt_conn_init
                0x000000000000416c       0x64 subsys/bluetooth/host/libsubsys__bluetooth__host.a(conn.c.obj)
                0x000000000000416c                bt_conn_init
 .text.l2cap_disconnected
                0x00000000000041d0        0x2 subsys/bluetooth/host/libsubsys__bluetooth__host.a(l2cap.c.obj)
 *fill*         0x00000000000041d2        0x2 
 .text.l2cap_accept
                0x00000000000041d4       0x1c subsys/bluetooth/host/libsubsys__bluetooth__host.a(l2cap.c.obj)
 .text.l2cap_create_le_sig_pdu.isra.5
                0x00000000000041f0       0x24 subsys/bluetooth/host/libsubsys__bluetooth__host.a(l2cap.c.obj)
 .text.l2cap_connected
                0x0000000000004214        0x2 subsys/bluetooth/host/libsubsys__bluetooth__host.a(l2cap.c.obj)
 *fill*         0x0000000000004216        0x2 
 .text.bt_l2cap_le_fixed_chan_register
                0x0000000000004218       0x20 subsys/bluetooth/host/libsubsys__bluetooth__host.a(l2cap.c.obj)
                0x0000000000004218                bt_l2cap_le_fixed_chan_register
 .text.bt_l2cap_chan_remove
                0x0000000000004238       0x46 subsys/bluetooth/host/libsubsys__bluetooth__host.a(l2cap.c.obj)
                0x0000000000004238                bt_l2cap_chan_remove
 .text.bt_l2cap_chan_del
                0x000000000000427e       0x22 subsys/bluetooth/host/libsubsys__bluetooth__host.a(l2cap.c.obj)
                0x000000000000427e                bt_l2cap_chan_del
 .text.l2cap_rtx_timeout
                0x00000000000042a0       0x1a subsys/bluetooth/host/libsubsys__bluetooth__host.a(l2cap.c.obj)
 *fill*         0x00000000000042ba        0x2 
 .text.bt_l2cap_connected
                0x00000000000042bc       0x74 subsys/bluetooth/host/libsubsys__bluetooth__host.a(l2cap.c.obj)
                0x00000000000042bc                bt_l2cap_connected
 .text.bt_l2cap_disconnected
                0x0000000000004330       0x32 subsys/bluetooth/host/libsubsys__bluetooth__host.a(l2cap.c.obj)
                0x0000000000004330                bt_l2cap_disconnected
 .text.bt_l2cap_create_pdu
                0x0000000000004362        0x6 subsys/bluetooth/host/libsubsys__bluetooth__host.a(l2cap.c.obj)
                0x0000000000004362                bt_l2cap_create_pdu
 .text.bt_l2cap_send_cb
                0x0000000000004368       0x2a subsys/bluetooth/host/libsubsys__bluetooth__host.a(l2cap.c.obj)
                0x0000000000004368                bt_l2cap_send_cb
 .text.l2cap_recv
                0x0000000000004392       0xfe subsys/bluetooth/host/libsubsys__bluetooth__host.a(l2cap.c.obj)
 .text.bt_l2cap_le_lookup_tx_cid
                0x0000000000004490       0x20 subsys/bluetooth/host/libsubsys__bluetooth__host.a(l2cap.c.obj)
                0x0000000000004490                bt_l2cap_le_lookup_tx_cid
 .text.bt_l2cap_le_lookup_rx_cid
                0x00000000000044b0       0x1e subsys/bluetooth/host/libsubsys__bluetooth__host.a(l2cap.c.obj)
                0x00000000000044b0                bt_l2cap_le_lookup_rx_cid
 .text.bt_l2cap_recv
                0x00000000000044ce       0x3a subsys/bluetooth/host/libsubsys__bluetooth__host.a(l2cap.c.obj)
                0x00000000000044ce                bt_l2cap_recv
 .text.bt_l2cap_update_conn_param
                0x0000000000004508       0x50 subsys/bluetooth/host/libsubsys__bluetooth__host.a(l2cap.c.obj)
                0x0000000000004508                bt_l2cap_update_conn_param
 .text.bt_l2cap_init
                0x0000000000004558        0xc subsys/bluetooth/host/libsubsys__bluetooth__host.a(l2cap.c.obj)
                0x0000000000004558                bt_l2cap_init
 .text.att_exec_write_req
                0x0000000000004564        0x4 subsys/bluetooth/host/libsubsys__bluetooth__host.a(att.c.obj)
 .text.att_op_get_type
                0x0000000000004568       0x30 subsys/bluetooth/host/libsubsys__bluetooth__host.a(att.c.obj)
 .text.bt_att_accept
                0x0000000000004598       0x38 subsys/bluetooth/host/libsubsys__bluetooth__host.a(att.c.obj)
 .text.att_req_destroy
                0x00000000000045d0       0x22 subsys/bluetooth/host/libsubsys__bluetooth__host.a(att.c.obj)
 .text.att_notify
                0x00000000000045f2        0xe subsys/bluetooth/host/libsubsys__bluetooth__host.a(att.c.obj)
 .text.read_group_cb
                0x0000000000004600       0xce subsys/bluetooth/host/libsubsys__bluetooth__host.a(att.c.obj)
 .text.find_info_cb
                0x00000000000046ce       0x9a subsys/bluetooth/host/libsubsys__bluetooth__host.a(att.c.obj)
 .text.find_type_cb
                0x0000000000004768       0xa6 subsys/bluetooth/host/libsubsys__bluetooth__host.a(att.c.obj)
 *fill*         0x000000000000480e        0x2 
 .text.bt_att_connected
                0x0000000000004810       0x2c subsys/bluetooth/host/libsubsys__bluetooth__host.a(att.c.obj)
 .text.check_perm.isra.5
                0x000000000000483c       0x40 subsys/bluetooth/host/libsubsys__bluetooth__host.a(att.c.obj)
 .text.read_type_cb
                0x000000000000487c       0xbc subsys/bluetooth/host/libsubsys__bluetooth__host.a(att.c.obj)
 .text.att_get  0x0000000000004938       0x30 subsys/bluetooth/host/libsubsys__bluetooth__host.a(att.c.obj)
 .text.att_pdu_sent
                0x0000000000004968       0x10 subsys/bluetooth/host/libsubsys__bluetooth__host.a(att.c.obj)
 .text.uuid_create
                0x0000000000004978       0x32 subsys/bluetooth/host/libsubsys__bluetooth__host.a(att.c.obj)
 *fill*         0x00000000000049aa        0x2 
 .text.att_req_sent
                0x00000000000049ac       0x2c subsys/bluetooth/host/libsubsys__bluetooth__host.a(att.c.obj)
 .text.att_is_connected
                0x00000000000049d8       0x22 subsys/bluetooth/host/libsubsys__bluetooth__host.a(att.c.obj)
 .text.att_prepare_write_req
                0x00000000000049fa        0x4 subsys/bluetooth/host/libsubsys__bluetooth__host.a(att.c.obj)
 .text.att_cfm_sent
                0x00000000000049fe       0x2c subsys/bluetooth/host/libsubsys__bluetooth__host.a(att.c.obj)
 .text.att_rsp_sent
                0x0000000000004a2a       0x2c subsys/bluetooth/host/libsubsys__bluetooth__host.a(att.c.obj)
 .text.att_chan_get
                0x0000000000004a56       0x28 subsys/bluetooth/host/libsubsys__bluetooth__host.a(att.c.obj)
 .text.write_cb
                0x0000000000004a7e       0x56 subsys/bluetooth/host/libsubsys__bluetooth__host.a(att.c.obj)
 .text.att_send_req
                0x0000000000004ad4       0x78 subsys/bluetooth/host/libsubsys__bluetooth__host.a(att.c.obj)
 .text.att_handle_rsp
                0x0000000000004b4c       0x76 subsys/bluetooth/host/libsubsys__bluetooth__host.a(att.c.obj)
 .text.att_confirm
                0x0000000000004bc2        0xa subsys/bluetooth/host/libsubsys__bluetooth__host.a(att.c.obj)
 .text.att_handle_exec_write_rsp
                0x0000000000004bcc        0x4 subsys/bluetooth/host/libsubsys__bluetooth__host.a(att.c.obj)
 .text.att_handle_prepare_write_rsp
                0x0000000000004bd0        0x4 subsys/bluetooth/host/libsubsys__bluetooth__host.a(att.c.obj)
 .text.att_handle_write_rsp
                0x0000000000004bd4        0x4 subsys/bluetooth/host/libsubsys__bluetooth__host.a(att.c.obj)
 .text.att_handle_read_mult_rsp
                0x0000000000004bd8        0x4 subsys/bluetooth/host/libsubsys__bluetooth__host.a(att.c.obj)
 .text.att_handle_read_blob_rsp
                0x0000000000004bdc        0x4 subsys/bluetooth/host/libsubsys__bluetooth__host.a(att.c.obj)
 .text.att_handle_read_rsp
                0x0000000000004be0        0x4 subsys/bluetooth/host/libsubsys__bluetooth__host.a(att.c.obj)
 .text.att_handle_read_type_rsp
                0x0000000000004be4        0x4 subsys/bluetooth/host/libsubsys__bluetooth__host.a(att.c.obj)
 .text.att_handle_find_type_rsp
                0x0000000000004be8        0x4 subsys/bluetooth/host/libsubsys__bluetooth__host.a(att.c.obj)
 .text.att_handle_find_info_rsp
                0x0000000000004bec        0x4 subsys/bluetooth/host/libsubsys__bluetooth__host.a(att.c.obj)
 .text.att_mtu_rsp
                0x0000000000004bf0       0x2e subsys/bluetooth/host/libsubsys__bluetooth__host.a(att.c.obj)
 .text.att_error_rsp
                0x0000000000004c1e       0x2a subsys/bluetooth/host/libsubsys__bluetooth__host.a(att.c.obj)
 .text.att_reset
                0x0000000000004c48       0x7c subsys/bluetooth/host/libsubsys__bluetooth__host.a(att.c.obj)
 .text.bt_att_disconnected
                0x0000000000004cc4       0x12 subsys/bluetooth/host/libsubsys__bluetooth__host.a(att.c.obj)
 .text.att_timeout
                0x0000000000004cd6       0x1a subsys/bluetooth/host/libsubsys__bluetooth__host.a(att.c.obj)
 .text.read_cb  0x0000000000004cf0       0x76 subsys/bluetooth/host/libsubsys__bluetooth__host.a(att.c.obj)
 .text.bt_att_create_pdu
                0x0000000000004d66       0x32 subsys/bluetooth/host/libsubsys__bluetooth__host.a(att.c.obj)
                0x0000000000004d66                bt_att_create_pdu
 .text.att_indicate
                0x0000000000004d98       0x2c subsys/bluetooth/host/libsubsys__bluetooth__host.a(att.c.obj)
 .text.att_mtu_req
                0x0000000000004dc4       0x58 subsys/bluetooth/host/libsubsys__bluetooth__host.a(att.c.obj)
 .text.send_err_rsp.part.12
                0x0000000000004e1c       0x44 subsys/bluetooth/host/libsubsys__bluetooth__host.a(att.c.obj)
 .text.bt_att_recv
                0x0000000000004e60       0xd4 subsys/bluetooth/host/libsubsys__bluetooth__host.a(att.c.obj)
 .text.att_read_group_req
                0x0000000000004f34      0x108 subsys/bluetooth/host/libsubsys__bluetooth__host.a(att.c.obj)
 .text.att_read_mult_req
                0x000000000000503c       0x8c subsys/bluetooth/host/libsubsys__bluetooth__host.a(att.c.obj)
 .text.att_read_rsp
                0x00000000000050c8       0x8c subsys/bluetooth/host/libsubsys__bluetooth__host.a(att.c.obj)
 .text.att_read_blob_req
                0x0000000000005154       0x18 subsys/bluetooth/host/libsubsys__bluetooth__host.a(att.c.obj)
 .text.att_read_req
                0x000000000000516c       0x18 subsys/bluetooth/host/libsubsys__bluetooth__host.a(att.c.obj)
 .text.att_read_type_req
                0x0000000000005184       0xd4 subsys/bluetooth/host/libsubsys__bluetooth__host.a(att.c.obj)
 .text.att_find_type_req
                0x0000000000005258       0xe4 subsys/bluetooth/host/libsubsys__bluetooth__host.a(att.c.obj)
 .text.att_find_info_req
                0x000000000000533c       0x78 subsys/bluetooth/host/libsubsys__bluetooth__host.a(att.c.obj)
 .text.att_write_rsp.part.13.constprop.16
                0x00000000000053b4       0xac subsys/bluetooth/host/libsubsys__bluetooth__host.a(att.c.obj)
 .text.att_signed_write_cmd
                0x0000000000005460       0x62 subsys/bluetooth/host/libsubsys__bluetooth__host.a(att.c.obj)
 .text.att_write_req
                0x00000000000054c2       0x2c subsys/bluetooth/host/libsubsys__bluetooth__host.a(att.c.obj)
 .text.att_write_cmd
                0x00000000000054ee       0x2c subsys/bluetooth/host/libsubsys__bluetooth__host.a(att.c.obj)
 *fill*         0x000000000000551a        0x2 
 .text.bt_att_init
                0x000000000000551c       0x14 subsys/bluetooth/host/libsubsys__bluetooth__host.a(att.c.obj)
                0x000000000000551c                bt_att_init
 .text.bt_att_req_send
                0x0000000000005530       0x4a subsys/bluetooth/host/libsubsys__bluetooth__host.a(att.c.obj)
                0x0000000000005530                bt_att_req_send
 .text.sc_ccc_cfg_changed
                0x000000000000557a        0x2 subsys/bluetooth/host/libsubsys__bluetooth__host.a(gatt.c.obj)
 .text.find_next
                0x000000000000557c        0x6 subsys/bluetooth/host/libsubsys__bluetooth__host.a(gatt.c.obj)
 .text.gatt_ccc_changed
                0x0000000000005582       0x32 subsys/bluetooth/host/libsubsys__bluetooth__host.a(gatt.c.obj)
 .text.gatt_indicate_rsp
                0x00000000000055b4       0x10 subsys/bluetooth/host/libsubsys__bluetooth__host.a(gatt.c.obj)
 .text.gatt_notify
                0x00000000000055c4       0x56 subsys/bluetooth/host/libsubsys__bluetooth__host.a(gatt.c.obj)
 *fill*         0x000000000000561a        0x2 
 .text.gatt_indicate
                0x000000000000561c       0x9c subsys/bluetooth/host/libsubsys__bluetooth__host.a(gatt.c.obj)
 .text.gatt_register
                0x00000000000056b8       0x68 subsys/bluetooth/host/libsubsys__bluetooth__host.a(gatt.c.obj)
 .text.sc_indicate_rsp
                0x0000000000005720       0x40 subsys/bluetooth/host/libsubsys__bluetooth__host.a(gatt.c.obj)
 .text.read_appearance
                0x0000000000005760       0x36 subsys/bluetooth/host/libsubsys__bluetooth__host.a(gatt.c.obj)
 *fill*         0x0000000000005796        0x2 
 .text.sc_indicate.constprop.16
                0x0000000000005798       0x6c subsys/bluetooth/host/libsubsys__bluetooth__host.a(gatt.c.obj)
 .text.connected_cb
                0x0000000000005804       0x70 subsys/bluetooth/host/libsubsys__bluetooth__host.a(gatt.c.obj)
 .text.disconnected_cb
                0x0000000000005874       0xa4 subsys/bluetooth/host/libsubsys__bluetooth__host.a(gatt.c.obj)
 .text.read_name
                0x0000000000005918       0x40 subsys/bluetooth/host/libsubsys__bluetooth__host.a(gatt.c.obj)
 .text.bt_gatt_attr_read_ccc
                0x0000000000005958       0x6c subsys/bluetooth/host/libsubsys__bluetooth__host.a(gatt.c.obj)
                0x0000000000005958                bt_gatt_attr_read_ccc
 .text.bt_gatt_attr_write_ccc
                0x00000000000059c4       0xd0 subsys/bluetooth/host/libsubsys__bluetooth__host.a(gatt.c.obj)
                0x00000000000059c4                bt_gatt_attr_write_ccc
 .text.bt_gatt_attr_read_service
                0x0000000000005a94       0x52 subsys/bluetooth/host/libsubsys__bluetooth__host.a(gatt.c.obj)
                0x0000000000005a94                bt_gatt_attr_read_service
 *fill*         0x0000000000005ae6        0x2 
 .text.notify_cb
                0x0000000000005ae8       0xf8 subsys/bluetooth/host/libsubsys__bluetooth__host.a(gatt.c.obj)
 .text.bt_gatt_init
                0x0000000000005be0       0x2c subsys/bluetooth/host/libsubsys__bluetooth__host.a(gatt.c.obj)
                0x0000000000005be0                bt_gatt_init
 .text.bt_gatt_foreach_attr
                0x0000000000005c0c       0x54 subsys/bluetooth/host/libsubsys__bluetooth__host.a(gatt.c.obj)
                0x0000000000005c0c                bt_gatt_foreach_attr
 .text.bt_gatt_attr_next
                0x0000000000005c60       0x24 subsys/bluetooth/host/libsubsys__bluetooth__host.a(gatt.c.obj)
                0x0000000000005c60                bt_gatt_attr_next
 .text.bt_gatt_attr_read_chrc
                0x0000000000005c84       0x70 subsys/bluetooth/host/libsubsys__bluetooth__host.a(gatt.c.obj)
                0x0000000000005c84                bt_gatt_attr_read_chrc
 .text.bt_gatt_indicate
                0x0000000000005cf4       0x7c subsys/bluetooth/host/libsubsys__bluetooth__host.a(gatt.c.obj)
                0x0000000000005cf4                bt_gatt_indicate
 .text.sc_process
                0x0000000000005d70       0xb4 subsys/bluetooth/host/libsubsys__bluetooth__host.a(gatt.c.obj)
 .text.bt_gatt_connected
                0x0000000000005e24       0x14 subsys/bluetooth/host/libsubsys__bluetooth__host.a(gatt.c.obj)
                0x0000000000005e24                bt_gatt_connected
 .text.bt_gatt_disconnected
                0x0000000000005e38       0x14 subsys/bluetooth/host/libsubsys__bluetooth__host.a(gatt.c.obj)
                0x0000000000005e38                bt_gatt_disconnected
 .text.bt_smp_accept
                0x0000000000005e4c       0x1c subsys/bluetooth/host/libsubsys__bluetooth__host.a(smp_null.c.obj)
 .text.bt_smp_recv
                0x0000000000005e68       0x3a subsys/bluetooth/host/libsubsys__bluetooth__host.a(smp_null.c.obj)
 .text.bt_smp_sign_verify
                0x0000000000005ea2        0x6 subsys/bluetooth/host/libsubsys__bluetooth__host.a(smp_null.c.obj)
                0x0000000000005ea2                bt_smp_sign_verify
 .text.bt_smp_init
                0x0000000000005ea8       0x10 subsys/bluetooth/host/libsubsys__bluetooth__host.a(smp_null.c.obj)
                0x0000000000005ea8                bt_smp_init
 .text.mem_init
                0x0000000000005eb8       0x4e subsys/bluetooth/controller/libsubsys__bluetooth__controller.a(mem.c.obj)
                0x0000000000005eb8                mem_init
 .text.mem_acquire
                0x0000000000005f06       0x34 subsys/bluetooth/controller/libsubsys__bluetooth__controller.a(mem.c.obj)
                0x0000000000005f06                mem_acquire
 .text.mem_release
                0x0000000000005f3a       0x2a subsys/bluetooth/controller/libsubsys__bluetooth__controller.a(mem.c.obj)
                0x0000000000005f3a                mem_release
 .text.mem_free_count_get
                0x0000000000005f64        0xc subsys/bluetooth/controller/libsubsys__bluetooth__controller.a(mem.c.obj)
                0x0000000000005f64                mem_free_count_get
 .text.mem_get  0x0000000000005f70        0x6 subsys/bluetooth/controller/libsubsys__bluetooth__controller.a(mem.c.obj)
                0x0000000000005f70                mem_get
 .text.mem_index_get
                0x0000000000005f76        0xa subsys/bluetooth/controller/libsubsys__bluetooth__controller.a(mem.c.obj)
                0x0000000000005f76                mem_index_get
 .text.mem_rcopy
                0x0000000000005f80       0x1e subsys/bluetooth/controller/libsubsys__bluetooth__controller.a(mem.c.obj)
                0x0000000000005f80                mem_rcopy
 .text.mem_nz   0x0000000000005f9e       0x16 subsys/bluetooth/controller/libsubsys__bluetooth__controller.a(mem.c.obj)
                0x0000000000005f9e                mem_nz
 .text.memq_init
                0x0000000000005fb4        0x6 subsys/bluetooth/controller/libsubsys__bluetooth__controller.a(memq.c.obj)
                0x0000000000005fb4                memq_init
 .text.memq_enqueue
                0x0000000000005fba        0xe subsys/bluetooth/controller/libsubsys__bluetooth__controller.a(memq.c.obj)
                0x0000000000005fba                memq_enqueue
 .text.memq_peek
                0x0000000000005fc8       0x10 subsys/bluetooth/controller/libsubsys__bluetooth__controller.a(memq.c.obj)
                0x0000000000005fc8                memq_peek
 .text.memq_dequeue
                0x0000000000005fd8       0x1e subsys/bluetooth/controller/libsubsys__bluetooth__controller.a(memq.c.obj)
                0x0000000000005fd8                memq_dequeue
 *fill*         0x0000000000005ff6        0x2 
 .text.mayfly_init
                0x0000000000005ff8       0x54 subsys/bluetooth/controller/libsubsys__bluetooth__controller.a(mayfly.c.obj)
                0x0000000000005ff8                mayfly_init
 .text.mayfly_enable
                0x000000000000604c       0x50 subsys/bluetooth/controller/libsubsys__bluetooth__controller.a(mayfly.c.obj)
                0x000000000000604c                mayfly_enable
 .text.mayfly_enqueue
                0x000000000000609c       0x9c subsys/bluetooth/controller/libsubsys__bluetooth__controller.a(mayfly.c.obj)
                0x000000000000609c                mayfly_enqueue
 .text.mayfly_run
                0x0000000000006138      0x124 subsys/bluetooth/controller/libsubsys__bluetooth__controller.a(mayfly.c.obj)
                0x0000000000006138                mayfly_run
 .text.util_ones_count_get
                0x000000000000625c       0x22 subsys/bluetooth/controller/libsubsys__bluetooth__controller.a(util.c.obj)
                0x000000000000625c                util_ones_count_get
 .text.ticker_dequeue
                0x000000000000627e       0x58 subsys/bluetooth/controller/libsubsys__bluetooth__controller.a(ticker.c.obj)
 .text.ticks_to_expire_prep
                0x00000000000062d6       0x3c subsys/bluetooth/controller/libsubsys__bluetooth__controller.a(ticker.c.obj)
 .text.ticker_job_op_cb
                0x0000000000006312       0x14 subsys/bluetooth/controller/libsubsys__bluetooth__controller.a(ticker.c.obj)
 .text.ticker_worker
                0x0000000000006326       0xae subsys/bluetooth/controller/libsubsys__bluetooth__controller.a(ticker.c.obj)
                0x0000000000006326                ticker_worker
 .text.ticker_job
                0x00000000000063d4      0x788 subsys/bluetooth/controller/libsubsys__bluetooth__controller.a(ticker.c.obj)
                0x00000000000063d4                ticker_job
 .text.ticker_init
                0x0000000000006b5c       0x70 subsys/bluetooth/controller/libsubsys__bluetooth__controller.a(ticker.c.obj)
                0x0000000000006b5c                ticker_init
 .text.ticker_trigger
                0x0000000000006bcc       0x24 subsys/bluetooth/controller/libsubsys__bluetooth__controller.a(ticker.c.obj)
                0x0000000000006bcc                ticker_trigger
 .text.ticker_start
                0x0000000000006bf0       0xa0 subsys/bluetooth/controller/libsubsys__bluetooth__controller.a(ticker.c.obj)
                0x0000000000006bf0                ticker_start
 .text.ticker_update
                0x0000000000006c90       0x9c subsys/bluetooth/controller/libsubsys__bluetooth__controller.a(ticker.c.obj)
                0x0000000000006c90                ticker_update
 .text.ticker_stop
                0x0000000000006d2c       0x78 subsys/bluetooth/controller/libsubsys__bluetooth__controller.a(ticker.c.obj)
                0x0000000000006d2c                ticker_stop
 .text.ticker_next_slot_get
                0x0000000000006da4       0x84 subsys/bluetooth/controller/libsubsys__bluetooth__controller.a(ticker.c.obj)
                0x0000000000006da4                ticker_next_slot_get
 .text.ticker_job_idle_get
                0x0000000000006e28       0x78 subsys/bluetooth/controller/libsubsys__bluetooth__controller.a(ticker.c.obj)
                0x0000000000006e28                ticker_job_idle_get
 .text.ticker_job_sched
                0x0000000000006ea0       0x2c subsys/bluetooth/controller/libsubsys__bluetooth__controller.a(ticker.c.obj)
                0x0000000000006ea0                ticker_job_sched
 .text.ticker_ticks_now_get
                0x0000000000006ecc        0x4 subsys/bluetooth/controller/libsubsys__bluetooth__controller.a(ticker.c.obj)
                0x0000000000006ecc                ticker_ticks_now_get
 .text.ticker_ticks_diff_get
                0x0000000000006ed0        0x8 subsys/bluetooth/controller/libsubsys__bluetooth__controller.a(ticker.c.obj)
                0x0000000000006ed0                ticker_ticks_diff_get
 .text.ll_addr_get
                0x0000000000006ed8       0x34 subsys/bluetooth/controller/libsubsys__bluetooth__controller.a(ll_addr.c.obj)
                0x0000000000006ed8                ll_addr_get
 .text.ll_addr_set
                0x0000000000006f0c       0x38 subsys/bluetooth/controller/libsubsys__bluetooth__controller.a(ll_addr.c.obj)
                0x0000000000006f0c                ll_addr_set
 .text.ll_tx_pwr_get
                0x0000000000006f44        0x8 subsys/bluetooth/controller/libsubsys__bluetooth__controller.a(ll_tx_pwr.c.obj)
                0x0000000000006f44                ll_tx_pwr_get
 .text.bt_rand  0x0000000000006f4c       0x38 subsys/bluetooth/controller/libsubsys__bluetooth__controller.a(crypto.c.obj)
                0x0000000000006f4c                bt_rand
 .text.bt_encrypt_le
                0x0000000000006f84        0xc subsys/bluetooth/controller/libsubsys__bluetooth__controller.a(crypto.c.obj)
                0x0000000000006f84                bt_encrypt_le
 .text._hci_driver_init
                0x0000000000006f90       0x10 subsys/bluetooth/controller/libsubsys__bluetooth__controller.a(hci_driver.c.obj)
 .text.hci_driver_send
                0x0000000000006fa0       0x60 subsys/bluetooth/controller/libsubsys__bluetooth__controller.a(hci_driver.c.obj)
 .text.recv_thread
                0x0000000000007000       0x94 subsys/bluetooth/controller/libsubsys__bluetooth__controller.a(hci_driver.c.obj)
 .text.prio_recv_thread
                0x0000000000007094       0x5c subsys/bluetooth/controller/libsubsys__bluetooth__controller.a(hci_driver.c.obj)
 .text.hci_driver_open
                0x00000000000070f0       0x70 subsys/bluetooth/controller/libsubsys__bluetooth__controller.a(hci_driver.c.obj)
 .text.sys_put_le32
                0x0000000000007160       0x12 subsys/bluetooth/controller/libsubsys__bluetooth__controller.a(hci.c.obj)
 .text.evt_create
                0x0000000000007172       0x14 subsys/bluetooth/controller/libsubsys__bluetooth__controller.a(hci.c.obj)
 *fill*         0x0000000000007186        0x2 
 .text.cmd_status
                0x0000000000007188       0x34 subsys/bluetooth/controller/libsubsys__bluetooth__controller.a(hci.c.obj)
 .text.meta_evt
                0x00000000000071bc       0x2a subsys/bluetooth/controller/libsubsys__bluetooth__controller.a(hci.c.obj)
 *fill*         0x00000000000071e6        0x2 
 .text.cmd_complete
                0x00000000000071e8       0x44 subsys/bluetooth/controller/libsubsys__bluetooth__controller.a(hci.c.obj)
 .text.encrypt_change
                0x000000000000722c       0x40 subsys/bluetooth/controller/libsubsys__bluetooth__controller.a(hci.c.obj)
 .text.le_remote_feat_complete
                0x000000000000726c       0x5c subsys/bluetooth/controller/libsubsys__bluetooth__controller.a(hci.c.obj)
 .text.le_conn_complete.part.39
                0x00000000000072c8      0x12c subsys/bluetooth/controller/libsubsys__bluetooth__controller.a(hci.c.obj)
 .text.bt_addr_le_to_str.constprop.71
                0x00000000000073f4       0x78 subsys/bluetooth/controller/libsubsys__bluetooth__controller.a(hci.c.obj)
 .text.le_adv_ext_report.isra.66
                0x000000000000746c       0x40 subsys/bluetooth/controller/libsubsys__bluetooth__controller.a(hci.c.obj)
 .text.sys_get_le64
                0x00000000000074ac        0x8 subsys/bluetooth/controller/libsubsys__bluetooth__controller.a(hci.c.obj)
 .text.hci_cmd_handle
                0x00000000000074b4      0xa94 subsys/bluetooth/controller/libsubsys__bluetooth__controller.a(hci.c.obj)
                0x00000000000074b4                hci_cmd_handle
 .text.hci_acl_handle
                0x0000000000007f48       0xbc subsys/bluetooth/controller/libsubsys__bluetooth__controller.a(hci.c.obj)
                0x0000000000007f48                hci_acl_handle
 .text.hci_acl_encode
                0x0000000000008004       0x56 subsys/bluetooth/controller/libsubsys__bluetooth__controller.a(hci.c.obj)
                0x0000000000008004                hci_acl_encode
 *fill*         0x000000000000805a        0x2 
 .text.hci_evt_encode
                0x000000000000805c      0x66c subsys/bluetooth/controller/libsubsys__bluetooth__controller.a(hci.c.obj)
                0x000000000000805c                hci_evt_encode
 .text.hci_num_cmplt_encode
                0x00000000000086c8       0x28 subsys/bluetooth/controller/libsubsys__bluetooth__controller.a(hci.c.obj)
                0x00000000000086c8                hci_num_cmplt_encode
 .text.hci_get_class
                0x00000000000086f0       0x30 subsys/bluetooth/controller/libsubsys__bluetooth__controller.a(hci.c.obj)
                0x00000000000086f0                hci_get_class
 .text.hci_init
                0x0000000000008720       0x3c subsys/bluetooth/controller/libsubsys__bluetooth__controller.a(hci.c.obj)
                0x0000000000008720                hci_init
 .text.cpu_sleep
                0x000000000000875c        0x8 subsys/bluetooth/controller/libsubsys__bluetooth__controller.a(ctrl.c.obj)
 .text.pdu_len_cmp
                0x0000000000008764       0x3c subsys/bluetooth/controller/libsubsys__bluetooth__controller.a(ctrl.c.obj)
 .text.ticker_if_done
                0x00000000000087a0        0x4 subsys/bluetooth/controller/libsubsys__bluetooth__controller.a(ctrl.c.obj)
 .text.prepare_reduced
                0x00000000000087a4        0xc subsys/bluetooth/controller/libsubsys__bluetooth__controller.a(ctrl.c.obj)
 .text.prepare_normal
                0x00000000000087b0        0xc subsys/bluetooth/controller/libsubsys__bluetooth__controller.a(ctrl.c.obj)
 .text.chan_sel_remap
                0x00000000000087bc       0x36 subsys/bluetooth/controller/libsubsys__bluetooth__controller.a(ctrl.c.obj)
 *fill*         0x00000000000087f2        0x2 
 .text.packet_rx_acquired_count_get
                0x00000000000087f4       0x2c subsys/bluetooth/controller/libsubsys__bluetooth__controller.a(ctrl.c.obj)
 .text.packet_rx_reserve_get
                0x0000000000008820       0x24 subsys/bluetooth/controller/libsubsys__bluetooth__controller.a(ctrl.c.obj)
 .text.conn_update_req
                0x0000000000008844       0xcc subsys/bluetooth/controller/libsubsys__bluetooth__controller.a(ctrl.c.obj)
 .text.packet_rx_allocate
                0x0000000000008910       0x98 subsys/bluetooth/controller/libsubsys__bluetooth__controller.a(ctrl.c.obj)
 .text.common_init
                0x00000000000089a8       0xec subsys/bluetooth/controller/libsubsys__bluetooth__controller.a(ctrl.c.obj)
 .text.tx_cmplt_get
                0x0000000000008a94       0x94 subsys/bluetooth/controller/libsubsys__bluetooth__controller.a(ctrl.c.obj)
 .text.connection_get
                0x0000000000008b28       0x2c subsys/bluetooth/controller/libsubsys__bluetooth__controller.a(ctrl.c.obj)
 .text.role_disable
                0x0000000000008b54      0x1f4 subsys/bluetooth/controller/libsubsys__bluetooth__controller.a(ctrl.c.obj)
 .text.rx_packet_set
                0x0000000000008d48       0x58 subsys/bluetooth/controller/libsubsys__bluetooth__controller.a(ctrl.c.obj)
 .text.tx_packet_set
                0x0000000000008da0       0x56 subsys/bluetooth/controller/libsubsys__bluetooth__controller.a(ctrl.c.obj)
 *fill*         0x0000000000008df6        0x2 
 .text.sched_free_win_offset_calc
                0x0000000000008df8      0x23c subsys/bluetooth/controller/libsubsys__bluetooth__controller.a(ctrl.c.obj)
 .text.mayfly_sched_free_win_offset_calc
                0x0000000000009034       0x3c subsys/bluetooth/controller/libsubsys__bluetooth__controller.a(ctrl.c.obj)
 .text.mayfly_sched_win_offset_select
                0x0000000000009070      0x118 subsys/bluetooth/controller/libsubsys__bluetooth__controller.a(ctrl.c.obj)
 .text.sched_after_mstr_free_slot_get
                0x0000000000009188      0x124 subsys/bluetooth/controller/libsubsys__bluetooth__controller.a(ctrl.c.obj)
 .text.isr_adv_ci_adva_check
                0x00000000000092ac       0x48 subsys/bluetooth/controller/libsubsys__bluetooth__controller.a(ctrl.c.obj)
 .text.isr_scan_tgta_check
                0x00000000000092f4       0x98 subsys/bluetooth/controller/libsubsys__bluetooth__controller.a(ctrl.c.obj)
 .text.rx_fc_lock
                0x000000000000938c       0x34 subsys/bluetooth/controller/libsubsys__bluetooth__controller.a(ctrl.c.obj)
 .text.ticker_job_disable
                0x00000000000093c0       0x18 subsys/bluetooth/controller/libsubsys__bluetooth__controller.a(ctrl.c.obj)
 .text.hdr_conn_get
                0x00000000000093d8       0x3c subsys/bluetooth/controller/libsubsys__bluetooth__controller.a(ctrl.c.obj)
 .text.mayfly_xtal_retain.part.13
                0x0000000000009414       0x38 subsys/bluetooth/controller/libsubsys__bluetooth__controller.a(ctrl.c.obj)
 .text.radio_event_adv_prepare.part.29
                0x000000000000944c        0xc subsys/bluetooth/controller/libsubsys__bluetooth__controller.a(ctrl.c.obj)
 .text.prepare_normal_set
                0x0000000000009458       0x48 subsys/bluetooth/controller/libsubsys__bluetooth__controller.a(ctrl.c.obj)
 .text.terminate_ind_rx_enqueue
                0x00000000000094a0       0x50 subsys/bluetooth/controller/libsubsys__bluetooth__controller.a(ctrl.c.obj)
 .text.packet_rx_enqueue
                0x00000000000094f0       0x60 subsys/bluetooth/controller/libsubsys__bluetooth__controller.a(ctrl.c.obj)
 .text.isr_rx_scan_report
                0x0000000000009550       0x88 subsys/bluetooth/controller/libsubsys__bluetooth__controller.a(ctrl.c.obj)
 .text.sched_after_mstr_free_offset_get
                0x00000000000095d8       0x74 subsys/bluetooth/controller/libsubsys__bluetooth__controller.a(ctrl.c.obj)
 .text.mayfly_sched_win_offset_use
                0x000000000000964c       0x34 subsys/bluetooth/controller/libsubsys__bluetooth__controller.a(ctrl.c.obj)
 .text.mayfly_sched_after_mstr_free_offset_get
                0x0000000000009680       0x1c subsys/bluetooth/controller/libsubsys__bluetooth__controller.a(ctrl.c.obj)
 .text.chan_set
                0x000000000000969c       0x3e subsys/bluetooth/controller/libsubsys__bluetooth__controller.a(ctrl.c.obj)
 *fill*         0x00000000000096da        0x2 
 .text.adv_setup
                0x00000000000096dc       0xcc subsys/bluetooth/controller/libsubsys__bluetooth__controller.a(ctrl.c.obj)
 .text.pdu_node_tx_release
                0x00000000000097a8       0x48 subsys/bluetooth/controller/libsubsys__bluetooth__controller.a(ctrl.c.obj)
 .text.packet_tx_enqueue
                0x00000000000097f0       0x9c subsys/bluetooth/controller/libsubsys__bluetooth__controller.a(ctrl.c.obj)
 .text.connection_release
                0x000000000000988c      0x114 subsys/bluetooth/controller/libsubsys__bluetooth__controller.a(ctrl.c.obj)
 .text.mayfly_radio_stop
                0x00000000000099a0       0x34 subsys/bluetooth/controller/libsubsys__bluetooth__controller.a(ctrl.c.obj)
 .text.mayfly_radio_active
                0x00000000000099d4       0x30 subsys/bluetooth/controller/libsubsys__bluetooth__controller.a(ctrl.c.obj)
 .text.mayfly_radio_inactive
                0x0000000000009a04        0x6 subsys/bluetooth/controller/libsubsys__bluetooth__controller.a(ctrl.c.obj)
 *fill*         0x0000000000009a0a        0x2 
 .text.event_xtal
                0x0000000000009a0c       0x1c subsys/bluetooth/controller/libsubsys__bluetooth__controller.a(ctrl.c.obj)
 .text.event_active
                0x0000000000009a28       0x1c subsys/bluetooth/controller/libsubsys__bluetooth__controller.a(ctrl.c.obj)
 .text.event_stop
                0x0000000000009a44       0x20 subsys/bluetooth/controller/libsubsys__bluetooth__controller.a(ctrl.c.obj)
 .text.ticker_op_latency_cancelled
                0x0000000000009a64       0x16 subsys/bluetooth/controller/libsubsys__bluetooth__controller.a(ctrl.c.obj)
 *fill*         0x0000000000009a7a        0x2 
 .text.ticker_update_slave_assert
                0x0000000000009a7c       0x18 subsys/bluetooth/controller/libsubsys__bluetooth__controller.a(ctrl.c.obj)
 .text.ticker_update_adv_assert
                0x0000000000009a94       0x18 subsys/bluetooth/controller/libsubsys__bluetooth__controller.a(ctrl.c.obj)
 .text.ticker_stop_scan_assert
                0x0000000000009aac       0x30 subsys/bluetooth/controller/libsubsys__bluetooth__controller.a(ctrl.c.obj)
 .text.ticker_stop_adv_assert
                0x0000000000009adc       0x30 subsys/bluetooth/controller/libsubsys__bluetooth__controller.a(ctrl.c.obj)
 .text.ticker_success_assert
                0x0000000000009b0c        0xa subsys/bluetooth/controller/libsubsys__bluetooth__controller.a(ctrl.c.obj)
 *fill*         0x0000000000009b16        0x2 
 .text.adv_scan_configure.constprop.32
                0x0000000000009b18       0x54 subsys/bluetooth/controller/libsubsys__bluetooth__controller.a(ctrl.c.obj)
 .text.event_stop.constprop.33
                0x0000000000009b6c       0x1c subsys/bluetooth/controller/libsubsys__bluetooth__controller.a(ctrl.c.obj)
 .text.event_common_prepare
                0x0000000000009b88      0x174 subsys/bluetooth/controller/libsubsys__bluetooth__controller.a(ctrl.c.obj)
 .text.event_scan_prepare
                0x0000000000009cfc       0x84 subsys/bluetooth/controller/libsubsys__bluetooth__controller.a(ctrl.c.obj)
 .text.mayfly_xtal_start
                0x0000000000009d80       0x10 subsys/bluetooth/controller/libsubsys__bluetooth__controller.a(ctrl.c.obj)
 .text.mayfly_xtal_stop
                0x0000000000009d90       0x10 subsys/bluetooth/controller/libsubsys__bluetooth__controller.a(ctrl.c.obj)
 .text.chan_sel_2
                0x0000000000009da0       0x88 subsys/bluetooth/controller/libsubsys__bluetooth__controller.a(ctrl.c.obj)
 .text.preempt_calc
                0x0000000000009e28       0x44 subsys/bluetooth/controller/libsubsys__bluetooth__controller.a(ctrl.c.obj)
 .text.event_scan
                0x0000000000009e6c      0x170 subsys/bluetooth/controller/libsubsys__bluetooth__controller.a(ctrl.c.obj)
 .text.ctrl_tx_enqueue
                0x0000000000009fdc       0x5c subsys/bluetooth/controller/libsubsys__bluetooth__controller.a(ctrl.c.obj)
 .text.ctrl_tx_sec_enqueue
                0x000000000000a038       0x32 subsys/bluetooth/controller/libsubsys__bluetooth__controller.a(ctrl.c.obj)
 *fill*         0x000000000000a06a        0x2 
 .text.feature_rsp_send
                0x000000000000a06c       0x8c subsys/bluetooth/controller/libsubsys__bluetooth__controller.a(ctrl.c.obj)
 .text.start_enc_rsp_send
                0x000000000000a0f8       0x48 subsys/bluetooth/controller/libsubsys__bluetooth__controller.a(ctrl.c.obj)
 .text.reject_ext_ind_send
                0x000000000000a140       0x38 subsys/bluetooth/controller/libsubsys__bluetooth__controller.a(ctrl.c.obj)
 .text.event_connection_prepare
                0x000000000000a178     0x10a8 subsys/bluetooth/controller/libsubsys__bluetooth__controller.a(ctrl.c.obj)
 .text.event_master_prepare
                0x000000000000b220        0x4 subsys/bluetooth/controller/libsubsys__bluetooth__controller.a(ctrl.c.obj)
 .text.event_slave_prepare
                0x000000000000b224        0x4 subsys/bluetooth/controller/libsubsys__bluetooth__controller.a(ctrl.c.obj)
 .text.connection_configure
                0x000000000000b228       0x3c subsys/bluetooth/controller/libsubsys__bluetooth__controller.a(ctrl.c.obj)
 .text.event_slave
                0x000000000000b264      0x1a4 subsys/bluetooth/controller/libsubsys__bluetooth__controller.a(ctrl.c.obj)
 .text.prepare_pdu_data_tx
                0x000000000000b408       0xf8 subsys/bluetooth/controller/libsubsys__bluetooth__controller.a(ctrl.c.obj)
 .text.mayfly_xtal_stop_calc
                0x000000000000b500      0x1f8 subsys/bluetooth/controller/libsubsys__bluetooth__controller.a(ctrl.c.obj)
 .text.event_master
                0x000000000000b6f8      0x138 subsys/bluetooth/controller/libsubsys__bluetooth__controller.a(ctrl.c.obj)
 .text.isr_rx_conn_pkt_ctrl
                0x000000000000b830     0x1150 subsys/bluetooth/controller/libsubsys__bluetooth__controller.a(ctrl.c.obj)
 .text.isr      0x000000000000c980     0x1778 subsys/bluetooth/controller/libsubsys__bluetooth__controller.a(ctrl.c.obj)
 .text.radio_init
                0x000000000000e0f8      0x100 subsys/bluetooth/controller/libsubsys__bluetooth__controller.a(ctrl.c.obj)
                0x000000000000e0f8                radio_init
 .text.ll_reset
                0x000000000000e1f8       0xa0 subsys/bluetooth/controller/libsubsys__bluetooth__controller.a(ctrl.c.obj)
                0x000000000000e1f8                ll_reset
 .text.ll_adv_is_enabled
                0x000000000000e298       0x10 subsys/bluetooth/controller/libsubsys__bluetooth__controller.a(ctrl.c.obj)
                0x000000000000e298                ll_adv_is_enabled
 .text.radio_adv_filter_pol_get
                0x000000000000e2a8       0x18 subsys/bluetooth/controller/libsubsys__bluetooth__controller.a(ctrl.c.obj)
                0x000000000000e2a8                radio_adv_filter_pol_get
 .text.ll_scan_is_enabled
                0x000000000000e2c0       0x2c subsys/bluetooth/controller/libsubsys__bluetooth__controller.a(ctrl.c.obj)
                0x000000000000e2c0                ll_scan_is_enabled
 .text.radio_scan_filter_pol_get
                0x000000000000e2ec       0x1c subsys/bluetooth/controller/libsubsys__bluetooth__controller.a(ctrl.c.obj)
                0x000000000000e2ec                radio_scan_filter_pol_get
 .text.radio_connect_enable
                0x000000000000e308      0x368 subsys/bluetooth/controller/libsubsys__bluetooth__controller.a(ctrl.c.obj)
                0x000000000000e308                radio_connect_enable
 .text.ll_conn_update
                0x000000000000e670       0xf0 subsys/bluetooth/controller/libsubsys__bluetooth__controller.a(ctrl.c.obj)
                0x000000000000e670                ll_conn_update
 .text.ll_chm_update
                0x000000000000e760       0x84 subsys/bluetooth/controller/libsubsys__bluetooth__controller.a(ctrl.c.obj)
                0x000000000000e760                ll_chm_update
 .text.ll_chm_get
                0x000000000000e7e4       0x2a subsys/bluetooth/controller/libsubsys__bluetooth__controller.a(ctrl.c.obj)
                0x000000000000e7e4                ll_chm_get
 .text.ll_feature_req_send
                0x000000000000e80e       0x28 subsys/bluetooth/controller/libsubsys__bluetooth__controller.a(ctrl.c.obj)
                0x000000000000e80e                ll_feature_req_send
 .text.ll_version_ind_send
                0x000000000000e836       0x28 subsys/bluetooth/controller/libsubsys__bluetooth__controller.a(ctrl.c.obj)
                0x000000000000e836                ll_version_ind_send
 .text.ll_terminate_ind_send
                0x000000000000e85e       0x28 subsys/bluetooth/controller/libsubsys__bluetooth__controller.a(ctrl.c.obj)
                0x000000000000e85e                ll_terminate_ind_send
 .text.ll_tx_pwr_lvl_get
                0x000000000000e886       0x14 subsys/bluetooth/controller/libsubsys__bluetooth__controller.a(ctrl.c.obj)
                0x000000000000e886                ll_tx_pwr_lvl_get
 .text.ll_apto_get
                0x000000000000e89a       0x28 subsys/bluetooth/controller/libsubsys__bluetooth__controller.a(ctrl.c.obj)
                0x000000000000e89a                ll_apto_get
 .text.ll_apto_set
                0x000000000000e8c2       0x2c subsys/bluetooth/controller/libsubsys__bluetooth__controller.a(ctrl.c.obj)
                0x000000000000e8c2                ll_apto_set
 .text.ll_length_req_send
                0x000000000000e8ee       0x46 subsys/bluetooth/controller/libsubsys__bluetooth__controller.a(ctrl.c.obj)
                0x000000000000e8ee                ll_length_req_send
 .text.ll_length_default_get
                0x000000000000e934       0x14 subsys/bluetooth/controller/libsubsys__bluetooth__controller.a(ctrl.c.obj)
                0x000000000000e934                ll_length_default_get
 .text.ll_length_default_set
                0x000000000000e948       0x14 subsys/bluetooth/controller/libsubsys__bluetooth__controller.a(ctrl.c.obj)
                0x000000000000e948                ll_length_default_set
 .text.ll_length_max_get
                0x000000000000e95c       0x12 subsys/bluetooth/controller/libsubsys__bluetooth__controller.a(ctrl.c.obj)
                0x000000000000e95c                ll_length_max_get
 .text.ll_phy_get
                0x000000000000e96e       0x28 subsys/bluetooth/controller/libsubsys__bluetooth__controller.a(ctrl.c.obj)
                0x000000000000e96e                ll_phy_get
 *fill*         0x000000000000e996        0x2 
 .text.ll_phy_default_set
                0x000000000000e998       0x14 subsys/bluetooth/controller/libsubsys__bluetooth__controller.a(ctrl.c.obj)
                0x000000000000e998                ll_phy_default_set
 .text.ll_phy_req_send
                0x000000000000e9ac       0x60 subsys/bluetooth/controller/libsubsys__bluetooth__controller.a(ctrl.c.obj)
                0x000000000000e9ac                ll_phy_req_send
 .text.ll_rx_get
                0x000000000000ea0c       0x70 subsys/bluetooth/controller/libsubsys__bluetooth__controller.a(ctrl.c.obj)
                0x000000000000ea0c                ll_rx_get
 .text.ll_rx_mem_release
                0x000000000000ea7c       0x68 subsys/bluetooth/controller/libsubsys__bluetooth__controller.a(ctrl.c.obj)
                0x000000000000ea7c                ll_rx_mem_release
 .text.do_radio_rx_fc_set
                0x000000000000eae4       0x5c subsys/bluetooth/controller/libsubsys__bluetooth__controller.a(ctrl.c.obj)
                0x000000000000eae4                do_radio_rx_fc_set
 .text.radio_rx_fc_set
                0x000000000000eb40       0x58 subsys/bluetooth/controller/libsubsys__bluetooth__controller.a(ctrl.c.obj)
                0x000000000000eb40                radio_rx_fc_set
 .text.ll_tx_mem_acquire
                0x000000000000eb98        0xc subsys/bluetooth/controller/libsubsys__bluetooth__controller.a(ctrl.c.obj)
                0x000000000000eb98                ll_tx_mem_acquire
 .text.ll_tx_mem_release
                0x000000000000eba4        0xc subsys/bluetooth/controller/libsubsys__bluetooth__controller.a(ctrl.c.obj)
                0x000000000000eba4                ll_tx_mem_release
 .text.ll_tx_mem_enqueue
                0x000000000000ebb0       0xb8 subsys/bluetooth/controller/libsubsys__bluetooth__controller.a(ctrl.c.obj)
                0x000000000000ebb0                ll_tx_mem_enqueue
 .text.ll_enc_req_send
                0x000000000000ec68       0xd6 subsys/bluetooth/controller/libsubsys__bluetooth__controller.a(ctrl.c.obj)
                0x000000000000ec68                ll_enc_req_send
 *fill*         0x000000000000ed3e        0x2 
 .text.radio_scan_enable
                0x000000000000ed40      0x1bc subsys/bluetooth/controller/libsubsys__bluetooth__controller.a(ctrl.c.obj)
                0x000000000000ed40                radio_scan_enable
 .text.radio_scan_disable
                0x000000000000eefc       0x5c subsys/bluetooth/controller/libsubsys__bluetooth__controller.a(ctrl.c.obj)
                0x000000000000eefc                radio_scan_disable
 .text.ll_connect_disable
                0x000000000000ef58       0x14 subsys/bluetooth/controller/libsubsys__bluetooth__controller.a(ctrl.c.obj)
                0x000000000000ef58                ll_connect_disable
 .text.ll_rx_dequeue
                0x000000000000ef6c       0xe0 subsys/bluetooth/controller/libsubsys__bluetooth__controller.a(ctrl.c.obj)
                0x000000000000ef6c                ll_rx_dequeue
 .text.rtc0_nrf5_isr
                0x000000000000f04c       0x34 subsys/bluetooth/controller/libsubsys__bluetooth__controller.a(ll.c.obj)
 .text.swi4_nrf5_isr
                0x000000000000f080        0x6 subsys/bluetooth/controller/libsubsys__bluetooth__controller.a(ll.c.obj)
 .text.radio_nrf5_isr
                0x000000000000f086       0x1e subsys/bluetooth/controller/libsubsys__bluetooth__controller.a(ll.c.obj)
                0x000000000000f086                radio_nrf5_isr
 .text.radio_active_callback
                0x000000000000f0a4        0x2 subsys/bluetooth/controller/libsubsys__bluetooth__controller.a(ll.c.obj)
                0x000000000000f0a4                radio_active_callback
 *fill*         0x000000000000f0a6        0x2 
 .text.radio_event_callback
                0x000000000000f0a8        0xc subsys/bluetooth/controller/libsubsys__bluetooth__controller.a(ll.c.obj)
                0x000000000000f0a8                radio_event_callback
 .text.ll_init  0x000000000000f0b4      0x10c subsys/bluetooth/controller/libsubsys__bluetooth__controller.a(ll.c.obj)
                0x000000000000f0b4                ll_init
 .text.ll_scan_params_set
                0x000000000000f1c0       0x40 subsys/bluetooth/controller/libsubsys__bluetooth__controller.a(ll_scan.c.obj)
                0x000000000000f1c0                ll_scan_params_set
 .text.ll_scan_enable
                0x000000000000f200       0x74 subsys/bluetooth/controller/libsubsys__bluetooth__controller.a(ll_scan.c.obj)
                0x000000000000f200                ll_scan_enable
 .text.ll_create_connection
                0x000000000000f274       0x9c subsys/bluetooth/controller/libsubsys__bluetooth__controller.a(ll_master.c.obj)
                0x000000000000f274                ll_create_connection
 .text.wl_find  0x000000000000f310       0x64 subsys/bluetooth/controller/libsubsys__bluetooth__controller.a(ll_filter.c.obj)
 .text.filter_wl_update
                0x000000000000f374       0x80 subsys/bluetooth/controller/libsubsys__bluetooth__controller.a(ll_filter.c.obj)
 .text.rl_access_check.constprop.1
                0x000000000000f3f4       0x18 subsys/bluetooth/controller/libsubsys__bluetooth__controller.a(ll_filter.c.obj)
 .text.sys_memcpy_swap.constprop.2
                0x000000000000f40c       0x54 subsys/bluetooth/controller/libsubsys__bluetooth__controller.a(ll_filter.c.obj)
 .text.filter_rl_update
                0x000000000000f460       0x4c subsys/bluetooth/controller/libsubsys__bluetooth__controller.a(ll_filter.c.obj)
 .text.ctrl_lrpa_get
                0x000000000000f4ac       0x28 subsys/bluetooth/controller/libsubsys__bluetooth__controller.a(ll_filter.c.obj)
                0x000000000000f4ac                ctrl_lrpa_get
 .text.ctrl_irks_get
                0x000000000000f4d4       0x14 subsys/bluetooth/controller/libsubsys__bluetooth__controller.a(ll_filter.c.obj)
                0x000000000000f4d4                ctrl_irks_get
 .text.ctrl_rl_idx
                0x000000000000f4e8       0x40 subsys/bluetooth/controller/libsubsys__bluetooth__controller.a(ll_filter.c.obj)
                0x000000000000f4e8                ctrl_rl_idx
 .text.ctrl_rl_irk_idx
                0x000000000000f528       0x38 subsys/bluetooth/controller/libsubsys__bluetooth__controller.a(ll_filter.c.obj)
                0x000000000000f528                ctrl_rl_irk_idx
 .text.ctrl_irk_whitelisted
                0x000000000000f560       0x2c subsys/bluetooth/controller/libsubsys__bluetooth__controller.a(ll_filter.c.obj)
                0x000000000000f560                ctrl_irk_whitelisted
 .text.ctrl_filter_get
                0x000000000000f58c       0x18 subsys/bluetooth/controller/libsubsys__bluetooth__controller.a(ll_filter.c.obj)
                0x000000000000f58c                ctrl_filter_get
 .text.ll_wl_size_get
                0x000000000000f5a4        0x4 subsys/bluetooth/controller/libsubsys__bluetooth__controller.a(ll_filter.c.obj)
                0x000000000000f5a4                ll_wl_size_get
 .text.ll_wl_clear
                0x000000000000f5a8       0x40 subsys/bluetooth/controller/libsubsys__bluetooth__controller.a(ll_filter.c.obj)
                0x000000000000f5a8                ll_wl_clear
 .text.ll_wl_remove
                0x000000000000f5e8       0x6c subsys/bluetooth/controller/libsubsys__bluetooth__controller.a(ll_filter.c.obj)
                0x000000000000f5e8                ll_wl_remove
 .text.ll_filters_scan_update
                0x000000000000f654       0x44 subsys/bluetooth/controller/libsubsys__bluetooth__controller.a(ll_filter.c.obj)
                0x000000000000f654                ll_filters_scan_update
 .text.ll_rl_find
                0x000000000000f698       0x68 subsys/bluetooth/controller/libsubsys__bluetooth__controller.a(ll_filter.c.obj)
                0x000000000000f698                ll_rl_find
 .text.ll_wl_add
                0x000000000000f700       0xb0 subsys/bluetooth/controller/libsubsys__bluetooth__controller.a(ll_filter.c.obj)
                0x000000000000f700                ll_wl_add
 .text.ctrl_rl_idx_allowed
                0x000000000000f7b0       0x3c subsys/bluetooth/controller/libsubsys__bluetooth__controller.a(ll_filter.c.obj)
                0x000000000000f7b0                ctrl_rl_idx_allowed
 .text.ll_rl_id_addr_get
                0x000000000000f7ec       0x40 subsys/bluetooth/controller/libsubsys__bluetooth__controller.a(ll_filter.c.obj)
                0x000000000000f7ec                ll_rl_id_addr_get
 .text.ctrl_rl_addr_allowed
                0x000000000000f82c       0x78 subsys/bluetooth/controller/libsubsys__bluetooth__controller.a(ll_filter.c.obj)
                0x000000000000f82c                ctrl_rl_addr_allowed
 .text.ctrl_rl_addr_resolve
                0x000000000000f8a4       0x40 subsys/bluetooth/controller/libsubsys__bluetooth__controller.a(ll_filter.c.obj)
                0x000000000000f8a4                ctrl_rl_addr_resolve
 .text.ctrl_rl_enabled
                0x000000000000f8e4       0x10 subsys/bluetooth/controller/libsubsys__bluetooth__controller.a(ll_filter.c.obj)
                0x000000000000f8e4                ctrl_rl_enabled
 .text.ll_rl_rpa_update
                0x000000000000f8f4       0xf8 subsys/bluetooth/controller/libsubsys__bluetooth__controller.a(ll_filter.c.obj)
                0x000000000000f8f4                ll_rl_rpa_update
 .text.rpa_timeout
                0x000000000000f9ec       0x24 subsys/bluetooth/controller/libsubsys__bluetooth__controller.a(ll_filter.c.obj)
 .text.ll_adv_scan_state_cb
                0x000000000000fa10       0x30 subsys/bluetooth/controller/libsubsys__bluetooth__controller.a(ll_filter.c.obj)
                0x000000000000fa10                ll_adv_scan_state_cb
 .text.ll_rl_size_get
                0x000000000000fa40        0x4 subsys/bluetooth/controller/libsubsys__bluetooth__controller.a(ll_filter.c.obj)
                0x000000000000fa40                ll_rl_size_get
 .text.ll_rl_clear
                0x000000000000fa44       0x34 subsys/bluetooth/controller/libsubsys__bluetooth__controller.a(ll_filter.c.obj)
                0x000000000000fa44                ll_rl_clear
 .text.ll_rl_add
                0x000000000000fa78      0x144 subsys/bluetooth/controller/libsubsys__bluetooth__controller.a(ll_filter.c.obj)
                0x000000000000fa78                ll_rl_add
 .text.ll_rl_remove
                0x000000000000fbbc       0xd8 subsys/bluetooth/controller/libsubsys__bluetooth__controller.a(ll_filter.c.obj)
                0x000000000000fbbc                ll_rl_remove
 .text.ll_rl_crpa_set
                0x000000000000fc94       0x44 subsys/bluetooth/controller/libsubsys__bluetooth__controller.a(ll_filter.c.obj)
                0x000000000000fc94                ll_rl_crpa_set
 .text.ll_rl_crpa_get
                0x000000000000fcd8       0x40 subsys/bluetooth/controller/libsubsys__bluetooth__controller.a(ll_filter.c.obj)
                0x000000000000fcd8                ll_rl_crpa_get
 .text.ll_rl_lrpa_get
                0x000000000000fd18       0x30 subsys/bluetooth/controller/libsubsys__bluetooth__controller.a(ll_filter.c.obj)
                0x000000000000fd18                ll_rl_lrpa_get
 .text.ll_rl_enable
                0x000000000000fd48       0x24 subsys/bluetooth/controller/libsubsys__bluetooth__controller.a(ll_filter.c.obj)
                0x000000000000fd48                ll_rl_enable
 .text.ll_rl_timeout_set
                0x000000000000fd6c       0x10 subsys/bluetooth/controller/libsubsys__bluetooth__controller.a(ll_filter.c.obj)
                0x000000000000fd6c                ll_rl_timeout_set
 .text.ll_priv_mode_set
                0x000000000000fd7c       0x50 subsys/bluetooth/controller/libsubsys__bluetooth__controller.a(ll_filter.c.obj)
                0x000000000000fd7c                ll_priv_mode_set
 .text.ll_filter_reset
                0x000000000000fdcc       0x90 subsys/bluetooth/controller/libsubsys__bluetooth__controller.a(ll_filter.c.obj)
                0x000000000000fdcc                ll_filter_reset
 .text.cntr_init
                0x000000000000fe5c       0x1c subsys/bluetooth/controller/libsubsys__bluetooth__controller.a(cntr.c.obj)
                0x000000000000fe5c                cntr_init
 .text.cntr_start
                0x000000000000fe78       0x1c subsys/bluetooth/controller/libsubsys__bluetooth__controller.a(cntr.c.obj)
                0x000000000000fe78                cntr_start
 .text.cntr_stop
                0x000000000000fe94       0x30 subsys/bluetooth/controller/libsubsys__bluetooth__controller.a(cntr.c.obj)
                0x000000000000fe94                cntr_stop
 .text.cntr_cnt_get
                0x000000000000fec4        0xc subsys/bluetooth/controller/libsubsys__bluetooth__controller.a(cntr.c.obj)
                0x000000000000fec4                cntr_cnt_get
 .text.cntr_cmp_set
                0x000000000000fed0       0x10 subsys/bluetooth/controller/libsubsys__bluetooth__controller.a(cntr.c.obj)
                0x000000000000fed0                cntr_cmp_set
 .text.do_ecb   0x000000000000fee0       0x4c subsys/bluetooth/controller/libsubsys__bluetooth__controller.a(ecb.c.obj)
 .text.ecb_encrypt
                0x000000000000ff2c       0x42 subsys/bluetooth/controller/libsubsys__bluetooth__controller.a(ecb.c.obj)
                0x000000000000ff2c                ecb_encrypt
 *fill*         0x000000000000ff6e        0x2 
 .text.hal_radio_enable_on_tick_ppi_config_and_enable
                0x000000000000ff70       0x30 subsys/bluetooth/controller/libsubsys__bluetooth__controller.a(radio.c.obj)
 .text.sw_switch.isra.9
                0x000000000000ffa0       0xc8 subsys/bluetooth/controller/libsubsys__bluetooth__controller.a(radio.c.obj)
 .text.isr_radio
                0x0000000000010068       0x10 subsys/bluetooth/controller/libsubsys__bluetooth__controller.a(radio.c.obj)
                0x0000000000010068                isr_radio
 .text.radio_isr_set
                0x0000000000010078       0x28 subsys/bluetooth/controller/libsubsys__bluetooth__controller.a(radio.c.obj)
                0x0000000000010078                radio_isr_set
 .text.radio_setup
                0x00000000000100a0       0x44 subsys/bluetooth/controller/libsubsys__bluetooth__controller.a(radio.c.obj)
                0x00000000000100a0                radio_setup
 .text.radio_reset
                0x00000000000100e4       0x34 subsys/bluetooth/controller/libsubsys__bluetooth__controller.a(radio.c.obj)
                0x00000000000100e4                radio_reset
 .text.radio_phy_set
                0x0000000000010118       0x20 subsys/bluetooth/controller/libsubsys__bluetooth__controller.a(radio.c.obj)
                0x0000000000010118                radio_phy_set
 .text.radio_tx_power_set
                0x0000000000010138        0xc subsys/bluetooth/controller/libsubsys__bluetooth__controller.a(radio.c.obj)
                0x0000000000010138                radio_tx_power_set
 .text.radio_freq_chan_set
                0x0000000000010144        0xc subsys/bluetooth/controller/libsubsys__bluetooth__controller.a(radio.c.obj)
                0x0000000000010144                radio_freq_chan_set
 .text.radio_whiten_iv_set
                0x0000000000010150       0x24 subsys/bluetooth/controller/libsubsys__bluetooth__controller.a(radio.c.obj)
                0x0000000000010150                radio_whiten_iv_set
 .text.radio_aa_set
                0x0000000000010174       0x30 subsys/bluetooth/controller/libsubsys__bluetooth__controller.a(radio.c.obj)
                0x0000000000010174                radio_aa_set
 .text.radio_pkt_configure
                0x00000000000101a4       0x5c subsys/bluetooth/controller/libsubsys__bluetooth__controller.a(radio.c.obj)
                0x00000000000101a4                radio_pkt_configure
 .text.radio_pkt_rx_set
                0x0000000000010200        0xc subsys/bluetooth/controller/libsubsys__bluetooth__controller.a(radio.c.obj)
                0x0000000000010200                radio_pkt_rx_set
 .text.radio_pkt_tx_set
                0x000000000001020c        0xc subsys/bluetooth/controller/libsubsys__bluetooth__controller.a(radio.c.obj)
                0x000000000001020c                radio_pkt_tx_set
 .text.radio_tx_ready_delay_get
                0x0000000000010218        0xa subsys/bluetooth/controller/libsubsys__bluetooth__controller.a(radio.c.obj)
                0x0000000000010218                radio_tx_ready_delay_get
 .text.radio_tx_chain_delay_get
                0x0000000000010222        0x4 subsys/bluetooth/controller/libsubsys__bluetooth__controller.a(radio.c.obj)
                0x0000000000010222                radio_tx_chain_delay_get
 .text.radio_rx_ready_delay_get
                0x0000000000010226        0x4 subsys/bluetooth/controller/libsubsys__bluetooth__controller.a(radio.c.obj)
                0x0000000000010226                radio_rx_ready_delay_get
 .text.radio_rx_chain_delay_get
                0x000000000001022a        0xa subsys/bluetooth/controller/libsubsys__bluetooth__controller.a(radio.c.obj)
                0x000000000001022a                radio_rx_chain_delay_get
 .text.radio_rx_enable
                0x0000000000010234        0xc subsys/bluetooth/controller/libsubsys__bluetooth__controller.a(radio.c.obj)
                0x0000000000010234                radio_rx_enable
 .text.radio_tx_enable
                0x0000000000010240        0xc subsys/bluetooth/controller/libsubsys__bluetooth__controller.a(radio.c.obj)
                0x0000000000010240                radio_tx_enable
 .text.radio_disable
                0x000000000001024c       0x24 subsys/bluetooth/controller/libsubsys__bluetooth__controller.a(radio.c.obj)
                0x000000000001024c                radio_disable
 .text.radio_status_reset
                0x0000000000010270       0x18 subsys/bluetooth/controller/libsubsys__bluetooth__controller.a(radio.c.obj)
                0x0000000000010270                radio_status_reset
 .text.radio_is_ready
                0x0000000000010288       0x14 subsys/bluetooth/controller/libsubsys__bluetooth__controller.a(radio.c.obj)
                0x0000000000010288                radio_is_ready
 .text.radio_is_done
                0x000000000001029c       0x14 subsys/bluetooth/controller/libsubsys__bluetooth__controller.a(radio.c.obj)
                0x000000000001029c                radio_is_done
 .text.radio_is_idle
                0x00000000000102b0       0x14 subsys/bluetooth/controller/libsubsys__bluetooth__controller.a(radio.c.obj)
                0x00000000000102b0                radio_is_idle
 .text.radio_crc_configure
                0x00000000000102c4       0x18 subsys/bluetooth/controller/libsubsys__bluetooth__controller.a(radio.c.obj)
                0x00000000000102c4                radio_crc_configure
 .text.radio_crc_is_valid
                0x00000000000102dc       0x14 subsys/bluetooth/controller/libsubsys__bluetooth__controller.a(radio.c.obj)
                0x00000000000102dc                radio_crc_is_valid
 .text.radio_pkt_empty_get
                0x00000000000102f0        0x8 subsys/bluetooth/controller/libsubsys__bluetooth__controller.a(radio.c.obj)
                0x00000000000102f0                radio_pkt_empty_get
 .text.radio_pkt_scratch_get
                0x00000000000102f8        0x8 subsys/bluetooth/controller/libsubsys__bluetooth__controller.a(radio.c.obj)
                0x00000000000102f8                radio_pkt_scratch_get
 .text.radio_switch_complete_and_rx
                0x0000000000010300       0x18 subsys/bluetooth/controller/libsubsys__bluetooth__controller.a(radio.c.obj)
                0x0000000000010300                radio_switch_complete_and_rx
 .text.radio_switch_complete_and_tx
                0x0000000000010318       0x14 subsys/bluetooth/controller/libsubsys__bluetooth__controller.a(radio.c.obj)
                0x0000000000010318                radio_switch_complete_and_tx
 .text.radio_switch_complete_and_disable
                0x000000000001032c       0x1c subsys/bluetooth/controller/libsubsys__bluetooth__controller.a(radio.c.obj)
                0x000000000001032c                radio_switch_complete_and_disable
 .text.radio_rssi_measure
                0x0000000000010348       0x14 subsys/bluetooth/controller/libsubsys__bluetooth__controller.a(radio.c.obj)
                0x0000000000010348                radio_rssi_measure
 .text.radio_rssi_get
                0x000000000001035c        0xc subsys/bluetooth/controller/libsubsys__bluetooth__controller.a(radio.c.obj)
                0x000000000001035c                radio_rssi_get
 .text.radio_rssi_status_reset
                0x0000000000010368       0x10 subsys/bluetooth/controller/libsubsys__bluetooth__controller.a(radio.c.obj)
                0x0000000000010368                radio_rssi_status_reset
 .text.radio_rssi_is_ready
                0x0000000000010378       0x14 subsys/bluetooth/controller/libsubsys__bluetooth__controller.a(radio.c.obj)
                0x0000000000010378                radio_rssi_is_ready
 .text.radio_filter_configure
                0x000000000001038c       0x34 subsys/bluetooth/controller/libsubsys__bluetooth__controller.a(radio.c.obj)
                0x000000000001038c                radio_filter_configure
 .text.radio_filter_disable
                0x00000000000103c0       0x14 subsys/bluetooth/controller/libsubsys__bluetooth__controller.a(radio.c.obj)
                0x00000000000103c0                radio_filter_disable
 .text.radio_filter_status_reset
                0x00000000000103d4       0x10 subsys/bluetooth/controller/libsubsys__bluetooth__controller.a(radio.c.obj)
                0x00000000000103d4                radio_filter_status_reset
 .text.radio_filter_has_match
                0x00000000000103e4       0x14 subsys/bluetooth/controller/libsubsys__bluetooth__controller.a(radio.c.obj)
                0x00000000000103e4                radio_filter_has_match
 .text.radio_filter_match_get
                0x00000000000103f8        0xc subsys/bluetooth/controller/libsubsys__bluetooth__controller.a(radio.c.obj)
                0x00000000000103f8                radio_filter_match_get
 .text.radio_bc_configure
                0x0000000000010404       0x18 subsys/bluetooth/controller/libsubsys__bluetooth__controller.a(radio.c.obj)
                0x0000000000010404                radio_bc_configure
 .text.radio_tmr_status_reset