att.c:1446:13:att_exec_write_req	0	static
att.c:1825:19:att_op_get_type	8	static
att.c:2090:12:bt_att_accept	16	static
att.c:98:13:att_req_destroy	8	static
att.c:1666:13:att_notify	16	static
att.c:1032:13:read_group_cb	40	static
att.c:405:13:find_info_cb	16	static
att.c:517:13:find_type_cb	56	static
att.c:2014:13:bt_att_connected	8	static
att.c:667:13:check_perm.isra.4	0	static
att.c:724:13:read_type_cb	40	static
att.c:651:14:uuid_create	8	static
att.c:149:13:att_req_sent	8	static
att.c:256:21:att_is_connected	0	static
att.c:1381:13:att_prepare_write_req	0	static
att.c:163:13:att_pdu_sent	8	static
att.c:136:13:att_rsp_sent	8	static
att.c:123:13:att_cfm_sent	8	static
att.c:1902:23:att_chan_get	16	static
att.c:1189:13:write_cb	32	static
att.c:262:12:att_send_req	16	static
att.c:300:13:att_handle_rsp	40	static
att.c:1701:13:att_confirm	0	static
att.c:1659:13:att_handle_exec_write_rsp	0	static
att.c:1651:13:att_handle_prepare_write_rsp	0	static
att.c:1644:13:att_handle_write_rsp	0	static
att.c:1637:13:att_handle_read_mult_rsp	0	static
att.c:1630:13:att_handle_read_blob_rsp	0	static
att.c:1623:13:att_handle_read_rsp	0	static
att.c:1616:13:att_handle_read_type_rsp	0	static
att.c:1609:13:att_handle_find_type_rsp	0	static
att.c:1602:13:att_handle_find_info_rsp	0	static
att.c:340:13:att_mtu_rsp	4	static
att.c:1564:13:att_error_rsp	8	static
att.c:1952:13:att_reset	32	static
att.c:2034:13:bt_att_disconnected	8	static
att.c:1992:13:att_timeout	8	static
att.c:873:13:read_cb	40	static
att.c:1927:17:bt_att_create_pdu	24	static
att.c:1680:13:att_indicate	16	static
att.c:211:13:att_mtu_req	24	static
att.c:187:13:send_err_rsp.part.10	24	static
att.c:1843:13:bt_att_recv	32	static
att.c:1127:13:att_read_group_req	80	static
att.c:978:13:att_read_mult_req	56	static
att.c:909:13:att_read_rsp	48	static
att.c:962:13:att_read_blob_req	16	static
att.c:947:13:att_read_req	16	static
att.c:827:13:att_read_type_req	80	static
att.c:613:13:att_find_type_req	72	static
att.c:485:13:att_find_info_req	40	static
att.c:1215:13:att_write_rsp.part.11.constprop	48	static
att.c:1473:13:att_signed_write_cmd	32	static
att.c:1461:13:att_write_cmd	24	static
att.c:1262:13:att_write_req	24	static
att.c:2126:6:bt_att_init	8	static
att.c:2138:7:bt_att_get_mtu	8	static
att.c:2151:5:bt_att_send	24	static
att.c:2192:5:bt_att_req_send	8	static
att.c:2217:6:bt_att_req_cancel	8	static
