conn.c:127:13:notify_connected	16	static
atomic.h:140:28:atomic_get	0	static
conn.c:973:13:bt_conn_reset_rx_state	8	static
conn.c:98:15:bt_conn_get_pkts	0	static
conn.c:149:6:notify_le_param_updated	16	static
conn.c:162:7:le_param_req	24	static
conn.c:967:6:bt_conn_cb_register	0	static
conn.c:984:6:bt_conn_recv	32	static
conn.c:1070:5:bt_conn_send_cb	32	static
conn.c:1093:6:bt_conn_notify_tx	32	static
conn.c:1154:14:send_frag	48	static
conn.c:1369:17:bt_conn_add_le	24	static
conn.c:1565:5:bt_conn_addr_le_cmp	16	static
conn.c:1645:17:bt_conn_ref	24	static
conn.c:1524:17:bt_conn_lookup_handle	8	static
conn.c:1580:17:bt_conn_lookup_addr_le	8	static
conn.c:1601:17:bt_conn_lookup_state_le	16	static
conn.c:1654:6:bt_conn_unref	24	static
conn.c:1282:13:conn_cleanup	16	static
conn.c:1303:5:bt_conn_prepare_events	24	static
conn.c:1411:6:bt_conn_set_state	32	static
conn.c:1661:21:bt_conn_get_dst	0	static
conn.c:1666:5:bt_conn_get_info	8	static
conn.c:1803:17:bt_conn_create_le	16	static
conn.c:1848:5:bt_le_set_auto_conn	16	static
conn.c:1752:5:bt_conn_disconnect	16	static
conn.c:1627:6:bt_conn_disconnect_all	8	static
conn.c:1904:5:bt_conn_le_conn_update	24	static
conn.c:1719:5:bt_conn_le_param_update	40	static
conn.c:191:13:le_conn_update	16	static
conn.c:1927:17:bt_conn_create_pdu	16	static
conn.c:1213:24:create_frag.isra.8	24	static
conn.c:1348:6:bt_conn_process_tx	40	static
conn.c:2075:6:bt_conn_get_id	0	static
conn.c:2080:17:bt_conn_lookup_id	8	static
conn.c:2097:5:bt_conn_init	8	static
