slist.h:395:20:sys_slist_remove	0	static
gatt.c:83:13:sc_ccc_cfg_changed	0	static
gatt.c:451:13:find_next	0	static
gatt.c:496:13:gatt_ccc_changed	8	static
gatt.c:649:13:gatt_indicate_rsp	4	static
gatt.c:1018:13:gatt_subscription_remove	16	static
gatt.c:1051:13:gatt_mtu_rsp	0	static
gatt.c:1772:13:gatt_write_rsp	0	static
gatt.c:1700:13:gatt_read_multiple_rsp	32	static
gatt.c:1943:13:gatt_write_ccc_rsp	8	static
gatt.c:335:13:get_service_handles	24	static
gatt.c:98:12:gatt_register	32	static
gatt.c:624:12:gatt_notify	40	static
gatt.c:657:12:gatt_send.constprop	32	static
gatt.c:1969:12:gatt_write_ccc.constprop	32	static
gatt.c:683:12:gatt_indicate	48	static
gatt.c:231:13:sc_indicate.constprop	8	static
gatt.c:893:13:connected_cb	24	static
gatt.c:155:13:sc_indicate_rsp	0	static
gatt.c:61:16:read_appearance	16	static
gatt.c:924:13:disconnected_cb	40	static
gatt.c:54:16:read_name	24	static
gatt.c:470:9:bt_gatt_attr_read_ccc	40	static
gatt.c:312:9:bt_gatt_attr_read_service	24	static
gatt.c:516:9:bt_gatt_attr_write_ccc	64	static
gatt.c:752:13:notify_cb	48	static
gatt.c:199:6:bt_gatt_init	8	static
gatt.c:253:5:bt_gatt_service_register	24	static
gatt.c:278:5:bt_gatt_service_unregister	8	static
gatt.c:292:9:bt_gatt_attr_read	8	static
gatt.c:427:6:bt_gatt_foreach_attr	32	static
gatt.c:351:9:bt_gatt_attr_read_included	32	static
gatt.c:850:5:bt_gatt_indicate.part.12	32	static
gatt.c:169:13:sc_process	16	static
gatt.c:460:22:bt_gatt_attr_next	16	static
gatt.c:390:9:bt_gatt_attr_read_chrc	72	static
gatt.c:584:9:bt_gatt_attr_read_cep	24	static
gatt.c:595:9:bt_gatt_attr_read_cud	24	static
gatt.c:605:9:bt_gatt_attr_read_cpf	16	static
gatt.c:817:5:bt_gatt_notify	56	static
gatt.c:850:5:bt_gatt_indicate	0	static
gatt.c:871:7:bt_gatt_get_mtu	0	static
gatt.c:1059:5:bt_gatt_exchange_mtu	16	static
gatt.c:1614:5:bt_gatt_discover	48	static
gatt.c:1088:13:gatt_discover_next	16	static
gatt.c:1116:13:gatt_find_type_rsp	72	static
gatt.c:1454:13:gatt_read_type_rsp	120	static
gatt.c:1216:13:read_included_uuid_cb	88	static
gatt.c:1508:13:gatt_find_info_rsp	96	static
gatt.c:1738:5:bt_gatt_read	24	static
gatt.c:1644:13:gatt_read_rsp	32	static
gatt.c:1782:5:bt_gatt_write_without_response	32	static
gatt.c:1899:5:bt_gatt_write	24	static
gatt.c:1842:13:gatt_prepare_write_rsp	16	static
gatt.c:1991:5:bt_gatt_subscribe	24	static
gatt.c:2041:5:bt_gatt_unsubscribe	48	static
gatt.c:987:6:bt_gatt_notification	32	static
gatt.c:2089:6:bt_gatt_cancel	0	static
gatt.c:2114:6:bt_gatt_connected	16	static
gatt.c:2123:6:bt_gatt_disconnected	32	static
