hci_core.c:578:13:hci_stack_dump	0	static
hci_core.c:4182:20:ver_str	56	static
hci.h:62:20:bt_addr_le_copy	0	static
atomic.h:206:28:atomic_or	4	static
atomic.h:248:28:atomic_and	4	static
hci_core.c:729:13:update_conn_param	0	static
hci_core.c:2931:13:hci_cmd_done	40	static
atomic.h:327:19:atomic_test_bit	0	static
hci_core.c:186:17:bt_hci_cmd_create	40	static
hci_core.c:243:5:bt_hci_cmd_send_sync	64	static
hci_core.c:428:12:set_le_scan_enable	16	static
hci_core.c:333:12:set_random_address	24	static
hci_core.c:412:12:le_set_private_addr	16	static
hci_core.c:303:12:set_advertise_enable	16	static
hci_core.c:4688:12:set_ad	32	static
hci_core.c:1063:7:bt_le_conn_params_valid	8	static
hci_core.c:1299:5:bt_unpair	16	static
hci_core.c:4083:5:bt_addr_le_create_nrpa	8	static
hci_core.c:4097:5:bt_addr_le_create_static	8	static
hci_core.c:4111:5:bt_set_static_addr	16	static
hci_core.c:4196:6:bt_dev_show_info	24	static
hci_core.c:4381:5:bt_send	24	static
hci_core.c:212:5:bt_hci_cmd_send	24	static
hci_core.c:2995:12:start_le_scan	24	static
hci_core.c:3065:5:bt_le_scan_update	16	static
hci_core.c:4499:12:bt_init	64	static
hci_core.c:4531:13:init_work	8	static
hci_core.c:708:12:hci_le_set_phy.isra.28	16	static
hci_core.c:673:12:hci_le_set_data_len.isra.29	32	static
hci_core.c:758:13:le_enh_conn_complete	64	static
hci_core.c:1085:12:le_conn_param_neg_reply	16	static
hci_core.c:3394:13:hci_tx_thread	56	static
hci_core.c:4394:5:bt_recv	112	static
hci_core.c:4424:5:bt_recv_prio	48	static
hci_core.c:4459:5:bt_hci_driver_register	32	static
hci_core.c:4578:5:bt_enable	40	static
hci_core.c:4634:5:bt_set_id_addr	8	static
hci_core.c:4653:7:bt_addr_le_is_bonded	0	static
hci_core.c:4721:5:bt_le_adv_start	40	static
hci_core.c:4842:5:bt_le_adv_stop	8	static
hci_core.c:4898:5:bt_le_scan_start	16	static
hci_core.c:4937:5:bt_le_scan_stop	8	static
hci_core.c:4949:17:bt_buf_get_rx	16	static
hci_core.c:4974:17:bt_buf_get_cmd_complete	24	static
hci_core.c:5191:7:bt_hci_get_cmd_opcode	8	static
hci_core.c:5196:5:bt_pub_key_gen	24	static
hci_core.c:5239:13:bt_pub_key_get	8	static
hci_core.c:5248:5:bt_dh_key_gen	24	static
hci_core.c:5291:5:bt_le_oob_get_local	8	static
