l2cap.c:1543:13:l2cap_disconnected	0	static
l2cap.c:1549:12:l2cap_accept	8	static
l2cap.c:351:24:l2cap_create_le_sig_pdu.isra.5	24	static
l2cap.c:1537:13:l2cap_connected	0	static
l2cap.c:91:6:bt_l2cap_le_fixed_chan_register	0	static
l2cap.c:145:6:bt_l2cap_chan_remove	8	static
l2cap.c:231:6:bt_l2cap_chan_del	8	static
l2cap.c:257:13:l2cap_rtx_timeout	16	static
l2cap.c:267:6:bt_l2cap_chan_add	8	static
l2cap.c:306:6:bt_l2cap_connected	40	static
l2cap.c:342:6:bt_l2cap_disconnected	8	static
l2cap.c:429:6:bt_l2cap_encrypt_change	16	static
l2cap.c:450:17:bt_l2cap_create_pdu	0	static
l2cap.c:455:6:bt_l2cap_send_cb	24	static
l2cap.c:1260:13:l2cap_recv	40	static
l2cap.c:550:23:bt_l2cap_le_lookup_tx_cid	0	static
l2cap.c:564:23:bt_l2cap_le_lookup_rx_cid	0	static
l2cap.c:1483:6:bt_l2cap_recv	16	static
l2cap.c:1517:5:bt_l2cap_update_conn_param	16	static
l2cap.c:1578:6:bt_l2cap_init	0	static
