radio_nrf5_ppi.h:29:20:hal_radio_enable_on_tick_ppi_config_and_enable	0	static
radio.c:370:13:sw_switch.isra.9	20	static
radio.c:25:6:isr_radio	0	static
radio.c:32:6:radio_isr_set	0	static
radio.c:54:6:radio_setup	0	static
radio.c:74:6:radio_reset	8	static
radio.c:94:6:radio_phy_set	0	static
radio.c:109:6:radio_tx_power_set	0	static
radio.c:115:6:radio_tx_power_max_set	0	static
radio.c:120:6:radio_freq_chan_set	0	static
radio.c:125:6:radio_whiten_iv_set	0	static
radio.c:134:6:radio_aa_set	0	static
radio.c:145:6:radio_pkt_configure	8	static
radio.c:219:6:radio_pkt_rx_set	0	static
radio.c:224:6:radio_pkt_tx_set	0	static
radio.c:229:7:radio_tx_ready_delay_get	0	static
radio.c:234:7:radio_tx_chain_delay_get	0	static
radio.c:239:7:radio_rx_ready_delay_get	0	static
radio.c:244:7:radio_rx_chain_delay_get	0	static
radio.c:249:6:radio_rx_enable	0	static
radio.c:257:6:radio_tx_enable	0	static
radio.c:265:6:radio_disable	0	static
radio.c:285:6:radio_status_reset	0	static
radio.c:297:7:radio_is_ready	0	static
radio.c:320:7:radio_is_done	0	static
radio.c:326:7:radio_has_disabled	0	static
radio.c:331:7:radio_is_idle	0	static
radio.c:336:6:radio_crc_configure	0	static
radio.c:347:7:radio_crc_is_valid	0	static
radio.c:357:7:radio_pkt_empty_get	0	static
radio.c:362:7:radio_pkt_scratch_get	0	static
radio.c:543:6:radio_switch_complete_and_rx	0	static
radio.c:556:6:radio_switch_complete_and_tx	0	static
radio.c:570:6:radio_switch_complete_and_disable	0	static
radio.c:584:6:radio_rssi_measure	0	static
radio.c:591:7:radio_rssi_get	0	static
radio.c:596:6:radio_rssi_status_reset	0	static
radio.c:601:7:radio_rssi_is_ready	0	static
radio.c:606:6:radio_filter_configure	12	static
radio.c:623:6:radio_filter_disable	0	static
radio.c:628:6:radio_filter_status_reset	0	static
radio.c:633:7:radio_filter_has_match	0	static
radio.c:638:7:radio_filter_match_get	0	static
radio.c:643:6:radio_bc_configure	0	static
radio.c:652:6:radio_bc_status_reset	0	static
radio.c:657:7:radio_bc_has_match	0	static
radio.c:662:6:radio_tmr_status_reset	0	static
radio.c:691:6:radio_tmr_tifs_set	0	static
radio.c:703:7:radio_tmr_start	24	static
radio.c:794:6:radio_tmr_start_us	0	static
radio.c:804:7:radio_tmr_start_now	8	static
radio.c:841:6:radio_tmr_stop	0	static
radio.c:860:6:radio_tmr_hcto_configure	0	static
radio.c:883:6:radio_tmr_aa_capture	0	static
radio.c:901:7:radio_tmr_aa_get	0	static
radio.c:908:6:radio_tmr_aa_save	0	static
radio.c:913:7:radio_tmr_aa_restore	0	static
radio.c:919:7:radio_tmr_ready_get	0	static
radio.c:924:6:radio_tmr_end_capture	0	static
radio.c:937:7:radio_tmr_end_get	0	static
radio.c:946:7:radio_tmr_tifs_base_get	0	static
radio.c:955:6:radio_tmr_sample	0	static
radio.c:981:7:radio_tmr_sample_get	0	static
radio.c:1083:7:radio_ccm_rx_pkt_set	16	static
radio.c:1163:7:radio_ccm_tx_pkt_set	8	static
radio.c:1199:7:radio_ccm_is_done	0	static
radio.c:1219:7:radio_ccm_mic_is_valid	0	static
radio.c:1226:6:radio_ar_configure	16	static
radio.c:1250:7:radio_ar_match_get	0	static
radio.c:1255:6:radio_ar_status_reset	0	static
radio.c:1263:7:radio_ar_has_match	0	static
