Archive member included to satisfy reference by file (symbol)

../libapp.a(main.c.obj)       (--whole-archive)
libzephyr.a(isr_tables.c.obj)
                              (--whole-archive)
libzephyr.a(mpu_regions.c.obj)
                              (--whole-archive)
libzephyr.a(power.c.obj)      (--whole-archive)
libzephyr.a(soc.c.obj)        (--whole-archive)
libzephyr.a(thread_entry.c.obj)
                              (--whole-archive)
libzephyr.a(crc16_sw.c.obj)   (--whole-archive)
libzephyr.a(crc8_sw.c.obj)    (--whole-archive)
libzephyr.a(mempool.c.obj)    (--whole-archive)
libzephyr.a(rb.c.obj)         (--whole-archive)
libzephyr.a(printk.c.obj)     (--whole-archive)
libzephyr.a(configs.c.obj)    (--whole-archive)
libzephyr.a(nrfx_glue.c.obj)  (--whole-archive)
libzephyr.a(sys_log.c.obj)    (--whole-archive)
libzephyr.a(rand32_entropy_device.c.obj)
                              (--whole-archive)
libzephyr.a(uart_console.c.obj)
                              (--whole-archive)
libzephyr.a(nrf5_power_clock.c.obj)
                              (--whole-archive)
libzephyr.a(sys_clock_init.c.obj)
                              (--whole-archive)
libzephyr.a(nrf_rtc_timer.c.obj)
                              (--whole-archive)
arch/arm/core/libarch__arm__core.a(exc_exit.S.obj)
                              (--whole-archive)
arch/arm/core/libarch__arm__core.a(irq_init.c.obj)
                              (--whole-archive)
arch/arm/core/libarch__arm__core.a(swap.c.obj)
                              (--whole-archive)
arch/arm/core/libarch__arm__core.a(swap_helper.S.obj)
                              (--whole-archive)
arch/arm/core/libarch__arm__core.a(fault.c.obj)
                              (--whole-archive)
arch/arm/core/libarch__arm__core.a(irq_manage.c.obj)
                              (--whole-archive)
arch/arm/core/libarch__arm__core.a(thread.c.obj)
                              (--whole-archive)
arch/arm/core/libarch__arm__core.a(cpu_idle.S.obj)
                              (--whole-archive)
arch/arm/core/libarch__arm__core.a(fault_s.S.obj)
                              (--whole-archive)
arch/arm/core/libarch__arm__core.a(fatal.c.obj)
                              (--whole-archive)
arch/arm/core/libarch__arm__core.a(sys_fatal_error_handler.c.obj)
                              (--whole-archive)
arch/arm/core/libarch__arm__core.a(thread_abort.c.obj)
                              (--whole-archive)
arch/arm/core/libarch__arm__core.a(isr_wrapper.S.obj)
                              (--whole-archive)
arch/arm/core/cortex_m/libarch__arm__core__cortex_m.a(vector_table.S.obj)
                              (--whole-archive)
arch/arm/core/cortex_m/libarch__arm__core__cortex_m.a(reset.S.obj)
                              (--whole-archive)
arch/arm/core/cortex_m/libarch__arm__core__cortex_m.a(nmi_on_reset.S.obj)
                              (--whole-archive)
arch/arm/core/cortex_m/libarch__arm__core__cortex_m.a(prep_c.c.obj)
                              (--whole-archive)
arch/arm/core/cortex_m/libarch__arm__core__cortex_m.a(scb.c.obj)
                              (--whole-archive)
arch/arm/core/cortex_m/libarch__arm__core__cortex_m.a(nmi.c.obj)
                              (--whole-archive)
arch/arm/core/cortex_m/libarch__arm__core__cortex_m.a(exc_manage.c.obj)
                              (--whole-archive)
arch/arm/core/cortex_m/mpu/libarch__arm__core__cortex_m__mpu.a(arm_core_mpu.c.obj)
                              (--whole-archive)
arch/arm/core/cortex_m/mpu/libarch__arm__core__cortex_m__mpu.a(arm_mpu.c.obj)
                              (--whole-archive)
lib/libc/minimal/liblib__libc__minimal.a(atoi.c.obj)
                              (--whole-archive)
lib/libc/minimal/liblib__libc__minimal.a(strtol.c.obj)
                              (--whole-archive)
lib/libc/minimal/liblib__libc__minimal.a(strtoul.c.obj)
                              (--whole-archive)
lib/libc/minimal/liblib__libc__minimal.a(strncasecmp.c.obj)
                              (--whole-archive)
lib/libc/minimal/liblib__libc__minimal.a(strstr.c.obj)
                              (--whole-archive)
lib/libc/minimal/liblib__libc__minimal.a(string.c.obj)
                              (--whole-archive)
lib/libc/minimal/liblib__libc__minimal.a(prf.c.obj)
                              (--whole-archive)
lib/libc/minimal/liblib__libc__minimal.a(stdout_console.c.obj)
                              (--whole-archive)
lib/libc/minimal/liblib__libc__minimal.a(sprintf.c.obj)
                              (--whole-archive)
lib/libc/minimal/liblib__libc__minimal.a(fprintf.c.obj)
                              (--whole-archive)
subsys/bluetooth/common/libsubsys__bluetooth__common.a(dummy.c.obj)
                              (--whole-archive)
subsys/bluetooth/common/libsubsys__bluetooth__common.a(log.c.obj)
                              (--whole-archive)
subsys/bluetooth/host/libsubsys__bluetooth__host.a(uuid.c.obj)
[...]
Memory Configuration

Name             Origin             Length             Attributes
FLASH            0x0000000000000000 0x0000000000080000 xr
SRAM             0x0000000020000000 0x0000000000010000 xw
IDT_LIST         0x0000000020010000 0x0000000000000800 xw
*default*        0x0000000000000000 0xffffffffffffffff

Linker script and memory map

LOAD CMakeFiles/kernel_elf.dir/misc/empty_file.c.obj
LOAD CMakeFiles/kernel_elf.dir/isr_tables.c.obj
START GROUP
LOAD ../libapp.a
LOAD libzephyr.a
LOAD arch/arm/core/libarch__arm__core.a
LOAD arch/arm/core/cortex_m/libarch__arm__core__cortex_m.a
LOAD arch/arm/core/cortex_m/mpu/libarch__arm__core__cortex_m__mpu.a
LOAD lib/libc/minimal/liblib__libc__minimal.a
LOAD subsys/bluetooth/common/libsubsys__bluetooth__common.a
LOAD subsys/bluetooth/host/libsubsys__bluetooth__host.a
LOAD subsys/bluetooth/controller/libsubsys__bluetooth__controller.a
LOAD subsys/net/libsubsys__net.a
LOAD drivers/gpio/libdrivers__gpio.a
LOAD drivers/serial/libdrivers__serial.a
LOAD drivers/entropy/libdrivers__entropy.a
LOAD kernel/libkernel.a
LOAD CMakeFiles/offsets.dir/arch/arm/core/offsets/offsets.c.obj
END GROUP
LOAD /opt/zephyr-sdk/sysroots/armv5-zephyr-eabi/usr/lib/arm-zephyr-eabi/6.2.0/armv7e-m/libgcc.a
                0x0000000000000000                _image_rom_start = 0x0

text            0x0000000000000000     0xca3e
                0x0000000000000000                . = 0x0
                0x0000000000000000                _vector_start = .
 *(.exc_vector_table)
 *(.exc_vector_table.*)
 .exc_vector_table._vector_table_section
                0x0000000000000000       0x40 arch/arm/core/cortex_m/libarch__arm__core__cortex_m.a(vector_table.S.obj)
                0x0000000000000000                _vector_table
 *(.gnu.linkonce.irq_vector_table)
 .gnu.linkonce.irq_vector_table
                0x0000000000000040       0x9c CMakeFiles/kernel_elf.dir/isr_tables.c.obj
                0x0000000000000040                _irq_vector_table
 *(.openocd_dbg)
 *(.openocd_dbg.*)
 *(.kinetis_flash_config)
 *(.kinetis_flash_config.*)
 *(.gnu.linkonce.sw_isr_table)
 .gnu.linkonce.sw_isr_table
                0x00000000000000dc      0x138 CMakeFiles/kernel_elf.dir/isr_tables.c.obj
                0x00000000000000dc                _sw_isr_table
                0x0000000000000214                _vector_end = .
                0x0000000000000214                _image_text_start = .
 *(.text)
 .text          0x0000000000000214       0x30 /opt/zephyr-sdk/sysroots/armv5-zephyr-eabi/usr/lib/arm-zephyr-eabi/6.2.0/armv7e-m/libgcc.a(_aeabi_uldivmod.o)
                0x0000000000000214                __aeabi_uldivmod
 .text          0x0000000000000244       0x28 /opt/zephyr-sdk/sysroots/armv5-zephyr-eabi/usr/lib/arm-zephyr-eabi/6.2.0/armv7e-m/libgcc.a(_popcountsi2.o)
                0x0000000000000244                __popcountsi2
 .text          0x000000000000026c      0x2dc /opt/zephyr-sdk/sysroots/armv5-zephyr-eabi/usr/lib/arm-zephyr-eabi/6.2.0/armv7e-m/libgcc.a(_udivmoddi4.o)
                0x000000000000026c                __udivmoddi4
 .text          0x0000000000000548        0x4 /opt/zephyr-sdk/sysroots/armv5-zephyr-eabi/usr/lib/arm-zephyr-eabi/6.2.0/armv7e-m/libgcc.a(_dvmd_tls.o)
                0x0000000000000548                __aeabi_ldiv0
                0x0000000000000548                __aeabi_idiv0
 *(.text.*)
 .text.scan_cb  0x000000000000054c       0x10 ../libapp.a(main.c.obj)
 .text.main     0x000000000000055c       0xa8 ../libapp.a(main.c.obj)
                0x000000000000055c                main
 .text.ftpan_36
                0x0000000000000604       0x40 libzephyr.a(soc.c.obj)
 .text.nordicsemi_nrf52_init
                0x0000000000000644      0x134 libzephyr.a(soc.c.obj)
 .text._thread_entry
                0x0000000000000778       0x14 libzephyr.a(thread_entry.c.obj)
                0x0000000000000778                _thread_entry
 .text.get_bit_ptr
                0x000000000000078c       0x28 libzephyr.a(mempool.c.obj)
 .text.set_free_bit
                0x00000000000007b4       0x1c libzephyr.a(mempool.c.obj)
 .text.clear_free_bit
                0x00000000000007d0       0x1e libzephyr.a(mempool.c.obj)
 .text._sys_mem_pool_base_init
                0x00000000000007ee       0x96 libzephyr.a(mempool.c.obj)
                0x00000000000007ee                _sys_mem_pool_base_init
 .text._sys_mem_pool_block_alloc
                0x0000000000000884      0x164 libzephyr.a(mempool.c.obj)
                0x0000000000000884                _sys_mem_pool_block_alloc
 .text._sys_mem_pool_block_free
                0x00000000000009e8      0x116 libzephyr.a(mempool.c.obj)
                0x00000000000009e8                _sys_mem_pool_block_free
 .text._nop_char_out
                0x0000000000000afe        0x4 libzephyr.a(printk.c.obj)
 *fill*         0x0000000000000b02        0x2 
 .text.char_out
                0x0000000000000b04       0x10 libzephyr.a(printk.c.obj)
 .text._printk_dec_ulong
                0x0000000000000b14       0xa0 libzephyr.a(printk.c.obj)
 .text.str_out  0x0000000000000bb4       0x2a libzephyr.a(printk.c.obj)
 *fill*         0x0000000000000bde        0x2 
 .text.__printk_hook_install
                0x0000000000000be0        0xc libzephyr.a(printk.c.obj)
                0x0000000000000be0                __printk_hook_install
 .text._vprintk
                0x0000000000000bec      0x25e libzephyr.a(printk.c.obj)
                0x0000000000000bec                _vprintk
 *fill*         0x0000000000000e4a        0x2 
 .text.vprintk  0x0000000000000e4c       0x20 libzephyr.a(printk.c.obj)
                0x0000000000000e4c                vprintk
 .text.printk   0x0000000000000e6c       0x1a libzephyr.a(printk.c.obj)
                0x0000000000000e6c                printk
 *fill*         0x0000000000000e86        0x2 
 .text.snprintk
                0x0000000000000e88       0x38 libzephyr.a(printk.c.obj)
                0x0000000000000e88                snprintk
 .text._ConfigAbsSyms
                0x0000000000000ec0        0x2 libzephyr.a(configs.c.obj)
                0x0000000000000ec0                _ConfigAbsSyms
 *fill*         0x0000000000000ec2        0x2 
 .text.sys_rand32_get
                0x0000000000000ec4       0x50 libzephyr.a(rand32_entropy_device.c.obj)
                0x0000000000000ec4                sys_rand32_get
 .text.console_out
                0x0000000000000f14       0x28 libzephyr.a(uart_console.c.obj)
 .text.uart_console_hook_install
                0x0000000000000f3c        0xc libzephyr.a(uart_console.c.obj)
                0x0000000000000f3c                uart_console_hook_install
 .text.uart_console_init
                0x0000000000000f48       0x1c libzephyr.a(uart_console.c.obj)
 .text._m16src_stop
                0x0000000000000f64       0x5c libzephyr.a(nrf5_power_clock.c.obj)
 .text._clock_control_init
                0x0000000000000fc0       0x16 libzephyr.a(nrf5_power_clock.c.obj)
 *fill*         0x0000000000000fd6        0x2 
 .text._m16src_start
                0x0000000000000fd8       0xb0 libzephyr.a(nrf5_power_clock.c.obj)
 .text._k32src_start
                0x0000000000001088       0xcc libzephyr.a(nrf5_power_clock.c.obj)
 .text._power_clock_isr
                0x0000000000001154       0x9c libzephyr.a(nrf5_power_clock.c.obj)
 .text.rtc_compare_set
                0x00000000000011f0       0x30 libzephyr.a(nrf_rtc_timer.c.obj)
 .text.rtc_announce_set_next
                0x0000000000001220       0x5c libzephyr.a(nrf_rtc_timer.c.obj)
 .text.rtc1_nrf5_isr
                0x000000000000127c       0x10 libzephyr.a(nrf_rtc_timer.c.obj)
                0x000000000000127c                rtc1_nrf5_isr
 .text._timer_idle_enter
                0x000000000000128c       0x3c libzephyr.a(nrf_rtc_timer.c.obj)
                0x000000000000128c                _timer_idle_enter
 .text._timer_idle_exit
                0x00000000000012c8       0x2c libzephyr.a(nrf_rtc_timer.c.obj)
                0x00000000000012c8                _timer_idle_exit
 .text._sys_clock_driver_init
                0x00000000000012f4       0x7c libzephyr.a(nrf_rtc_timer.c.obj)
                0x00000000000012f4                _sys_clock_driver_init
 .text._timer_cycle_get_32
                0x0000000000001370       0x38 libzephyr.a(nrf_rtc_timer.c.obj)
                0x0000000000001370                _timer_cycle_get_32
 .text._HandlerModeExit
                0x00000000000013a8       0x28 arch/arm/core/libarch__arm__core.a(exc_exit.S.obj)
                0x00000000000013a8                _ExcExit
                0x00000000000013a8                _IntExit
 .text._IntLibInit
                0x00000000000013d0       0x18 arch/arm/core/libarch__arm__core.a(irq_init.c.obj)
                0x00000000000013d0                _IntLibInit
 .text.__swap   0x00000000000013e8       0x30 arch/arm/core/libarch__arm__core.a(swap.c.obj)
                0x00000000000013e8                __swap
 .text.__pendsv
                0x0000000000001418       0x44 arch/arm/core/libarch__arm__core.a(swap_helper.S.obj)
                0x0000000000001418                __pendsv
 .text.__svc    0x000000000000145c       0x24 arch/arm/core/libarch__arm__core.a(swap_helper.S.obj)
                0x000000000000145c                __svc
 .text._FaultThreadShow.isra.2
                0x0000000000001480       0x1c arch/arm/core/libarch__arm__core.a(fault.c.obj)
 .text._MpuFault
                0x000000000000149c       0x90 arch/arm/core/libarch__arm__core.a(fault.c.obj)
 .text._UsageFault
                0x000000000000152c       0x90 arch/arm/core/libarch__arm__core.a(fault.c.obj)
 .text._BusFault
                0x00000000000015bc       0xa0 arch/arm/core/libarch__arm__core.a(fault.c.obj)
 .text._Fault   0x000000000000165c       0xcc arch/arm/core/libarch__arm__core.a(fault.c.obj)
                0x000000000000165c                _Fault
 .text._FaultInit
                0x0000000000001728       0x10 arch/arm/core/libarch__arm__core.a(fault.c.obj)
                0x0000000000001728                _FaultInit
 .text._arch_irq_enable
                0x0000000000001738       0x20 arch/arm/core/libarch__arm__core.a(irq_manage.c.obj)
                0x0000000000001738                _arch_irq_enable
 .text._arch_irq_disable
                0x0000000000001758       0x28 arch/arm/core/libarch__arm__core.a(irq_manage.c.obj)
                0x0000000000001758                _arch_irq_disable
 .text._arch_irq_is_enabled
                0x0000000000001780       0x1c arch/arm/core/libarch__arm__core.a(irq_manage.c.obj)
                0x0000000000001780                _arch_irq_is_enabled
 .text._irq_priority_set
                0x000000000000179c       0x30 arch/arm/core/libarch__arm__core.a(irq_manage.c.obj)
                0x000000000000179c                _irq_priority_set
 .text._irq_spurious
                0x00000000000017cc        0x4 arch/arm/core/libarch__arm__core.a(irq_manage.c.obj)
                0x00000000000017cc                _irq_spurious
 .text._arch_isr_direct_pm
                0x00000000000017d0       0x1c arch/arm/core/libarch__arm__core.a(irq_manage.c.obj)
                0x00000000000017d0                _arch_isr_direct_pm
 .text._new_thread
                0x00000000000017ec       0x50 arch/arm/core/libarch__arm__core.a(thread.c.obj)
                0x00000000000017ec                _new_thread
 .text._CpuIdleInit
                0x000000000000183c        0xc arch/arm/core/libarch__arm__core.a(cpu_idle.S.obj)
                0x000000000000183c                _CpuIdleInit
 .text.k_cpu_idle
                0x0000000000001848        0xc arch/arm/core/libarch__arm__core.a(cpu_idle.S.obj)
                0x0000000000001848                k_cpu_idle
 .text.__fault  0x0000000000001854       0x28 arch/arm/core/libarch__arm__core.a(fault_s.S.obj)
                0x0000000000001854                __usage_fault
                0x0000000000001854                __reserved
                0x0000000000001854                __bus_fault
                0x0000000000001854                __debug_monitor
                0x0000000000001854                __mpu_fault
                0x0000000000001854                __hard_fault
 .text._NanoFatalErrorHandler
                0x000000000000187c       0x58 arch/arm/core/libarch__arm__core.a(fatal.c.obj)
                0x000000000000187c                _NanoFatalErrorHandler
 .text._do_kernel_oops
                0x00000000000018d4        0x8 arch/arm/core/libarch__arm__core.a(fatal.c.obj)
                0x00000000000018d4                _do_kernel_oops
 .text._SysFatalErrorHandler
                0x00000000000018dc       0x58 arch/arm/core/libarch__arm__core.a(sys_fatal_error_handler.c.obj)
                0x00000000000018dc                _SysFatalErrorHandler
 .text._impl_k_thread_abort
                0x0000000000001934       0x4c arch/arm/core/libarch__arm__core.a(thread_abort.c.obj)
                0x0000000000001934                _impl_k_thread_abort
 .text._isr_wrapper
                0x0000000000001980       0x3c arch/arm/core/libarch__arm__core.a(isr_wrapper.S.obj)
                0x0000000000001980                _isr_wrapper
 .text._reset_section
                0x00000000000019bc       0x24 arch/arm/core/cortex_m/libarch__arm__core__cortex_m.a(reset.S.obj)
                0x00000000000019bc                __reset
                0x00000000000019bc                __start
 .text._SysNmiOnReset
                0x00000000000019e0        0x8 arch/arm/core/cortex_m/libarch__arm__core__cortex_m.a(nmi_on_reset.S.obj)
                0x00000000000019e0                _SysNmiOnReset
 .text._PrepC   0x00000000000019e8       0x28 arch/arm/core/cortex_m/libarch__arm__core__cortex_m.a(prep_c.c.obj)
                0x00000000000019e8                _PrepC
 .text.__nmi    0x0000000000001a10        0xe arch/arm/core/cortex_m/libarch__arm__core__cortex_m.a(nmi.c.obj)
                0x0000000000001a10                __nmi
 *fill*         0x0000000000001a1e        0x2 
 .text.arm_mpu_init
                0x0000000000001a20       0x54 arch/arm/core/cortex_m/mpu/libarch__arm__core__cortex_m__mpu.a(arm_mpu.c.obj)
 .text.strcpy   0x0000000000001a74       0x14 lib/libc/minimal/liblib__libc__minimal.a(string.c.obj)
                0x0000000000001a74                strcpy
 .text.strcmp   0x0000000000001a88       0x1a lib/libc/minimal/liblib__libc__minimal.a(string.c.obj)
                0x0000000000001a88                strcmp
 .text.memcmp   0x0000000000001aa2       0x2a lib/libc/minimal/liblib__libc__minimal.a(string.c.obj)
                0x0000000000001aa2                memcmp
 .text.memcpy   0x0000000000001acc       0x58 lib/libc/minimal/liblib__libc__minimal.a(string.c.obj)
                0x0000000000001acc                memcpy
 .text.memset   0x0000000000001b24       0x46 lib/libc/minimal/liblib__libc__minimal.a(string.c.obj)
                0x0000000000001b24                memset
 *fill*         0x0000000000001b6a        0x2 
 .text.bt_hex   0x0000000000001b6c       0x6c subsys/bluetooth/common/libsubsys__bluetooth__common.a(log.c.obj)
                0x0000000000001b6c                bt_hex
 .text.bt_addr_str
                0x0000000000001bd8       0x4c subsys/bluetooth/common/libsubsys__bluetooth__common.a(log.c.obj)
                0x0000000000001bd8                bt_addr_str
 .text.bt_addr_le_str
                0x0000000000001c24       0x98 subsys/bluetooth/common/libsubsys__bluetooth__common.a(log.c.obj)
                0x0000000000001c24                bt_addr_le_str
 .text.ver_str  0x0000000000001cbc       0x38 subsys/bluetooth/host/libsubsys__bluetooth__host.a(hci_core.c.obj)
 .text.atomic_or
                0x0000000000001cf4       0x22 subsys/bluetooth/host/libsubsys__bluetooth__host.a(hci_core.c.obj)
 .text.atomic_and
                0x0000000000001d16       0x22 subsys/bluetooth/host/libsubsys__bluetooth__host.a(hci_core.c.obj)
 .text.hci_cmd_done
                0x0000000000001d38       0xc4 subsys/bluetooth/host/libsubsys__bluetooth__host.a(hci_core.c.obj)
 .text.atomic_test_bit.constprop.24
                0x0000000000001dfc       0x24 subsys/bluetooth/host/libsubsys__bluetooth__host.a(hci_core.c.obj)
 .text.bt_hci_cmd_create
                0x0000000000001e20       0x60 subsys/bluetooth/host/libsubsys__bluetooth__host.a(hci_core.c.obj)
                0x0000000000001e20                bt_hci_cmd_create
 .text.bt_hci_cmd_send_sync
                0x0000000000001e80       0x7c subsys/bluetooth/host/libsubsys__bluetooth__host.a(hci_core.c.obj)
                0x0000000000001e80                bt_hci_cmd_send_sync
 .text.set_le_scan_enable
                0x0000000000001efc       0x68 subsys/bluetooth/host/libsubsys__bluetooth__host.a(hci_core.c.obj)
 .text.set_random_address
                0x0000000000001f64       0x5c subsys/bluetooth/host/libsubsys__bluetooth__host.a(hci_core.c.obj)
 .text.le_set_private_addr
                0x0000000000001fc0       0x24 subsys/bluetooth/host/libsubsys__bluetooth__host.a(hci_core.c.obj)
 .text.set_ad   0x0000000000001fe4       0x98 subsys/bluetooth/host/libsubsys__bluetooth__host.a(hci_core.c.obj)
 .text.bt_le_scan_update
                0x000000000000207c       0x22 subsys/bluetooth/host/libsubsys__bluetooth__host.a(hci_core.c.obj)
                0x000000000000207c                bt_le_scan_update
 .text.bt_addr_le_create_static
                0x000000000000209e       0x1c subsys/bluetooth/host/libsubsys__bluetooth__host.a(hci_core.c.obj)
                0x000000000000209e                bt_addr_le_create_static
 *fill*         0x00000000000020ba        0x2 
 .text.bt_set_static_addr
                0x00000000000020bc       0x60 subsys/bluetooth/host/libsubsys__bluetooth__host.a(hci_core.c.obj)
                0x00000000000020bc                bt_set_static_addr
 .text.bt_dev_show_info
                0x000000000000211c       0x9c subsys/bluetooth/host/libsubsys__bluetooth__host.a(hci_core.c.obj)
                0x000000000000211c                bt_dev_show_info
 .text.hci_init
                0x00000000000021b8      0x508 subsys/bluetooth/host/libsubsys__bluetooth__host.a(hci_core.c.obj)
 .text.init_work
                0x00000000000026c0       0x30 subsys/bluetooth/host/libsubsys__bluetooth__host.a(hci_core.c.obj)
 .text.bt_send  0x00000000000026f0       0x10 subsys/bluetooth/host/libsubsys__bluetooth__host.a(hci_core.c.obj)
                0x00000000000026f0                bt_send
 .text.bt_hci_cmd_send
                0x0000000000002700       0x70 subsys/bluetooth/host/libsubsys__bluetooth__host.a(hci_core.c.obj)
                0x0000000000002700                bt_hci_cmd_send
 .text.hci_tx_thread
                0x0000000000002770      0x158 subsys/bluetooth/host/libsubsys__bluetooth__host.a(hci_core.c.obj)
 .text.bt_recv  0x00000000000028c8      0x1fc subsys/bluetooth/host/libsubsys__bluetooth__host.a(hci_core.c.obj)
                0x00000000000028c8                bt_recv
 .text.bt_recv_prio
                0x0000000000002ac4       0xfc subsys/bluetooth/host/libsubsys__bluetooth__host.a(hci_core.c.obj)
                0x0000000000002ac4                bt_recv_prio
 .text.bt_hci_driver_register
                0x0000000000002bc0       0x28 subsys/bluetooth/host/libsubsys__bluetooth__host.a(hci_core.c.obj)
                0x0000000000002bc0                bt_hci_driver_register
 .text.bt_enable
                0x0000000000002be8       0xec subsys/bluetooth/host/libsubsys__bluetooth__host.a(hci_core.c.obj)
                0x0000000000002be8                bt_enable
 .text.bt_le_adv_start
                0x0000000000002cd4      0x16c subsys/bluetooth/host/libsubsys__bluetooth__host.a(hci_core.c.obj)
                0x0000000000002cd4                bt_le_adv_start
 .text.bt_le_adv_stop
                0x0000000000002e40       0x70 subsys/bluetooth/host/libsubsys__bluetooth__host.a(hci_core.c.obj)
                0x0000000000002e40                bt_le_adv_stop
 .text.bt_le_scan_start
                0x0000000000002eb0      0x134 subsys/bluetooth/host/libsubsys__bluetooth__host.a(hci_core.c.obj)
                0x0000000000002eb0                bt_le_scan_start
 .text.bt_buf_get_rx
                0x0000000000002fe4       0x20 subsys/bluetooth/host/libsubsys__bluetooth__host.a(hci_core.c.obj)
                0x0000000000002fe4                bt_buf_get_rx
 .text.bt_buf_get_cmd_complete
                0x0000000000003004       0x44 subsys/bluetooth/host/libsubsys__bluetooth__host.a(hci_core.c.obj)
                0x0000000000003004                bt_buf_get_cmd_complete
 .text.mem_init
                0x0000000000003048       0x4e subsys/bluetooth/controller/libsubsys__bluetooth__controller.a(mem.c.obj)
                0x0000000000003048                mem_init
 .text.mem_acquire
                0x0000000000003096       0x34 subsys/bluetooth/controller/libsubsys__bluetooth__controller.a(mem.c.obj)
                0x0000000000003096                mem_acquire
 .text.mem_release
                0x00000000000030ca       0x2a subsys/bluetooth/controller/libsubsys__bluetooth__controller.a(mem.c.obj)
                0x00000000000030ca                mem_release
 .text.mem_get  0x00000000000030f4        0x6 subsys/bluetooth/controller/libsubsys__bluetooth__controller.a(mem.c.obj)
                0x00000000000030f4                mem_get
 .text.mem_index_get
                0x00000000000030fa        0xa subsys/bluetooth/controller/libsubsys__bluetooth__controller.a(mem.c.obj)
                0x00000000000030fa                mem_index_get
 .text.mem_rcopy
                0x0000000000003104       0x1e subsys/bluetooth/controller/libsubsys__bluetooth__controller.a(mem.c.obj)
                0x0000000000003104                mem_rcopy
 .text.memq_init
                0x0000000000003122        0x6 subsys/bluetooth/controller/libsubsys__bluetooth__controller.a(memq.c.obj)
                0x0000000000003122                memq_init
 .text.memq_enqueue
                0x0000000000003128        0xe subsys/bluetooth/controller/libsubsys__bluetooth__controller.a(memq.c.obj)
                0x0000000000003128                memq_enqueue
 .text.memq_peek
                0x0000000000003136       0x10 subsys/bluetooth/controller/libsubsys__bluetooth__controller.a(memq.c.obj)
                0x0000000000003136                memq_peek
 .text.memq_dequeue
                0x0000000000003146       0x1e subsys/bluetooth/controller/libsubsys__bluetooth__controller.a(memq.c.obj)
                0x0000000000003146                memq_dequeue
 .text.mayfly_init
                0x0000000000003164       0x54 subsys/bluetooth/controller/libsubsys__bluetooth__controller.a(mayfly.c.obj)
                0x0000000000003164                mayfly_init
 .text.mayfly_enable
                0x00000000000031b8       0x50 subsys/bluetooth/controller/libsubsys__bluetooth__controller.a(mayfly.c.obj)
                0x00000000000031b8                mayfly_enable
 .text.mayfly_enqueue
                0x0000000000003208       0x9c subsys/bluetooth/controller/libsubsys__bluetooth__controller.a(mayfly.c.obj)
                0x0000000000003208                mayfly_enqueue
 .text.mayfly_run
                0x00000000000032a4      0x124 subsys/bluetooth/controller/libsubsys__bluetooth__controller.a(mayfly.c.obj)
                0x00000000000032a4                mayfly_run
 .text.util_ones_count_get
                0x00000000000033c8       0x22 subsys/bluetooth/controller/libsubsys__bluetooth__controller.a(util.c.obj)
                0x00000000000033c8                util_ones_count_get
 .text.ticker_dequeue
                0x00000000000033ea       0x58 subsys/bluetooth/controller/libsubsys__bluetooth__controller.a(ticker.c.obj)
 .text.ticks_to_expire_prep
                0x0000000000003442       0x3c subsys/bluetooth/controller/libsubsys__bluetooth__controller.a(ticker.c.obj)
 .text.ticker_job_op_cb
                0x000000000000347e       0x14 subsys/bluetooth/controller/libsubsys__bluetooth__controller.a(ticker.c.obj)
 .text.ticker_worker
                0x0000000000003492       0xae subsys/bluetooth/controller/libsubsys__bluetooth__controller.a(ticker.c.obj)
                0x0000000000003492                ticker_worker
 .text.ticker_job
                0x0000000000003540      0x7b0 subsys/bluetooth/controller/libsubsys__bluetooth__controller.a(ticker.c.obj)
                0x0000000000003540                ticker_job
 .text.ticker_init
                0x0000000000003cf0       0x70 subsys/bluetooth/controller/libsubsys__bluetooth__controller.a(ticker.c.obj)
                0x0000000000003cf0                ticker_init
 .text.ticker_trigger
                0x0000000000003d60       0x24 subsys/bluetooth/controller/libsubsys__bluetooth__controller.a(ticker.c.obj)
                0x0000000000003d60                ticker_trigger
 .text.ticker_start
                0x0000000000003d84       0xa0 subsys/bluetooth/controller/libsubsys__bluetooth__controller.a(ticker.c.obj)
                0x0000000000003d84                ticker_start
 .text.ticker_update
                0x0000000000003e24       0x9c subsys/bluetooth/controller/libsubsys__bluetooth__controller.a(ticker.c.obj)
                0x0000000000003e24                ticker_update
 .text.ticker_stop
                0x0000000000003ec0       0x78 subsys/bluetooth/controller/libsubsys__bluetooth__controller.a(ticker.c.obj)
                0x0000000000003ec0                ticker_stop
 .text.ticker_next_slot_get
                0x0000000000003f38       0x84 subsys/bluetooth/controller/libsubsys__bluetooth__controller.a(ticker.c.obj)
                0x0000000000003f38                ticker_next_slot_get
 .text.ticker_job_idle_get
                0x0000000000003fbc       0x78 subsys/bluetooth/controller/libsubsys__bluetooth__controller.a(ticker.c.obj)
                0x0000000000003fbc                ticker_job_idle_get
 .text.ticker_job_sched
                0x0000000000004034       0x2c subsys/bluetooth/controller/libsubsys__bluetooth__controller.a(ticker.c.obj)
                0x0000000000004034                ticker_job_sched
 .text.ticker_ticks_now_get
                0x0000000000004060        0x4 subsys/bluetooth/controller/libsubsys__bluetooth__controller.a(ticker.c.obj)
                0x0000000000004060                ticker_ticks_now_get
 .text.ticker_ticks_diff_get
                0x0000000000004064        0x8 subsys/bluetooth/controller/libsubsys__bluetooth__controller.a(ticker.c.obj)
                0x0000000000004064                ticker_ticks_diff_get
 .text.ll_addr_get
                0x000000000000406c       0x34 subsys/bluetooth/controller/libsubsys__bluetooth__controller.a(ll_addr.c.obj)
                0x000000000000406c                ll_addr_get
 .text.ll_addr_set
                0x00000000000040a0       0x38 subsys/bluetooth/controller/libsubsys__bluetooth__controller.a(ll_addr.c.obj)
                0x00000000000040a0                ll_addr_set
 .text.ll_tx_pwr_get
                0x00000000000040d8        0x8 subsys/bluetooth/controller/libsubsys__bluetooth__controller.a(ll_tx_pwr.c.obj)
                0x00000000000040d8                ll_tx_pwr_get
 .text.bt_rand  0x00000000000040e0       0x38 subsys/bluetooth/controller/libsubsys__bluetooth__controller.a(crypto.c.obj)
                0x00000000000040e0                bt_rand
 .text._hci_driver_init
                0x0000000000004118       0x10 subsys/bluetooth/controller/libsubsys__bluetooth__controller.a(hci_driver.c.obj)
 .text.recv_thread
                0x0000000000004128       0xa0 subsys/bluetooth/controller/libsubsys__bluetooth__controller.a(hci_driver.c.obj)
 .text.hci_driver_send
                0x00000000000041c8       0x78 subsys/bluetooth/controller/libsubsys__bluetooth__controller.a(hci_driver.c.obj)
 .text.prio_recv_thread
                0x0000000000004240       0x3c subsys/bluetooth/controller/libsubsys__bluetooth__controller.a(hci_driver.c.obj)
 .text.hci_driver_open
                0x000000000000427c       0x9c subsys/bluetooth/controller/libsubsys__bluetooth__controller.a(hci_driver.c.obj)
 .text.sys_put_le32
                0x0000000000004318       0x12 subsys/bluetooth/controller/libsubsys__bluetooth__controller.a(hci.c.obj)
 .text.evt_create
                0x000000000000432a       0x14 subsys/bluetooth/controller/libsubsys__bluetooth__controller.a(hci.c.obj)
 *fill*         0x000000000000433e        0x2 
 .text.cmd_complete
                0x0000000000004340       0x44 subsys/bluetooth/controller/libsubsys__bluetooth__controller.a(hci.c.obj)
 .text.meta_evt
                0x0000000000004384       0x2a subsys/bluetooth/controller/libsubsys__bluetooth__controller.a(hci.c.obj)
 *fill*         0x00000000000043ae        0x2 
 .text.le_remote_feat_complete
                0x00000000000043b0       0x5c subsys/bluetooth/controller/libsubsys__bluetooth__controller.a(hci.c.obj)
 .text.bt_addr_le_to_str.constprop.43
                0x000000000000440c       0x78 subsys/bluetooth/controller/libsubsys__bluetooth__controller.a(hci.c.obj)
 .text.le_adv_ext_report.isra.39
                0x0000000000004484       0xf4 subsys/bluetooth/controller/libsubsys__bluetooth__controller.a(hci.c.obj)
 .text.sys_get_le64
                0x0000000000004578        0x8 subsys/bluetooth/controller/libsubsys__bluetooth__controller.a(hci.c.obj)
 .text.hci_cmd_handle
                0x0000000000004580      0x66c subsys/bluetooth/controller/libsubsys__bluetooth__controller.a(hci.c.obj)
                0x0000000000004580                hci_cmd_handle
 .text.hci_evt_encode
                0x0000000000004bec      0x31c subsys/bluetooth/controller/libsubsys__bluetooth__controller.a(hci.c.obj)
                0x0000000000004bec                hci_evt_encode
 .text.hci_get_class
                0x0000000000004f08       0x40 subsys/bluetooth/controller/libsubsys__bluetooth__controller.a(hci.c.obj)
                0x0000000000004f08                hci_get_class
 .text.hci_init
                0x0000000000004f48       0x30 subsys/bluetooth/controller/libsubsys__bluetooth__controller.a(hci.c.obj)
                0x0000000000004f48                hci_init
 .text.cpu_sleep
                0x0000000000004f78        0x8 subsys/bluetooth/controller/libsubsys__bluetooth__controller.a(ctrl.c.obj)
 .text.pdu_len_cmp
                0x0000000000004f80       0x3c subsys/bluetooth/controller/libsubsys__bluetooth__controller.a(ctrl.c.obj)
 .text.ticker_if_done
                0x0000000000004fbc        0x4 subsys/bluetooth/controller/libsubsys__bluetooth__controller.a(ctrl.c.obj)
 .text.prepare_reduced
                0x0000000000004fc0        0xc subsys/bluetooth/controller/libsubsys__bluetooth__controller.a(ctrl.c.obj)
 .text.prepare_normal
                0x0000000000004fcc        0xc subsys/bluetooth/controller/libsubsys__bluetooth__controller.a(ctrl.c.obj)
 .text.chan_sel_remap
                0x0000000000004fd8       0x36 subsys/bluetooth/controller/libsubsys__bluetooth__controller.a(ctrl.c.obj)
 *fill*         0x000000000000500e        0x2 
 .text.packet_rx_reserve_get
                0x0000000000005010       0x38 subsys/bluetooth/controller/libsubsys__bluetooth__controller.a(ctrl.c.obj)
 .text.conn_update_req
                0x0000000000005048       0x68 subsys/bluetooth/controller/libsubsys__bluetooth__controller.a(ctrl.c.obj)
 .text.tx_cmplt_get
                0x00000000000050b0       0x94 subsys/bluetooth/controller/libsubsys__bluetooth__controller.a(ctrl.c.obj)
 .text.connection_get
                0x0000000000005144       0x2c subsys/bluetooth/controller/libsubsys__bluetooth__controller.a(ctrl.c.obj)
 .text.role_disable
                0x0000000000005170      0x2bc subsys/bluetooth/controller/libsubsys__bluetooth__controller.a(ctrl.c.obj)
 .text.mayfly_xtal_retain
                0x000000000000542c       0xa4 subsys/bluetooth/controller/libsubsys__bluetooth__controller.a(ctrl.c.obj)
 .text.sched_after_mstr_free_slot_get
                0x00000000000054d0      0x150 subsys/bluetooth/controller/libsubsys__bluetooth__controller.a(ctrl.c.obj)
 .text.isr_adv_ci_adva_check
                0x0000000000005620       0x48 subsys/bluetooth/controller/libsubsys__bluetooth__controller.a(ctrl.c.obj)
 .text.packet_rx_enqueue
                0x0000000000005668       0x98 subsys/bluetooth/controller/libsubsys__bluetooth__controller.a(ctrl.c.obj)
 .text.rx_fc_lock
                0x0000000000005700       0x34 subsys/bluetooth/controller/libsubsys__bluetooth__controller.a(ctrl.c.obj)
 .text.ticker_success_assert
                0x0000000000005734       0x3c subsys/bluetooth/controller/libsubsys__bluetooth__controller.a(ctrl.c.obj)
 .text.ticker_stop_adv_assert
                0x0000000000005770       0x68 subsys/bluetooth/controller/libsubsys__bluetooth__controller.a(ctrl.c.obj)
 .text.ticker_stop_scan_assert
                0x00000000000057d8       0x68 subsys/bluetooth/controller/libsubsys__bluetooth__controller.a(ctrl.c.obj)
 .text.ticker_update_adv_assert
                0x0000000000005840       0x48 subsys/bluetooth/controller/libsubsys__bluetooth__controller.a(ctrl.c.obj)
 .text.ticker_update_slave_assert
                0x0000000000005888       0x4c subsys/bluetooth/controller/libsubsys__bluetooth__controller.a(ctrl.c.obj)
 .text.ticker_job_disable
                0x00000000000058d4       0x18 subsys/bluetooth/controller/libsubsys__bluetooth__controller.a(ctrl.c.obj)
 .text.hdr_conn_get
                0x00000000000058ec       0x3c subsys/bluetooth/controller/libsubsys__bluetooth__controller.a(ctrl.c.obj)
 .text.event_stop.part.12
                0x0000000000005928       0x34 subsys/bluetooth/controller/libsubsys__bluetooth__controller.a(ctrl.c.obj)
 .text.event_stop
                0x000000000000595c       0x20 subsys/bluetooth/controller/libsubsys__bluetooth__controller.a(ctrl.c.obj)
 .text.event_active
                0x000000000000597c       0x4c subsys/bluetooth/controller/libsubsys__bluetooth__controller.a(ctrl.c.obj)
 .text.event_xtal
                0x00000000000059c8       0x4c subsys/bluetooth/controller/libsubsys__bluetooth__controller.a(ctrl.c.obj)
 .text.mayfly_radio_active
                0x0000000000005a14       0x64 subsys/bluetooth/controller/libsubsys__bluetooth__controller.a(ctrl.c.obj)
 .text.mayfly_radio_inactive
                0x0000000000005a78        0x6 subsys/bluetooth/controller/libsubsys__bluetooth__controller.a(ctrl.c.obj)
 *fill*         0x0000000000005a7e        0x2 
 .text.mayfly_radio_stop
                0x0000000000005a80       0x68 subsys/bluetooth/controller/libsubsys__bluetooth__controller.a(ctrl.c.obj)
 .text.rx_packet_set
                0x0000000000005ae8       0x42 subsys/bluetooth/controller/libsubsys__bluetooth__controller.a(ctrl.c.obj)
 *fill*         0x0000000000005b2a        0x2 
 .text.pdu_node_tx_release
                0x0000000000005b2c       0x78 subsys/bluetooth/controller/libsubsys__bluetooth__controller.a(ctrl.c.obj)
 .text.packet_tx_enqueue
                0x0000000000005ba4       0x9c subsys/bluetooth/controller/libsubsys__bluetooth__controller.a(ctrl.c.obj)
 .text.connection_release
                0x0000000000005c40      0x138 subsys/bluetooth/controller/libsubsys__bluetooth__controller.a(ctrl.c.obj)
 .text.tx_packet_set
                0x0000000000005d78       0x40 subsys/bluetooth/controller/libsubsys__bluetooth__controller.a(ctrl.c.obj)
 .text.chan_set
                0x0000000000005db8       0x70 subsys/bluetooth/controller/libsubsys__bluetooth__controller.a(ctrl.c.obj)
 .text.adv_setup
                0x0000000000005e28       0xb0 subsys/bluetooth/controller/libsubsys__bluetooth__controller.a(ctrl.c.obj)
 .text.sched_after_mstr_free_offset_get
                0x0000000000005ed8       0xa0 subsys/bluetooth/controller/libsubsys__bluetooth__controller.a(ctrl.c.obj)
 .text.mayfly_sched_win_offset_use
                0x0000000000005f78       0x2e subsys/bluetooth/controller/libsubsys__bluetooth__controller.a(ctrl.c.obj)
 *fill*         0x0000000000005fa6        0x2 
 .text.mayfly_sched_after_mstr_free_offset_get
                0x0000000000005fa8       0x1c subsys/bluetooth/controller/libsubsys__bluetooth__controller.a(ctrl.c.obj)
 .text.ticker_stop_adv_stop
                0x0000000000005fc4      0x18c subsys/bluetooth/controller/libsubsys__bluetooth__controller.a(ctrl.c.obj)
 .text.isr_scan_tgta_check.isra.29
                0x0000000000006150       0x60 subsys/bluetooth/controller/libsubsys__bluetooth__controller.a(ctrl.c.obj)
 .text.mayfly_adv_stop
                0x00000000000061b0       0x60 subsys/bluetooth/controller/libsubsys__bluetooth__controller.a(ctrl.c.obj)
 .text.terminate_ind_rx_enqueue
                0x0000000000006210       0x88 subsys/bluetooth/controller/libsubsys__bluetooth__controller.a(ctrl.c.obj)
 .text.isr_rx_scan_report.isra.35
                0x0000000000006298       0x90 subsys/bluetooth/controller/libsubsys__bluetooth__controller.a(ctrl.c.obj)
 .text.prepare_normal_set
                0x0000000000006328       0x74 subsys/bluetooth/controller/libsubsys__bluetooth__controller.a(ctrl.c.obj)
 *fill*         0x000000000000639c        0x4 
 .text.mayfly_xtal_stop_calc
                0x00000000000063a0      0x238 subsys/bluetooth/controller/libsubsys__bluetooth__controller.a(ctrl.c.obj)
 .text.preempt_calc
                0x00000000000065d8       0x3c subsys/bluetooth/controller/libsubsys__bluetooth__controller.a(ctrl.c.obj)
 .text.adv_scan_configure.constprop.45
                0x0000000000006614       0x54 subsys/bluetooth/controller/libsubsys__bluetooth__controller.a(ctrl.c.obj)
 .text.event_scan
                0x0000000000006668      0x190 subsys/bluetooth/controller/libsubsys__bluetooth__controller.a(ctrl.c.obj)
 .text.event_adv
                0x00000000000067f8      0x104 subsys/bluetooth/controller/libsubsys__bluetooth__controller.a(ctrl.c.obj)
 .text.event_stop.constprop.46
                0x00000000000068fc       0x1c subsys/bluetooth/controller/libsubsys__bluetooth__controller.a(ctrl.c.obj)
 .text.event_common_prepare
                0x0000000000006918      0x1ac subsys/bluetooth/controller/libsubsys__bluetooth__controller.a(ctrl.c.obj)
 .text.radio_event_adv_prepare
                0x0000000000006ac4       0x64 subsys/bluetooth/controller/libsubsys__bluetooth__controller.a(ctrl.c.obj)
                0x0000000000006ac4                radio_event_adv_prepare
 .text.event_scan_prepare
                0x0000000000006b28       0xbc subsys/bluetooth/controller/libsubsys__bluetooth__controller.a(ctrl.c.obj)
 .text.event_adv_stop
                0x0000000000006be4       0x5c subsys/bluetooth/controller/libsubsys__bluetooth__controller.a(ctrl.c.obj)
                0x0000000000006be4                event_adv_stop
 .text.packet_rx_allocate.constprop.47
                0x0000000000006c40       0x94 subsys/bluetooth/controller/libsubsys__bluetooth__controller.a(ctrl.c.obj)
 .text.common_init
                0x0000000000006cd4       0xfc subsys/bluetooth/controller/libsubsys__bluetooth__controller.a(ctrl.c.obj)
 .text.mayfly_xtal_start
                0x0000000000006dd0       0x10 subsys/bluetooth/controller/libsubsys__bluetooth__controller.a(ctrl.c.obj)
 .text.mayfly_xtal_stop
                0x0000000000006de0       0x10 subsys/bluetooth/controller/libsubsys__bluetooth__controller.a(ctrl.c.obj)
 .text.chan_sel_2
                0x0000000000006df0       0x88 subsys/bluetooth/controller/libsubsys__bluetooth__controller.a(ctrl.c.obj)
 .text.ctrl_tx_enqueue
                0x0000000000006e78       0x5c subsys/bluetooth/controller/libsubsys__bluetooth__controller.a(ctrl.c.obj)
 .text.ctrl_tx_sec_enqueue
                0x0000000000006ed4       0x32 subsys/bluetooth/controller/libsubsys__bluetooth__controller.a(ctrl.c.obj)
 *fill*         0x0000000000006f06        0x2 
 .text.feature_rsp_send
                0x0000000000006f08       0x8c subsys/bluetooth/controller/libsubsys__bluetooth__controller.a(ctrl.c.obj)
 *fill*         0x0000000000006f94        0x4 
 .text.event_connection_prepare
                0x0000000000006f98      0x724 subsys/bluetooth/controller/libsubsys__bluetooth__controller.a(ctrl.c.obj)
 .text.event_master_prepare
                0x00000000000076bc        0x4 subsys/bluetooth/controller/libsubsys__bluetooth__controller.a(ctrl.c.obj)
 .text.event_slave_prepare
                0x00000000000076c0        0x4 subsys/bluetooth/controller/libsubsys__bluetooth__controller.a(ctrl.c.obj)
 .text.connection_configure
                0x00000000000076c4       0x3c subsys/bluetooth/controller/libsubsys__bluetooth__controller.a(ctrl.c.obj)
 .text.event_slave
                0x0000000000007700      0x1c4 subsys/bluetooth/controller/libsubsys__bluetooth__controller.a(ctrl.c.obj)
 .text.prepare_pdu_data_tx
                0x00000000000078c4       0xca subsys/bluetooth/controller/libsubsys__bluetooth__controller.a(ctrl.c.obj)
 *fill*         0x000000000000798e        0x2 
 .text.isr      0x0000000000007990     0x16ec subsys/bluetooth/controller/libsubsys__bluetooth__controller.a(ctrl.c.obj)
 .text.event_master
                0x000000000000907c      0x180 subsys/bluetooth/controller/libsubsys__bluetooth__controller.a(ctrl.c.obj)
 .text.radio_init
                0x00000000000091fc       0xfc subsys/bluetooth/controller/libsubsys__bluetooth__controller.a(ctrl.c.obj)
                0x00000000000091fc                radio_init
 .text.ll_reset
                0x00000000000092f8       0xa0 subsys/bluetooth/controller/libsubsys__bluetooth__controller.a(ctrl.c.obj)
                0x00000000000092f8                ll_reset
 .text.radio_adv_data_get
                0x0000000000009398        0x8 subsys/bluetooth/controller/libsubsys__bluetooth__controller.a(ctrl.c.obj)
                0x0000000000009398                radio_adv_data_get
 .text.radio_scan_data_get
                0x00000000000093a0        0x8 subsys/bluetooth/controller/libsubsys__bluetooth__controller.a(ctrl.c.obj)
                0x00000000000093a0                radio_scan_data_get
 .text.ll_adv_is_enabled
                0x00000000000093a8       0x10 subsys/bluetooth/controller/libsubsys__bluetooth__controller.a(ctrl.c.obj)
                0x00000000000093a8                ll_adv_is_enabled
 .text.radio_adv_filter_pol_get
                0x00000000000093b8       0x18 subsys/bluetooth/controller/libsubsys__bluetooth__controller.a(ctrl.c.obj)
                0x00000000000093b8                radio_adv_filter_pol_get
 .text.ll_scan_is_enabled
                0x00000000000093d0       0x2c subsys/bluetooth/controller/libsubsys__bluetooth__controller.a(ctrl.c.obj)
                0x00000000000093d0                ll_scan_is_enabled
 .text.radio_scan_filter_pol_get
                0x00000000000093fc       0x1c subsys/bluetooth/controller/libsubsys__bluetooth__controller.a(ctrl.c.obj)
                0x00000000000093fc                radio_scan_filter_pol_get
 .text.ll_tx_pwr_lvl_get
                0x0000000000009418       0x14 subsys/bluetooth/controller/libsubsys__bluetooth__controller.a(ctrl.c.obj)
                0x0000000000009418                ll_tx_pwr_lvl_get
 .text.ll_rx_get
                0x000000000000942c       0x70 subsys/bluetooth/controller/libsubsys__bluetooth__controller.a(ctrl.c.obj)
                0x000000000000942c                ll_rx_get
 .text.ll_rx_mem_release
                0x000000000000949c       0x8c subsys/bluetooth/controller/libsubsys__bluetooth__controller.a(ctrl.c.obj)
                0x000000000000949c                ll_rx_mem_release
 .text.do_radio_rx_fc_set
                0x0000000000009528       0x5c subsys/bluetooth/controller/libsubsys__bluetooth__controller.a(ctrl.c.obj)
                0x0000000000009528                do_radio_rx_fc_set
 .text.radio_rx_fc_set
                0x0000000000009584       0x58 subsys/bluetooth/controller/libsubsys__bluetooth__controller.a(ctrl.c.obj)
                0x0000000000009584                radio_rx_fc_set
 .text.ll_adv_scan_state_cb
                0x00000000000095dc        0x2 subsys/bluetooth/controller/libsubsys__bluetooth__controller.a(ctrl.c.obj)
                0x00000000000095dc                ll_adv_scan_state_cb
 *fill*         0x00000000000095de        0x2 
 .text.radio_adv_enable
                0x00000000000095e0      0x2fc subsys/bluetooth/controller/libsubsys__bluetooth__controller.a(ctrl.c.obj)
                0x00000000000095e0                radio_adv_enable
 .text.radio_adv_disable
                0x00000000000098dc       0x5c subsys/bluetooth/controller/libsubsys__bluetooth__controller.a(ctrl.c.obj)
                0x00000000000098dc                radio_adv_disable
 .text.radio_scan_enable
                0x0000000000009938      0x1a4 subsys/bluetooth/controller/libsubsys__bluetooth__controller.a(ctrl.c.obj)
                0x0000000000009938                radio_scan_enable
 .text.radio_scan_disable
                0x0000000000009adc       0x5c subsys/bluetooth/controller/libsubsys__bluetooth__controller.a(ctrl.c.obj)
                0x0000000000009adc                radio_scan_disable
 .text.ll_rx_dequeue
                0x0000000000009b38      0x154 subsys/bluetooth/controller/libsubsys__bluetooth__controller.a(ctrl.c.obj)
                0x0000000000009b38                ll_rx_dequeue
 .text.rtc0_nrf5_isr
                0x0000000000009c8c       0x34 subsys/bluetooth/controller/libsubsys__bluetooth__controller.a(ll.c.obj)
 .text.swi4_nrf5_isr
                0x0000000000009cc0        0x6 subsys/bluetooth/controller/libsubsys__bluetooth__controller.a(ll.c.obj)
 .text.radio_nrf5_isr
                0x0000000000009cc6       0x1e subsys/bluetooth/controller/libsubsys__bluetooth__controller.a(ll.c.obj)
                0x0000000000009cc6                radio_nrf5_isr
 .text.radio_active_callback
                0x0000000000009ce4        0x2 subsys/bluetooth/controller/libsubsys__bluetooth__controller.a(ll.c.obj)
                0x0000000000009ce4                radio_active_callback
 *fill*         0x0000000000009ce6        0x2 
 .text.radio_event_callback
                0x0000000000009ce8        0xc subsys/bluetooth/controller/libsubsys__bluetooth__controller.a(ll.c.obj)
                0x0000000000009ce8                radio_event_callback
 .text.ll_init  0x0000000000009cf4      0x150 subsys/bluetooth/controller/libsubsys__bluetooth__controller.a(ll.c.obj)
                0x0000000000009cf4                ll_init
 .text.ll_adv_params_set
                0x0000000000009e44      0x208 subsys/bluetooth/controller/libsubsys__bluetooth__controller.a(ll_adv.c.obj)
                0x0000000000009e44                ll_adv_params_set
 .text.ll_adv_data_set
                0x000000000000a04c       0xb0 subsys/bluetooth/controller/libsubsys__bluetooth__controller.a(ll_adv.c.obj)
                0x000000000000a04c                ll_adv_data_set
 .text.ll_scan_data_set
                0x000000000000a0fc       0x8c subsys/bluetooth/controller/libsubsys__bluetooth__controller.a(ll_adv.c.obj)
                0x000000000000a0fc                ll_scan_data_set
 .text.ll_adv_enable
                0x000000000000a188       0xc0 subsys/bluetooth/controller/libsubsys__bluetooth__controller.a(ll_adv.c.obj)
                0x000000000000a188                ll_adv_enable
 .text.ll_scan_params_set
                0x000000000000a248       0x40 subsys/bluetooth/controller/libsubsys__bluetooth__controller.a(ll_scan.c.obj)
                0x000000000000a248                ll_scan_params_set
 .text.ll_scan_enable
                0x000000000000a288       0x54 subsys/bluetooth/controller/libsubsys__bluetooth__controller.a(ll_scan.c.obj)
                0x000000000000a288                ll_scan_enable
 .text.ctrl_filter_get
                0x000000000000a2dc       0x44 subsys/bluetooth/controller/libsubsys__bluetooth__controller.a(ll_filter.c.obj)
                0x000000000000a2dc                ctrl_filter_get
 .text.ll_wl_size_get
                0x000000000000a320        0x4 subsys/bluetooth/controller/libsubsys__bluetooth__controller.a(ll_filter.c.obj)
                0x000000000000a320                ll_wl_size_get
 .text.ll_wl_clear
                0x000000000000a324       0x2c subsys/bluetooth/controller/libsubsys__bluetooth__controller.a(ll_filter.c.obj)
                0x000000000000a324                ll_wl_clear
 .text.ll_wl_add
                0x000000000000a350       0x70 subsys/bluetooth/controller/libsubsys__bluetooth__controller.a(ll_filter.c.obj)
                0x000000000000a350                ll_wl_add
 .text.ll_wl_remove
                0x000000000000a3c0       0x8c subsys/bluetooth/controller/libsubsys__bluetooth__controller.a(ll_filter.c.obj)
                0x000000000000a3c0                ll_wl_remove
 .text.ll_filter_reset
                0x000000000000a44c       0x18 subsys/bluetooth/controller/libsubsys__bluetooth__controller.a(ll_filter.c.obj)
                0x000000000000a44c                ll_filter_reset
 .text.cntr_init
                0x000000000000a464       0x1c subsys/bluetooth/controller/libsubsys__bluetooth__controller.a(cntr.c.obj)
                0x000000000000a464                cntr_init
 .text.cntr_start
                0x000000000000a480       0x1c subsys/bluetooth/controller/libsubsys__bluetooth__controller.a(cntr.c.obj)
                0x000000000000a480                cntr_start
 .text.cntr_stop
                0x000000000000a49c       0x5c subsys/bluetooth/controller/libsubsys__bluetooth__controller.a(cntr.c.obj)
                0x000000000000a49c                cntr_stop
 .text.cntr_cnt_get
                0x000000000000a4f8        0xc subsys/bluetooth/controller/libsubsys__bluetooth__controller.a(cntr.c.obj)
                0x000000000000a4f8                cntr_cnt_get
 .text.cntr_cmp_set
                0x000000000000a504       0x10 subsys/bluetooth/controller/libsubsys__bluetooth__controller.a(cntr.c.obj)
                0x000000000000a504                cntr_cmp_set
 .text.do_ecb   0x000000000000a514       0x4c subsys/bluetooth/controller/libsubsys__bluetooth__controller.a(ecb.c.obj)
 .text.ecb_encrypt
                0x000000000000a560       0x42 subsys/bluetooth/controller/libsubsys__bluetooth__controller.a(ecb.c.obj)
                0x000000000000a560                ecb_encrypt
 *fill*         0x000000000000a5a2        0x2 
 .text.hal_radio_enable_on_tick_ppi_config_and_enable
                0x000000000000a5a4       0x30 subsys/bluetooth/controller/libsubsys__bluetooth__controller.a(radio.c.obj)
 .text.sw_switch.isra.9
                0x000000000000a5d4       0xc8 subsys/bluetooth/controller/libsubsys__bluetooth__controller.a(radio.c.obj)
 .text.isr_radio
                0x000000000000a69c       0x10 subsys/bluetooth/controller/libsubsys__bluetooth__controller.a(radio.c.obj)
                0x000000000000a69c                isr_radio
 .text.radio_isr_set
                0x000000000000a6ac       0x28 subsys/bluetooth/controller/libsubsys__bluetooth__controller.a(radio.c.obj)
                0x000000000000a6ac                radio_isr_set
 .text.radio_setup
                0x000000000000a6d4       0x44 subsys/bluetooth/controller/libsubsys__bluetooth__controller.a(radio.c.obj)
                0x000000000000a6d4                radio_setup
 .text.radio_reset
                0x000000000000a718       0x34 subsys/bluetooth/controller/libsubsys__bluetooth__controller.a(radio.c.obj)
                0x000000000000a718                radio_reset
 .text.radio_phy_set
                0x000000000000a74c       0x20 subsys/bluetooth/controller/libsubsys__bluetooth__controller.a(radio.c.obj)
                0x000000000000a74c                radio_phy_set
 .text.radio_tx_power_set
                0x000000000000a76c        0xc subsys/bluetooth/controller/libsubsys__bluetooth__controller.a(radio.c.obj)
                0x000000000000a76c                radio_tx_power_set
 .text.radio_freq_chan_set
                0x000000000000a778        0xc subsys/bluetooth/controller/libsubsys__bluetooth__controller.a(radio.c.obj)
                0x000000000000a778                radio_freq_chan_set
 .text.radio_whiten_iv_set
                0x000000000000a784       0x24 subsys/bluetooth/controller/libsubsys__bluetooth__controller.a(radio.c.obj)
                0x000000000000a784                radio_whiten_iv_set
 .text.radio_aa_set
                0x000000000000a7a8       0x30 subsys/bluetooth/controller/libsubsys__bluetooth__controller.a(radio.c.obj)
                0x000000000000a7a8                radio_aa_set
 .text.radio_pkt_configure
                0x000000000000a7d8       0x5c subsys/bluetooth/controller/libsubsys__bluetooth__controller.a(radio.c.obj)
                0x000000000000a7d8                radio_pkt_configure
 .text.radio_pkt_rx_set
                0x000000000000a834        0xc subsys/bluetooth/controller/libsubsys__bluetooth__controller.a(radio.c.obj)
                0x000000000000a834                radio_pkt_rx_set
 .text.radio_pkt_tx_set
                0x000000000000a840        0xc subsys/bluetooth/controller/libsubsys__bluetooth__controller.a(radio.c.obj)
                0x000000000000a840                radio_pkt_tx_set
 .text.radio_tx_ready_delay_get
                0x000000000000a84c        0xa subsys/bluetooth/controller/libsubsys__bluetooth__controller.a(radio.c.obj)
                0x000000000000a84c                radio_tx_ready_delay_get
 .text.radio_tx_chain_delay_get
                0x000000000000a856        0x4 subsys/bluetooth/controller/libsubsys__bluetooth__controller.a(radio.c.obj)
                0x000000000000a856                radio_tx_chain_delay_get
 .text.radio_rx_ready_delay_get
                0x000000000000a85a        0x4 subsys/bluetooth/controller/libsubsys__bluetooth__controller.a(radio.c.obj)
                0x000000000000a85a                radio_rx_ready_delay_get
 .text.radio_rx_chain_delay_get
                0x000000000000a85e        0xa subsys/bluetooth/controller/libsubsys__bluetooth__controller.a(radio.c.obj)
                0x000000000000a85e                radio_rx_chain_delay_get
 .text.radio_rx_enable
                0x000000000000a868        0xc subsys/bluetooth/controller/libsubsys__bluetooth__controller.a(radio.c.obj)
                0x000000000000a868                radio_rx_enable
 .text.radio_tx_enable
                0x000000000000a874        0xc subsys/bluetooth/controller/libsubsys__bluetooth__controller.a(radio.c.obj)
                0x000000000000a874                radio_tx_enable
 .text.radio_disable
                0x000000000000a880       0x24 subsys/bluetooth/controller/libsubsys__bluetooth__controller.a(radio.c.obj)
                0x000000000000a880                radio_disable
 .text.radio_status_reset
                0x000000000000a8a4       0x18 subsys/bluetooth/controller/libsubsys__bluetooth__controller.a(radio.c.obj)
                0x000000000000a8a4                radio_status_reset
 .text.radio_is_ready
                0x000000000000a8bc       0x14 subsys/bluetooth/controller/libsubsys__bluetooth__controller.a(radio.c.obj)
                0x000000000000a8bc                radio_is_ready
 .text.radio_is_done
                0x000000000000a8d0       0x14 subsys/bluetooth/controller/libsubsys__bluetooth__controller.a(radio.c.obj)
                0x000000000000a8d0                radio_is_done
 .text.radio_is_idle
                0x000000000000a8e4       0x14 subsys/bluetooth/controller/libsubsys__bluetooth__controller.a(radio.c.obj)
                0x000000000000a8e4                radio_is_idle
 .text.radio_crc_configure
                0x000000000000a8f8       0x18 subsys/bluetooth/controller/libsubsys__bluetooth__controller.a(radio.c.obj)
                0x000000000000a8f8                radio_crc_configure
 .text.radio_crc_is_valid
                0x000000000000a910       0x14 subsys/bluetooth/controller/libsubsys__bluetooth__controller.a(radio.c.obj)
                0x000000000000a910                radio_crc_is_valid
 .text.radio_pkt_empty_get
                0x000000000000a924        0x8 subsys/bluetooth/controller/libsubsys__bluetooth__controller.a(radio.c.obj)
                0x000000000000a924                radio_pkt_empty_get
 .text.radio_pkt_scratch_get
                0x000000000000a92c        0x8 subsys/bluetooth/controller/libsubsys__bluetooth__controller.a(radio.c.obj)
                0x000000000000a92c                radio_pkt_scratch_get
 .text.radio_switch_complete_and_rx
                0x000000000000a934       0x18 subsys/bluetooth/controller/libsubsys__bluetooth__controller.a(radio.c.obj)
                0x000000000000a934                radio_switch_complete_and_rx
 .text.radio_switch_complete_and_tx
                0x000000000000a94c       0x14 subsys/bluetooth/controller/libsubsys__bluetooth__controller.a(radio.c.obj)
                0x000000000000a94c                radio_switch_complete_and_tx
 .text.radio_switch_complete_and_disable
                0x000000000000a960       0x1c subsys/bluetooth/controller/libsubsys__bluetooth__controller.a(radio.c.obj)
                0x000000000000a960                radio_switch_complete_and_disable
 .text.radio_rssi_measure
                0x000000000000a97c       0x14 subsys/bluetooth/controller/libsubsys__bluetooth__controller.a(radio.c.obj)
                0x000000000000a97c                radio_rssi_measure
 .text.radio_rssi_get
                0x000000000000a990        0xc subsys/bluetooth/controller/libsubsys__bluetooth__controller.a(radio.c.obj)
                0x000000000000a990                radio_rssi_get
 .text.radio_rssi_status_reset
                0x000000000000a99c       0x10 subsys/bluetooth/controller/libsubsys__bluetooth__controller.a(radio.c.obj)
                0x000000000000a99c                radio_rssi_status_reset
 .text.radio_rssi_is_ready
                0x000000000000a9ac       0x14 subsys/bluetooth/controller/libsubsys__bluetooth__controller.a(radio.c.obj)
                0x000000000000a9ac                radio_rssi_is_ready
 .text.radio_filter_configure
                0x000000000000a9c0       0x34 subsys/bluetooth/controller/libsubsys__bluetooth__controller.a(radio.c.obj)
                0x000000000000a9c0                radio_filter_configure
 .text.radio_filter_disable
                0x000000000000a9f4       0x14 subsys/bluetooth/controller/libsubsys__bluetooth__controller.a(radio.c.obj)
                0x000000000000a9f4                radio_filter_disable
 .text.radio_filter_status_reset
                0x000000000000aa08       0x10 subsys/bluetooth/controller/libsubsys__bluetooth__controller.a(radio.c.obj)
                0x000000000000aa08                radio_filter_status_reset
 .text.radio_filter_has_match
                0x000000000000aa18       0x14 subsys/bluetooth/controller/libsubsys__bluetooth__controller.a(radio.c.obj)
                0x000000000000aa18                radio_filter_has_match
 .text.radio_filter_match_get
                0x000000000000aa2c        0xc subsys/bluetooth/controller/libsubsys__bluetooth__controller.a(radio.c.obj)
                0x000000000000aa2c                radio_filter_match_get
 .text.radio_tmr_status_reset
                0x000000000000aa38       0x1c subsys/bluetooth/controller/libsubsys__bluetooth__controller.a(radio.c.obj)
                0x000000000000aa38                radio_tmr_status_reset
 .text.radio_tmr_tifs_set
                0x000000000000aa54       0x18 subsys/bluetooth/controller/libsubsys__bluetooth__controller.a(radio.c.obj)
                0x000000000000aa54                radio_tmr_tifs_set
 .text.radio_tmr_start
                0x000000000000aa6c       0xe4 subsys/bluetooth/controller/libsubsys__bluetooth__controller.a(radio.c.obj)
                0x000000000000aa6c                radio_tmr_start
 .text.radio_tmr_stop
                0x000000000000ab50       0x18 subsys/bluetooth/controller/libsubsys__bluetooth__controller.a(radio.c.obj)
                0x000000000000ab50                radio_tmr_stop
 .text.radio_tmr_hcto_configure
                0x000000000000ab68       0x3c subsys/bluetooth/controller/libsubsys__bluetooth__controller.a(radio.c.obj)
                0x000000000000ab68                radio_tmr_hcto_configure
 .text.radio_tmr_aa_capture
                0x000000000000aba4       0x38 subsys/bluetooth/controller/libsubsys__bluetooth__controller.a(radio.c.obj)
                0x000000000000aba4                radio_tmr_aa_capture
 .text.radio_tmr_aa_get
                0x000000000000abdc        0xc subsys/bluetooth/controller/libsubsys__bluetooth__controller.a(radio.c.obj)
                0x000000000000abdc                radio_tmr_aa_get
 .text.radio_tmr_aa_save
                0x000000000000abe8        0xc subsys/bluetooth/controller/libsubsys__bluetooth__controller.a(radio.c.obj)
                0x000000000000abe8                radio_tmr_aa_save
 .text.radio_tmr_aa_restore
                0x000000000000abf4        0xc subsys/bluetooth/controller/libsubsys__bluetooth__controller.a(radio.c.obj)
                0x000000000000abf4                radio_tmr_aa_restore
 .text.radio_tmr_ready_get
                0x000000000000ac00        0xc subsys/bluetooth/controller/libsubsys__bluetooth__controller.a(radio.c.obj)
                0x000000000000ac00                radio_tmr_ready_get
 .text.radio_tmr_end_capture
                0x000000000000ac0c       0x24 subsys/bluetooth/controller/libsubsys__bluetooth__controller.a(radio.c.obj)
                0x000000000000ac0c                radio_tmr_end_capture
 .text.radio_tmr_end_get
                0x000000000000ac30        0xc subsys/bluetooth/controller/libsubsys__bluetooth__controller.a(radio.c.obj)
                0x000000000000ac30                radio_tmr_end_get
 .text.radio_tmr_tifs_base_get
                0x000000000000ac3c        0xc subsys/bluetooth/controller/libsubsys__bluetooth__controller.a(radio.c.obj)
                0x000000000000ac3c                radio_tmr_tifs_base_get
 .text.radio_ccm_rx_pkt_set
                0x000000000000ac48       0x78 subsys/bluetooth/controller/libsubsys__bluetooth__controller.a(radio.c.obj)
                0x000000000000ac48                radio_ccm_rx_pkt_set
 .text.radio_ccm_tx_pkt_set
                0x000000000000acc0       0x4c subsys/bluetooth/controller/libsubsys__bluetooth__controller.a(radio.c.obj)
                0x000000000000acc0                radio_ccm_tx_pkt_set
 .text.radio_ccm_is_done
                0x000000000000ad0c       0x3c subsys/bluetooth/controller/libsubsys__bluetooth__controller.a(radio.c.obj)
                0x000000000000ad0c                radio_ccm_is_done
 .text.radio_ccm_mic_is_valid
                0x000000000000ad48       0x14 subsys/bluetooth/controller/libsubsys__bluetooth__controller.a(radio.c.obj)
                0x000000000000ad48                radio_ccm_mic_is_valid
 .text.radio_ar_match_get
                0x000000000000ad5c        0xc subsys/bluetooth/controller/libsubsys__bluetooth__controller.a(radio.c.obj)
                0x000000000000ad5c                radio_ar_match_get
 .text.radio_ar_status_reset
                0x000000000000ad68       0x18 subsys/bluetooth/controller/libsubsys__bluetooth__controller.a(radio.c.obj)
                0x000000000000ad68                radio_ar_status_reset
 .text.radio_ar_has_match
                0x000000000000ad80       0x28 subsys/bluetooth/controller/libsubsys__bluetooth__controller.a(radio.c.obj)
                0x000000000000ad80                radio_ar_has_match
 .text.mayfly_enable_cb
                0x000000000000ada8       0x50 subsys/bluetooth/controller/libsubsys__bluetooth__controller.a(mayfly.c.obj)
                0x000000000000ada8                mayfly_enable_cb
 .text.mayfly_is_enabled
                0x000000000000adf8       0x4c subsys/bluetooth/controller/libsubsys__bluetooth__controller.a(mayfly.c.obj)
                0x000000000000adf8                mayfly_is_enabled
 .text.mayfly_prio_is_equal
                0x000000000000ae44       0x22 subsys/bluetooth/controller/libsubsys__bluetooth__controller.a(mayfly.c.obj)
                0x000000000000ae44                mayfly_prio_is_equal
 *fill*         0x000000000000ae66        0x2 
 .text.mayfly_pend
                0x000000000000ae68       0x54 subsys/bluetooth/controller/libsubsys__bluetooth__controller.a(mayfly.c.obj)
                0x000000000000ae68                mayfly_pend
 .text.hal_ticker_instance0_caller_id_get
                0x000000000000aebc       0x5c subsys/bluetooth/controller/libsubsys__bluetooth__controller.a(ticker.c.obj)
                0x000000000000aebc                hal_ticker_instance0_caller_id_get
 .text.hal_ticker_instance0_sched
                0x000000000000af18       0xa4 subsys/bluetooth/controller/libsubsys__bluetooth__controller.a(ticker.c.obj)
                0x000000000000af18                hal_ticker_instance0_sched
 .text.hal_ticker_instance0_trigger_set
                0x000000000000afbc        0x8 subsys/bluetooth/controller/libsubsys__bluetooth__controller.a(ticker.c.obj)
                0x000000000000afbc                hal_ticker_instance0_trigger_set
 .text.fixed_data_unref
                0x000000000000afc4        0x2 subsys/net/libsubsys__net.a(buf.c.obj)
 *fill*         0x000000000000afc6        0x2 
 .text.net_buf_pool_get
                0x000000000000afc8        0xc subsys/net/libsubsys__net.a(buf.c.obj)
                0x000000000000afc8                net_buf_pool_get
 .text.net_buf_id
                0x000000000000afd4       0x1c subsys/net/libsubsys__net.a(buf.c.obj)
                0x000000000000afd4                net_buf_id
 .text.fixed_data_alloc
                0x000000000000aff0       0x2c subsys/net/libsubsys__net.a(buf.c.obj)
 .text.net_buf_alloc_len
                0x000000000000b01c       0xd4 subsys/net/libsubsys__net.a(buf.c.obj)
                0x000000000000b01c                net_buf_alloc_len
 .text.net_buf_alloc_fixed
                0x000000000000b0f0        0xc subsys/net/libsubsys__net.a(buf.c.obj)
                0x000000000000b0f0                net_buf_alloc_fixed
 .text.net_buf_get
                0x000000000000b0fc       0x32 subsys/net/libsubsys__net.a(buf.c.obj)
                0x000000000000b0fc                net_buf_get
 .text.net_buf_simple_reserve
                0x000000000000b12e        0x8 subsys/net/libsubsys__net.a(buf.c.obj)
                0x000000000000b12e                net_buf_simple_reserve
 .text.net_buf_put
                0x000000000000b136       0x1a subsys/net/libsubsys__net.a(buf.c.obj)
                0x000000000000b136                net_buf_put
 .text.net_buf_unref
                0x000000000000b150       0x5c subsys/net/libsubsys__net.a(buf.c.obj)
                0x000000000000b150                net_buf_unref
 .text.net_buf_ref
                0x000000000000b1ac        0x8 subsys/net/libsubsys__net.a(buf.c.obj)
                0x000000000000b1ac                net_buf_ref
 .text.net_buf_simple_add
                0x000000000000b1b4        0xc subsys/net/libsubsys__net.a(buf.c.obj)
                0x000000000000b1b4                net_buf_simple_add
 .text.net_buf_simple_add_mem
                0x000000000000b1c0       0x12 subsys/net/libsubsys__net.a(buf.c.obj)
                0x000000000000b1c0                net_buf_simple_add_mem
 .text.net_buf_simple_add_u8
                0x000000000000b1d2       0x10 subsys/net/libsubsys__net.a(buf.c.obj)
                0x000000000000b1d2                net_buf_simple_add_u8
 .text.net_buf_simple_pull
                0x000000000000b1e2       0x10 subsys/net/libsubsys__net.a(buf.c.obj)
                0x000000000000b1e2                net_buf_simple_pull
 .text.net_buf_simple_pull_u8
                0x000000000000b1f2       0x10 subsys/net/libsubsys__net.a(buf.c.obj)
                0x000000000000b1f2                net_buf_simple_pull_u8
 .text.net_buf_simple_headroom
                0x000000000000b202        0x8 subsys/net/libsubsys__net.a(buf.c.obj)
                0x000000000000b202                net_buf_simple_headroom
 .text.gpio_nrf5_read
                0x000000000000b20a       0x20 drivers/gpio/libdrivers__gpio.a(gpio_nrf5.c.obj)
 .text.gpio_nrf5_write
                0x000000000000b22a       0x22 drivers/gpio/libdrivers__gpio.a(gpio_nrf5.c.obj)
 .text.gpio_nrf5_manage_callback
                0x000000000000b24c       0x42 drivers/gpio/libdrivers__gpio.a(gpio_nrf5.c.obj)
 *fill*         0x000000000000b28e        0x2 
 .text.gpiote_find_channel.isra.4
                0x000000000000b290       0x3c drivers/gpio/libdrivers__gpio.a(gpio_nrf5.c.obj)
 .text.gpio_nrf5_enable_callback
                0x000000000000b2cc       0x48 drivers/gpio/libdrivers__gpio.a(gpio_nrf5.c.obj)
 .text.gpio_nrf5_disable_callback
                0x000000000000b314       0x40 drivers/gpio/libdrivers__gpio.a(gpio_nrf5.c.obj)
 .text.gpio_nrf5_config
                0x000000000000b354      0x118 drivers/gpio/libdrivers__gpio.a(gpio_nrf5.c.obj)
 .text.gpio_nrf5_P0_init
                0x000000000000b46c       0x16 drivers/gpio/libdrivers__gpio.a(gpio_nrf5.c.obj)
 *fill*         0x000000000000b482        0x2 
 .text.gpio_nrf5_port_isr
                0x000000000000b484       0x58 drivers/gpio/libdrivers__gpio.a(gpio_nrf5.c.obj)
 .text.uart_nrfx_err_check
                0x000000000000b4dc       0x14 drivers/serial/libdrivers__serial.a(uart_nrfx_uart.c.obj)
 .text.uart_nrfx_poll_out
                0x000000000000b4f0       0x28 drivers/serial/libdrivers__serial.a(uart_nrfx_uart.c.obj)
 .text.uart_nrfx_poll_in
                0x000000000000b518       0x2c drivers/serial/libdrivers__serial.a(uart_nrfx_uart.c.obj)
 .text.uart_nrfx_init
                0x000000000000b544       0x80 drivers/serial/libdrivers__serial.a(uart_nrfx_uart.c.obj)
 .text.get      0x000000000000b5c4       0xc4 drivers/entropy/libdrivers__entropy.a(entropy_nrf5.c.obj)
 .text.isr      0x000000000000b688       0x48 drivers/entropy/libdrivers__entropy.a(entropy_nrf5.c.obj)
 .text.entropy_nrf5_get_entropy_isr
                0x000000000000b6d0       0x44 drivers/entropy/libdrivers__entropy.a(entropy_nrf5.c.obj)
 .text.entropy_nrf5_init
                0x000000000000b714       0x74 drivers/entropy/libdrivers__entropy.a(entropy_nrf5.c.obj)
 .text.isr_rand
                0x000000000000b788       0x50 drivers/entropy/libdrivers__entropy.a(entropy_nrf5.c.obj)
 .text.entropy_nrf5_get_entropy
                0x000000000000b7d8       0x54 drivers/entropy/libdrivers__entropy.a(entropy_nrf5.c.obj)
 .text.entropy_nrf_get_entropy_isr
                0x000000000000b82c       0x10 drivers/entropy/libdrivers__entropy.a(entropy_nrf5.c.obj)
                0x000000000000b82c                entropy_nrf_get_entropy_isr
 .text._sys_device_do_config_level
                0x000000000000b83c       0x28 kernel/libkernel.a(device.c.obj)
                0x000000000000b83c                _sys_device_do_config_level
 .text.device_get_binding
                0x000000000000b864       0x4c kernel/libkernel.a(device.c.obj)
                0x000000000000b864                device_get_binding
 .text._sys_power_save_idle_exit
                0x000000000000b8b0       0x18 kernel/libkernel.a(idle.c.obj)
                0x000000000000b8b0                _sys_power_save_idle_exit
 .text.idle     0x000000000000b8c8       0x48 kernel/libkernel.a(idle.c.obj)
                0x000000000000b8c8                idle
 .text._bss_zero
                0x000000000000b910       0x14 kernel/libkernel.a(init.c.obj)
                0x000000000000b910                _bss_zero
 .text._data_copy
                0x000000000000b924       0x18 kernel/libkernel.a(init.c.obj)
                0x000000000000b924                _data_copy
 .text.bg_thread_main
                0x000000000000b93c       0x30 kernel/libkernel.a(init.c.obj)
 .text._Cstart  0x000000000000b96c       0xfc kernel/libkernel.a(init.c.obj)
                0x000000000000b96c                _Cstart
 .text.init_static_pools
                0x000000000000ba68       0x28 kernel/libkernel.a(mempool.c.obj)
                0x000000000000ba68                init_static_pools
 .text.k_mem_pool_alloc
                0x000000000000ba90       0xb8 kernel/libkernel.a(mempool.c.obj)
                0x000000000000ba90                k_mem_pool_alloc
 .text.k_mem_pool_free_id
                0x000000000000bb48       0x60 kernel/libkernel.a(mempool.c.obj)
                0x000000000000bb48                k_mem_pool_free_id
 .text.k_mem_pool_malloc
                0x000000000000bba8       0x2a kernel/libkernel.a(mempool.c.obj)
                0x000000000000bba8                k_mem_pool_malloc
 .text.k_free   0x000000000000bbd2        0xa kernel/libkernel.a(mempool.c.obj)
                0x000000000000bbd2                k_free
 .text.z_thread_malloc
                0x000000000000bbdc       0x14 kernel/libkernel.a(mempool.c.obj)
                0x000000000000bbdc                z_thread_malloc
 .text.queue_insert
                0x000000000000bbf0       0x90 kernel/libkernel.a(queue.c.obj)
 .text.z_queue_node_peek
                0x000000000000bc80       0x18 kernel/libkernel.a(queue.c.obj)
                0x000000000000bc80                z_queue_node_peek
 .text._impl_k_queue_init
                0x000000000000bc98       0x10 kernel/libkernel.a(queue.c.obj)
                0x000000000000bc98                _impl_k_queue_init
 .text.k_queue_append
                0x000000000000bca8        0xa kernel/libkernel.a(queue.c.obj)
                0x000000000000bca8                k_queue_append
 .text.k_queue_prepend
                0x000000000000bcb2        0xa kernel/libkernel.a(queue.c.obj)
                0x000000000000bcb2                k_queue_prepend
 .text.k_queue_append_list
                0x000000000000bcbc       0x34 kernel/libkernel.a(queue.c.obj)
                0x000000000000bcbc                k_queue_append_list
 .text._impl_k_queue_get
                0x000000000000bcf0       0xbc kernel/libkernel.a(queue.c.obj)
                0x000000000000bcf0                _impl_k_queue_get
 .text.sys_dlist_remove
                0x000000000000bdac        0xc kernel/libkernel.a(sched.c.obj)
 .text._abort_timeout
                0x000000000000bdb8       0x30 kernel/libkernel.a(sched.c.obj)
 .text.k_spin_lock.isra.11
                0x000000000000bde8        0xe kernel/libkernel.a(sched.c.obj)
 *fill*         0x000000000000bdf6        0x2 
 .text.update_cache
                0x000000000000bdf8       0x40 kernel/libkernel.a(sched.c.obj)
 .text._is_t1_higher_prio_than_t2
                0x000000000000be38       0x12 kernel/libkernel.a(sched.c.obj)
                0x000000000000be38                _is_t1_higher_prio_than_t2
 *fill*         0x000000000000be4a        0x2 
 .text._remove_thread_from_ready_q
                0x000000000000be4c       0x38 kernel/libkernel.a(sched.c.obj)
                0x000000000000be4c                _remove_thread_from_ready_q
 .text._find_first_thread_to_unpend
                0x000000000000be84       0x18 kernel/libkernel.a(sched.c.obj)
                0x000000000000be84                _find_first_thread_to_unpend
 .text._unpend_thread_no_timeout
                0x000000000000be9c       0x1e kernel/libkernel.a(sched.c.obj)
                0x000000000000be9c                _unpend_thread_no_timeout
 .text._unpend_first_thread
                0x000000000000beba       0x1c kernel/libkernel.a(sched.c.obj)
                0x000000000000beba                _unpend_first_thread
 .text._unpend_thread
                0x000000000000bed6       0x14 kernel/libkernel.a(sched.c.obj)
                0x000000000000bed6                _unpend_thread
 *fill*         0x000000000000beea        0x2 
 .text._reschedule
                0x000000000000beec       0x3c kernel/libkernel.a(sched.c.obj)
                0x000000000000beec                _reschedule
 .text.k_sched_unlock
                0x000000000000bf28       0x34 kernel/libkernel.a(sched.c.obj)
                0x000000000000bf28                k_sched_unlock
 .text._priq_dumb_add
                0x000000000000bf5c       0x40 kernel/libkernel.a(sched.c.obj)
                0x000000000000bf5c                _priq_dumb_add
 .text._add_thread_to_ready_q
                0x000000000000bf9c       0x2c kernel/libkernel.a(sched.c.obj)
                0x000000000000bf9c                _add_thread_to_ready_q
 .text._ready_thread
                0x000000000000bfc8       0x12 kernel/libkernel.a(sched.c.obj)
 *fill*         0x000000000000bfda        0x2 
 .text._add_timeout
                0x000000000000bfdc       0x9c kernel/libkernel.a(sched.c.obj)
 .text._move_thread_to_end_of_prio_q
                0x000000000000c078       0x30 kernel/libkernel.a(sched.c.obj)
                0x000000000000c078                _move_thread_to_end_of_prio_q
 .text.pend     0x000000000000c0a8       0x4e kernel/libkernel.a(sched.c.obj)
 *fill*         0x000000000000c0f6        0x2 
 .text._pend_current_thread
                0x000000000000c0f8       0x24 kernel/libkernel.a(sched.c.obj)
                0x000000000000c0f8                _pend_current_thread
 .text._is_thread_time_slicing
                0x000000000000c11c       0x5c kernel/libkernel.a(sched.c.obj)
                0x000000000000c11c                _is_thread_time_slicing
 .text._update_time_slice_before_swap
                0x000000000000c178        0xc kernel/libkernel.a(sched.c.obj)
                0x000000000000c178                _update_time_slice_before_swap
 .text._unpend_all
                0x000000000000c184       0x20 kernel/libkernel.a(sched.c.obj)
                0x000000000000c184                _unpend_all
 .text._sched_init
                0x000000000000c1a4       0x10 kernel/libkernel.a(sched.c.obj)
                0x000000000000c1a4                _sched_init
 .text._impl_k_yield
                0x000000000000c1b4       0x60 kernel/libkernel.a(sched.c.obj)
                0x000000000000c1b4                _impl_k_yield
 .text._impl_k_sleep
                0x000000000000c214       0x50 kernel/libkernel.a(sched.c.obj)
                0x000000000000c214                _impl_k_sleep
 .text._impl_k_current_get
                0x000000000000c264        0xc kernel/libkernel.a(sched.c.obj)
                0x000000000000c264                _impl_k_current_get
 .text._impl_k_sem_init
                0x000000000000c270       0x12 kernel/libkernel.a(sem.c.obj)
                0x000000000000c270                _impl_k_sem_init
 .text._impl_k_sem_give
                0x000000000000c282       0x50 kernel/libkernel.a(sem.c.obj)
                0x000000000000c282                _impl_k_sem_give
 .text._impl_k_sem_take
                0x000000000000c2d2       0x38 kernel/libkernel.a(sem.c.obj)
                0x000000000000c2d2                _impl_k_sem_take
 *fill*         0x000000000000c30a        0x2 
 .text._impl_k_uptime_get_32
                0x000000000000c30c       0x14 kernel/libkernel.a(sys_clock.c.obj)
                0x000000000000c30c                _impl_k_uptime_get_32
 .text._tick_get
                0x000000000000c320       0x1c kernel/libkernel.a(sys_clock.c.obj)
                0x000000000000c320                sys_tick_get
                0x000000000000c320                _tick_get
 .text._nano_sys_clock_tick_announce
                0x000000000000c33c      0x1b0 kernel/libkernel.a(sys_clock.c.obj)
                0x000000000000c33c                _nano_sys_clock_tick_announce
 .text.k_sys_work_q_init
                0x000000000000c4ec       0x20 kernel/libkernel.a(system_work_q.c.obj)
 .text._abort_timeout
                0x000000000000c50c       0x34 kernel/libkernel.a(thread.c.obj)
 .text._ready_thread
                0x000000000000c540       0x12 kernel/libkernel.a(thread.c.obj)
 *fill*         0x000000000000c552        0x2 
 .text.schedule_new_thread.part.11
                0x000000000000c554       0x78 kernel/libkernel.a(thread.c.obj)
 .text.k_is_in_isr
                0x000000000000c5cc       0x20 kernel/libkernel.a(thread.c.obj)
                0x000000000000c5cc                k_is_in_isr
 .text._is_thread_essential
                0x000000000000c5ec       0x10 kernel/libkernel.a(thread.c.obj)
                0x000000000000c5ec                _is_thread_essential
 .text._impl_k_thread_start
                0x000000000000c5fc       0x2e kernel/libkernel.a(thread.c.obj)
                0x000000000000c5fc                _impl_k_thread_start
 *fill*         0x000000000000c62a        0x2 
 .text._setup_new_thread
                0x000000000000c62c       0x34 kernel/libkernel.a(thread.c.obj)
                0x000000000000c62c                _setup_new_thread
 .text._impl_k_thread_create
                0x000000000000c660       0x3c kernel/libkernel.a(thread.c.obj)
                0x000000000000c660                _impl_k_thread_create
 .text._k_thread_single_abort
                0x000000000000c69c       0x40 kernel/libkernel.a(thread.c.obj)
                0x000000000000c69c                _k_thread_single_abort
 .text._init_static_threads
                0x000000000000c6dc       0x94 kernel/libkernel.a(thread.c.obj)
                0x000000000000c6dc                _init_static_threads
 .text._init_thread_base
                0x000000000000c770       0x18 kernel/libkernel.a(thread.c.obj)
                0x000000000000c770                _init_thread_base
 .text.work_q_main
                0x000000000000c788       0x3e kernel/libkernel.a(work_q.c.obj)
 *fill*         0x000000000000c7c6        0x2 
 .text.k_work_q_start
                0x000000000000c7c8       0x34 kernel/libkernel.a(work_q.c.obj)
                0x000000000000c7c8                k_work_q_start
 .text.clear_event_registrations
                0x000000000000c7fc       0x44 kernel/libkernel.a(poll.c.obj)
 .text.signal_poll_event
                0x000000000000c840       0x58 kernel/libkernel.a(poll.c.obj)
 .text.add_event
                0x000000000000c898       0x5e kernel/libkernel.a(poll.c.obj)
 .text.k_poll_event_init
                0x000000000000c8f6       0x26 kernel/libkernel.a(poll.c.obj)
                0x000000000000c8f6                k_poll_event_init
 .text._impl_k_poll
                0x000000000000c91c      0x108 kernel/libkernel.a(poll.c.obj)
                0x000000000000c91c                _impl_k_poll
 .text._handle_obj_poll_events
                0x000000000000ca24       0x18 kernel/libkernel.a(poll.c.obj)
                0x000000000000ca24                _handle_obj_poll_events
 .text._OffsetAbsSyms
                0x000000000000ca3c        0x2 CMakeFiles/offsets.dir/arch/arm/core/offsets/offsets.c.obj
                0x000000000000ca3c                _OffsetAbsSyms
 *(.gnu.linkonce.t.*)
                0x000000000000ca3e                _image_text_end = .

.glue_7         0x000000000000ca40        0x0
 .glue_7        0x000000000000ca40        0x0 linker stubs

.glue_7t        0x000000000000ca40        0x0
 .glue_7t       0x000000000000ca40        0x0 linker stubs

.vfp11_veneer   0x000000000000ca40        0x0
 .vfp11_veneer  0x000000000000ca40        0x0 linker stubs

.v4_bx          0x000000000000ca40        0x0
 .v4_bx         0x000000000000ca40        0x0 linker stubs

.iplt           0x000000000000ca40        0x0
 .iplt          0x000000000000ca40        0x0 CMakeFiles/kernel_elf.dir/isr_tables.c.obj

.igot.plt       0x000000000000ca40        0x0
 .igot.plt      0x000000000000ca40        0x0 CMakeFiles/kernel_elf.dir/isr_tables.c.obj

.ARM.exidx      0x000000000000ca40        0x8
                0x000000000000ca40                __exidx_start = .
 *(.ARM.exidx* gnu.linkonce.armexidx.*)
 .ARM.exidx     0x000000000000ca40        0x8 /opt/zephyr-sdk/sysroots/armv5-zephyr-eabi/usr/lib/arm-zephyr-eabi/6.2.0/armv7e-m/libgcc.a(_udivmoddi4.o)
                0x000000000000ca48                __exidx_end = .
                0x000000000000ca48                _image_rodata_start = .

devconfig       0x000000000000ca48       0x90
                0x000000000000ca48                __devconfig_start = .
 *(.devconfig.*)
 .devconfig.init
                0x000000000000ca48        0xc libzephyr.a(soc.c.obj)
 .devconfig.init
                0x000000000000ca54        0xc libzephyr.a(uart_console.c.obj)
 .devconfig.init
                0x000000000000ca60       0x18 libzephyr.a(nrf5_power_clock.c.obj)
 .devconfig.init
                0x000000000000ca78        0xc libzephyr.a(sys_clock_init.c.obj)
 .devconfig.init
                0x000000000000ca84        0xc arch/arm/core/cortex_m/mpu/libarch__arm__core__cortex_m__mpu.a(arm_mpu.c.obj)
 .devconfig.init
                0x000000000000ca90        0xc subsys/bluetooth/controller/libsubsys__bluetooth__controller.a(hci_driver.c.obj)
 .devconfig.init
                0x000000000000ca9c        0xc drivers/gpio/libdrivers__gpio.a(gpio_nrf5.c.obj)
 .devconfig.init
                0x000000000000caa8        0xc drivers/serial/libdrivers__serial.a(uart_nrfx_uart.c.obj)
 .devconfig.init
                0x000000000000cab4        0xc drivers/entropy/libdrivers__entropy.a(entropy_nrf5.c.obj)
 .devconfig.init
                0x000000000000cac0        0xc kernel/libkernel.a(mempool.c.obj)
 .devconfig.init
                0x000000000000cacc        0xc kernel/libkernel.a(system_work_q.c.obj)
 *(SORT(.devconfig*))
                0x000000000000cad8                __devconfig_end = .

net_l2          0x000000000000cad8        0x0
                0x000000000000cad8                __net_l2_start = .
 *(.net_l2.init)
 *(SORT(.net_l2.init*))
                0x000000000000cad8                __net_l2_end = .

rodata          0x000000000000cad8     0x22fc
 *(.rodata)
 .rodata        0x000000000000cad8        0xc ../libapp.a(main.c.obj)
 .rodata        0x000000000000cae4       0x2f subsys/bluetooth/host/libsubsys__bluetooth__host.a(hci_core.c.obj)
 .rodata        0x000000000000cb13       0x1a subsys/bluetooth/controller/libsubsys__bluetooth__controller.a(ctrl.c.obj)
 *(.rodata.*)
 *fill*         0x000000000000cb2d        0x3 
 .rodata.ad     0x000000000000cb30        0x8 ../libapp.a(main.c.obj)
 .rodata.main.str1.1
                0x000000000000cb38       0xc7 ../libapp.a(main.c.obj)
 .rodata.str1.1
                0x000000000000cbff        0xf libzephyr.a(mpu_regions.c.obj)
 .rodata.str1.1
                0x000000000000cc0e        0xf libzephyr.a(soc.c.obj)
                                          0x1 (size before relaxing)
 .rodata.sys_rand32_get.str1.1
                0x000000000000cc0e        0xa libzephyr.a(rand32_entropy_device.c.obj)
 .rodata.str1.1
                0x000000000000cc18        0x1 libzephyr.a(uart_console.c.obj)
 .rodata.uart_console_init.str1.1
                0x000000000000cc18        0x7 libzephyr.a(uart_console.c.obj)
 *fill*         0x000000000000cc1f        0x1 
 .rodata._k32src_clock_control_api
                0x000000000000cc20        0xc libzephyr.a(nrf5_power_clock.c.obj)
 .rodata._m16src_clock_control_api
                0x000000000000cc2c        0xc libzephyr.a(nrf5_power_clock.c.obj)
 .rodata.str1.1
                0x000000000000cc38       0x16 libzephyr.a(nrf5_power_clock.c.obj)
 .rodata.str1.1
                0x000000000000cc4e        0xa libzephyr.a(sys_clock_init.c.obj)
 .rodata._sys_clock_driver_init.str1.1
                0x000000000000cc58        0xb libzephyr.a(nrf_rtc_timer.c.obj)
 .rodata._BusFault.str1.1
                0x000000000000cc58       0x66 arch/arm/core/libarch__arm__core.a(fault.c.obj)
 .rodata._Fault.str1.1
                0x000000000000ccbe       0xd3 arch/arm/core/libarch__arm__core.a(fault.c.obj)
 .rodata._FaultThreadShow.isra.2.str1.1
                0x000000000000cd91       0x4a arch/arm/core/libarch__arm__core.a(fault.c.obj)
 .rodata._MpuFault.str1.1
                0x000000000000cddb       0xb7 arch/arm/core/libarch__arm__core.a(fault.c.obj)
 .rodata._UsageFault.str1.1
                0x000000000000ce92       0xd4 arch/arm/core/libarch__arm__core.a(fault.c.obj)
 .rodata._NanoFatalErrorHandler.str1.1
                0x000000000000cf66       0xba arch/arm/core/libarch__arm__core.a(fatal.c.obj)
 .rodata._SysFatalErrorHandler.str1.1
                0x000000000000d020       0x5a arch/arm/core/libarch__arm__core.a(sys_fatal_error_handler.c.obj)
 .rodata.str1.1
                0x000000000000d07a        0x1 arch/arm/core/cortex_m/mpu/libarch__arm__core__cortex_m__mpu.a(arm_mpu.c.obj)
 .rodata.bt_addr_le_str.str1.1
                0x000000000000d07a       0x4c subsys/bluetooth/common/libsubsys__bluetooth__common.a(log.c.obj)
 .rodata.bt_addr_str.str1.1
                0x000000000000d0c6       0x1e subsys/bluetooth/common/libsubsys__bluetooth__common.a(log.c.obj)
 .rodata.hex.7890
                0x000000000000d0e4       0x11 subsys/bluetooth/common/libsubsys__bluetooth__common.a(log.c.obj)
 .rodata.__func__.10985
                0x000000000000d0f5       0x10 subsys/bluetooth/host/libsubsys__bluetooth__host.a(hci_core.c.obj)
 .rodata.__func__.11047
                0x000000000000d105        0xd subsys/bluetooth/host/libsubsys__bluetooth__host.a(hci_core.c.obj)
 .rodata.__func__.11094
                0x000000000000d112       0x12 subsys/bluetooth/host/libsubsys__bluetooth__host.a(hci_core.c.obj)
 .rodata.__func__.11104
                0x000000000000d124        0xa subsys/bluetooth/host/libsubsys__bluetooth__host.a(hci_core.c.obj)
 .rodata.__func__.11113
                0x000000000000d12e        0x9 subsys/bluetooth/host/libsubsys__bluetooth__host.a(hci_core.c.obj)
 .rodata.__func__.11118
                0x000000000000d137        0xf subsys/bluetooth/host/libsubsys__bluetooth__host.a(hci_core.c.obj)
 .rodata.__func__.11134
                0x000000000000d146        0xe subsys/bluetooth/host/libsubsys__bluetooth__host.a(hci_core.c.obj)
 .rodata.__func__.11186
                0x000000000000d154        0x8 subsys/bluetooth/host/libsubsys__bluetooth__host.a(hci_core.c.obj)
 .rodata.__func__.11215
                0x000000000000d15c       0x13 subsys/bluetooth/host/libsubsys__bluetooth__host.a(hci_core.c.obj)
 .rodata.__func__.11222
                0x000000000000d16f        0xe subsys/bluetooth/host/libsubsys__bluetooth__host.a(hci_core.c.obj)
 .rodata.__func__.11231
                0x000000000000d17d       0x11 subsys/bluetooth/host/libsubsys__bluetooth__host.a(hci_core.c.obj)
 .rodata.__func__.11256
                0x000000000000d18e        0xc subsys/bluetooth/host/libsubsys__bluetooth__host.a(hci_core.c.obj)
 .rodata.__func__.11261
                0x000000000000d19a        0x9 subsys/bluetooth/host/libsubsys__bluetooth__host.a(hci_core.c.obj)
 .rodata.__func__.11271
                0x000000000000d1a3        0x8 subsys/bluetooth/host/libsubsys__bluetooth__host.a(hci_core.c.obj)
 .rodata.__func__.11278
                0x000000000000d1ab        0xd subsys/bluetooth/host/libsubsys__bluetooth__host.a(hci_core.c.obj)
 .rodata.__func__.11299
                0x000000000000d1b8        0xa subsys/bluetooth/host/libsubsys__bluetooth__host.a(hci_core.c.obj)
 .rodata.bt_dev_show_info.str1.1
                0x000000000000d1c2       0xa9 subsys/bluetooth/host/libsubsys__bluetooth__host.a(hci_core.c.obj)
 .rodata.bt_enable.str1.1
                0x000000000000d26b       0x55 subsys/bluetooth/host/libsubsys__bluetooth__host.a(hci_core.c.obj)
 .rodata.bt_hci_cmd_send.str1.1
                0x000000000000d2c0       0x32 subsys/bluetooth/host/libsubsys__bluetooth__host.a(hci_core.c.obj)
 .rodata.bt_recv.str1.1
                0x000000000000d2f2       0xca subsys/bluetooth/host/libsubsys__bluetooth__host.a(hci_core.c.obj)
 .rodata.bt_recv_prio.str1.1
                0x000000000000d3bc       0xdf subsys/bluetooth/host/libsubsys__bluetooth__host.a(hci_core.c.obj)
 .rodata.bt_set_static_addr.str1.1
                0x000000000000d49b       0x48 subsys/bluetooth/host/libsubsys__bluetooth__host.a(hci_core.c.obj)
 .rodata.hci_cmd_done.str1.1
                0x000000000000d4e3       0x92 subsys/bluetooth/host/libsubsys__bluetooth__host.a(hci_core.c.obj)
                                         0x93 (size before relaxing)
 .rodata.hci_init.str1.1
                0x000000000000d575      0x275 subsys/bluetooth/host/libsubsys__bluetooth__host.a(hci_core.c.obj)
 .rodata.hci_tx_thread.str1.1
                0x000000000000d7ea       0xab subsys/bluetooth/host/libsubsys__bluetooth__host.a(hci_core.c.obj)
 *fill*         0x000000000000d895        0x3 
 .rodata.net_buf_fixed_alloc_hci_cmd_pool
                0x000000000000d898        0x8 subsys/bluetooth/host/libsubsys__bluetooth__host.a(hci_core.c.obj)
 .rodata.net_buf_fixed_alloc_hci_rx_pool
                0x000000000000d8a0        0x8 subsys/bluetooth/host/libsubsys__bluetooth__host.a(hci_core.c.obj)
 .rodata.net_buf_fixed_hci_cmd_pool
                0x000000000000d8a8        0x8 subsys/bluetooth/host/libsubsys__bluetooth__host.a(hci_core.c.obj)
 .rodata.net_buf_fixed_hci_rx_pool
                0x000000000000d8b0        0x8 subsys/bluetooth/host/libsubsys__bluetooth__host.a(hci_core.c.obj)
 .rodata.nordic_str.11240
                0x000000000000d8b8        0xc subsys/bluetooth/host/libsubsys__bluetooth__host.a(hci_core.c.obj)
 .rodata.plat_str.11235
                0x000000000000d8c4       0x10 subsys/bluetooth/host/libsubsys__bluetooth__host.a(hci_core.c.obj)
 .rodata.str1.1
                0x000000000000d8d4       0xd0 subsys/bluetooth/host/libsubsys__bluetooth__host.a(hci_core.c.obj)
 .rodata.var_str.11244
                0x000000000000d9a4       0x10 subsys/bluetooth/host/libsubsys__bluetooth__host.a(hci_core.c.obj)
 .rodata.ver_str.str1.1
                0x000000000000d9b4        0x8 subsys/bluetooth/host/libsubsys__bluetooth__host.a(hci_core.c.obj)
 .rodata.__func__.10416
                0x000000000000d9bc       0x1a subsys/bluetooth/controller/libsubsys__bluetooth__controller.a(ticker.c.obj)
 .rodata.ticker_job.str1.1
                0x000000000000d9d6       0x23 subsys/bluetooth/controller/libsubsys__bluetooth__controller.a(ticker.c.obj)
                                         0x2e (size before relaxing)
 .rodata.__func__.10944
                0x000000000000d9f9        0xc subsys/bluetooth/controller/libsubsys__bluetooth__controller.a(hci_driver.c.obj)
 .rodata.__func__.10970
                0x000000000000da05       0x10 subsys/bluetooth/controller/libsubsys__bluetooth__controller.a(hci_driver.c.obj)
 .rodata.__func__.10978
                0x000000000000da15       0x10 subsys/bluetooth/controller/libsubsys__bluetooth__controller.a(hci_driver.c.obj)
 *fill*         0x000000000000da25        0x3 
 .rodata.drv    0x000000000000da28       0x14 subsys/bluetooth/controller/libsubsys__bluetooth__controller.a(hci_driver.c.obj)
 .rodata.hci_driver_open.str1.1